******************************************************************************
                  TI ARM Linker PC v15.12.3                    
******************************************************************************
>> Linked Thu Dec 01 15:18:27 2016

OUTPUT FILE NAME:   <startproject_cc3200_ti-rtos.out>
ENTRY POINT SYMBOL: "_c_int00"  address: 2000c2e5


MEMORY CONFIGURATION

         name            origin    length      used     unused   attr    fill
----------------------  --------  ---------  --------  --------  ----  --------
  SRAM                  20004000   0003c000  0000f08f  0002cf71  RW X


SEGMENT ALLOCATION MAP

run origin  load origin   length   init length attrs members
----------  ----------- ---------- ----------- ----- -------
20004000    20004000    0000b2b0   0000b2b0    r-x
  20004000    20004000    0000030c   0000030c    r-- .resetVecs
  2000430c    2000430c    0000afa4   0000afa4    r-x .text
2000f400    2000f400    0000295f   00000000    rw-
  2000f400    2000f400    0000295f   00000000    rw- .bss
20011d60    20011d60    00000aa2   00000aa2    r--
  20011d60    20011d60    00000aa2   00000aa2    r-- .const
20012804    20012804    00000792   00000000    rw-
  20012804    20012804    00000400   00000000    rw- .stack
  20012c04    20012c04    00000392   00000000    rw- .data
20012f98    20012f98    0000024c   0000024c    r--
  20012f98    20012f98    0000024c   0000024c    r-- .cinit


SECTION ALLOCATION MAP

 output                                  attributes/
section   page    origin      length       input sections
--------  ----  ----------  ----------   ----------------
.text      0    2000430c    0000afa4     
                  2000430c    000004ac     sysbios.aem4 : BIOS.obj (.text:ti_sysbios_family_arm_m3_Hwi_excDumpRegs__I)
                  200047b8    0000034c     ti.targets.arm.rtsarm.aem4 : System.oem4 (.text:xdc_runtime_System_doPrint__I)
                  20004b04    00000324     ti.mw.fatfs.aem4 : ff.oem4 (.text:find_volume)
                  20004e28    00000324     rtsv7M4_T_le_eabi.lib : trgdrv.obj (.text)
                  2000514c    00000280     triggers.obj (.text)
                  200053cc    00000258     drivers_cc32xxware.aem4 : I2SCC3200DMA.oem4 (.text:I2SCC3200DMA_open)
                  20005624    00000248                             : I2SCC3200DMA.oem4 (.text:I2SCC3200DMA_hwiIntFxn)
                  2000586c    00000208                             : UARTCC3200.oem4 (.text:UARTCC3200_open)
                  20005a74    000001fc                             : SDSPICC3200.oem4 (.text:SDSPICC3200_diskInitialize)
                  20005c70    000001f4     rtsv7M4_T_le_eabi.lib : ull_div_t2.obj (.text)
                  20005e64    000001d4     sysbios.aem4 : BIOS.obj (.text:ti_sysbios_family_arm_m3_Hwi_excFillContext__I)
                  20006038    00000188     power_cc3200_tirtos.aem4 : PowerCC3200_tirtos.oem4 (.text:PowerCC3200_sleepPolicy)
                  200061c0    0000017c     drivers_cc32xxware.aem4 : GPIOCC3200.oem4 (.text:GPIO_setConfig)
                  2000633c    0000017c     sysbios.aem4 : BIOS.obj (.text:ti_sysbios_family_arm_m3_Hwi_excBusFault__I)
                  200064b8    00000174     drivers_cc32xxware.aem4 : I2SCC3200DMA.oem4 (.text:I2SCC3200DMA_configDMA)
                  2000662c    00000168     sysbios.aem4 : BIOS.obj (.text:ti_sysbios_family_arm_m3_Hwi_excUsageFault__I)
                  20006794    00000158                  : BIOS.obj (.text:ti_sysbios_heaps_HeapMem_alloc__E)
                  200068ec    00000154     drivers_cc32xxware.aem4 : SPICC3200DMA.oem4 (.text:SPICC3200DMA_transfer)
                  20006a40    00000154     sysbios.aem4 : BIOS.obj (.text:ti_sysbios_family_arm_m3_Hwi_excMemFault__I)
                  20006b94    0000014c                  : BIOS.obj (.text:ti_sysbios_knl_Task_Instance_init__E)
                  20006ce0    00000148                  : BIOS.obj (.text:ti_sysbios_knl_Semaphore_pend__E)
                  20006e28    00000144                  : BIOS.obj (.text:ti_sysbios_family_arm_m3_Hwi_excHandlerMax__I)
                  20006f6c    00000134     driverlib.a : prcm.obj (.text:PRCMCC3200MCUInit)
                  200070a0    00000124     drivers_cc32xxware.aem4 : SPICC3200DMA.oem4 (.text:SPICC3200DMA_open)
                  200071c4    00000118     ti.targets.arm.rtsarm.aem4 : Error.oem4 (.text:xdc_runtime_Error_policyDefault__E)
                  200072dc    00000114     sysbios.aem4 : BIOS.obj (.text:ti_sysbios_knl_Task_Instance_finalize__E)
                  200073f0    00000100                  : BIOS.obj (.text:ti_sysbios_knl_Mailbox_Instance_init__E)
                  200074f0    00000100     ti.targets.arm.rtsarm.aem4 : Core-mem.oem4 (.text:xdc_runtime_Core_createObject__I)
                  200075f0    000000f8                                : Startup.oem4 (.text:xdc_runtime_Startup_startMods__I)
                  200076e8    000000f8     startproject_pem4.oem4 (.text:xdc_runtime_System_printfExtend__I)
                  200077e0    000000f0     drivers_cc32xxware.aem4 : SDSPICC3200.oem4 (.text:SDSPICC3200_diskIOctrl)
                  200078d0    000000f0     driverlib.a : udma.obj (.text:uDMAChannelTransferSet)
                  200079c0    000000ee                 : i2s.obj (.text:I2SConfigSetExpClk)
                  20007aae    00000002     drivers_cc32xxware.aem4 : SPICC3200DMA.oem4 (.text:SPICC3200DMA_serviceISR)
                  20007ab0    000000ec     main.obj (.text)
                  20007b9c    000000e4     drivers_cc32xxware.aem4 : SDSPICC3200.oem4 (.text:SDSPICC3200_diskWrite)
                  20007c80    000000e0                             : PWMTimerCC3200.oem4 (.text:PWMTimerCC3200_open)
                  20007d60    000000dc     sysbios.aem4 : BIOS.obj (.text:ti_sysbios_family_arm_m3_Hwi_excHardFault__I)
                  20007e3c    000000d8     drivers_cc32xxware.aem4 : I2CCC3200.oem4 (.text:I2CCC3200_open)
                  20007f14    000000d8                             : SPICC3200DMA.oem4 (.text:configDMA)
                  20007fec    000000d4                             : SDSPICC3200.oem4 (.text:SDSPICC3200_open)
                  200080c0    000000d0     CC3200_LAUNCHXL.obj (.text)
                  20008190    000000d0     drivers_cc32xxware.aem4 : I2CCC3200.oem4 (.text:I2CCC3200_hwiFxn)
                  20008260    000000d0     pin_mux_config.obj (.text)
                  20008330    000000d0     drivers_cc32xxware.aem4 : GPIOCC3200.oem4 (.text:powerNotifyFxn)
                  20008400    000000d0     sysbios.aem4 : m3_Hwi_asm.obj (.text:ti_sysbios_family_arm_m3_Hwi_dispatch__I)
                  200084d0    000000d0                  : BIOS.obj (.text:ti_sysbios_heaps_HeapMem_free__E)
                  200085a0    000000cc     ti.targets.arm.rtsarm.aem4 : Core-smem.oem4 (.text:xdc_runtime_Core_constructObject__I)
                  2000866c    000000c8     sysbios.aem4 : BIOS.obj (.text:ti_sysbios_family_arm_m3_Hwi_Instance_init__E)
                  20008734    000000c6     drivers_cc32xxware.aem4 : SDSPICC3200.oem4 (.text:send_cmd)
                  200087fa    00000002                             : SPICC3200DMA.oem4 (.text:SPICC3200DMA_transferCancel)
                  200087fc    000000c4     sysbios.aem4 : BIOS.obj (.text:ti_sysbios_family_arm_m3_Hwi_excDebugMon__I)
                  200088c0    000000bc     drivers_cc32xxware.aem4 : SDSPICC3200.oem4 (.text:SDSPICC3200_diskRead)
                  2000897c    000000b8                             : PWMTimerCC3200.oem4 (.text:PWMTimerCC3200_setDuty)
                  20008a34    000000b8     sysbios.aem4 : BIOS.obj (.text:ti_sysbios_knl_Clock_workFunc__E)
                  20008aec    000000b4                  : BIOS.obj (.text:ti_sysbios_family_arm_m3_Hwi_initNVIC__E)
                  20008ba0    000000ac                  : BIOS.obj (.text:ti_sysbios_knl_Task_postInit__I)
                  20008c4c    000000a4     drivers_cc32xxware.aem4 : I2CCC3200.oem4 (.text:I2CCC3200_transfer)
                  20008cf0    000000a4                             : SDSPICC3200.oem4 (.text:rcvr_datablock)
                  20008d94    000000a2                             : UARTCC3200.oem4 (.text:UARTCC3200_write)
                  20008e36    00000002                             : WatchdogCC3200.oem4 (.text:WatchdogCC3200_close)
                  20008e38    000000a0     driverlib.a : spi.obj (.text:SPIConfigSetExpClk)
                  20008ed8    000000a0     auto_init.aem4 : auto_init.oem4 (.text)
                  20008f78    000000a0     ti.targets.arm.rtsarm.aem4 : Text.oem4 (.text:xdc_runtime_Text_putMod__E)
                  20009018    0000009e     drivers_cc32xxware.aem4 : UARTCC3200.oem4 (.text:readTaskBlocking)
                  200090b6    0000009c     rtsv7M4_T_le_eabi.lib : memcpy_t2.obj (.text)
                  20009152    00000002                           : i_div0.obj (.text)
                  20009154    0000009a     ti.targets.arm.rtsarm.aem4 : Text.oem4 (.text:xdc_runtime_Text_putSite__E)
                  200091ee    0000009a     drivers_cc32xxware.aem4 : SDSPICC3200.oem4 (.text:xmit_datablock)
                  20009288    00000098                             : UARTCC3200.oem4 (.text:UARTCC3200_control)
                  20009320    00000098                             : UARTCC3200.oem4 (.text:UARTCC3200_readPolling)
                  200093b8    00000094     driverlib.a : prcm.obj (.text:PRCMPeripheralClockGet)
                  2000944c    00000094     drivers_cc32xxware.aem4 : SPICC3200DMA.oem4 (.text:initHw)
                  200094e0    00000090                             : PowerCC3200.oem4 (.text:restoreNVICRegs)
                  20009570    00000090     sysbios.aem4 : BIOS.obj (.text:ti_sysbios_heaps_HeapMem_Instance_init__E)
                  20009600    00000090                  : BIOS.obj (.text:ti_sysbios_knl_Mailbox_Instance_finalize__E)
                  20009690    00000090                  : BIOS.obj (.text:ti_sysbios_knl_Swi_run__I)
                  20009720    0000008a     drivers_cc32xxware.aem4 : UARTCC3200.oem4 (.text:readIsrTextBlocking)
                  200097aa    00000002     startproject_pem4.oem4 (.text:ti_sysbios_BIOS_nullFunc__I)
                  200097ac    00000088     driverlib.a : pin.obj (.text:PinConfigSet)
                  20009834    00000088     drivers_cc32xxware.aem4 : UARTCC3200.oem4 (.text:UARTCC3200_close)
                  200098bc    00000088                             : SPICC3200DMA.oem4 (.text:spiHwiFxn)
                  20009944    00000084                             : GPIOCC3200.oem4 (.text:GPIO_init)
                  200099c8    00000084     driverlib.a : i2c.obj (.text:I2CMasterInitExpClk)
                  20009a4c    00000084                 : i2s.obj (.text:I2SEnable)
                  20009ad0    00000084     drivers_cc32xxware.aem4 : WatchdogCC3200.oem4 (.text:WatchdogCC3200_open)
                  20009b54    00000084                             : PowerCC3200.oem4 (.text:saveNVICRegs)
                  20009bd8    00000084     sysbios.aem4 : BIOS.obj (.text:ti_sysbios_family_arm_m3_Hwi_dispatchC__I)
                  20009c5c    00000084                  : BIOS.obj (.text:ti_sysbios_family_arm_m3_Hwi_postInit__I)
                  20009ce0    00000082     driverlib.a : gpio.obj (.text:GPIOIntTypeSet)
                  20009d62    00000082     drivers_cc32xxware.aem4 : UARTCC3200.oem4 (.text:readIsrTextCallback)
                  20009de4    00000080     drivers_wifi_cc32xxware.aem4 : WiFiCC3200.oem4 (.text:WiFiCC3200_open)
                  20009e64    00000080     sysbios.aem4 : BIOS.obj (.text:ti_sysbios_knl_Semaphore_post__E)
                  20009ee4    00000080                  : BIOS.obj (.text:ti_sysbios_knl_Task_Module_startup__E)
                  20009f64    00000080                  : BIOS.obj (.text:ti_sysbios_knl_Task_startCore__E)
                  20009fe4    0000007e                  : BIOS.obj (.text:ti_sysbios_knl_Mailbox_pend__E)
                  2000a062    00000002                  : BIOS.obj (.text:ti_sysbios_knl_Clock_logTick__E)
                  2000a064    0000007c     driverlib.a : spi.obj (.text:SPIIntStatus)
                  2000a0e0    0000007c     ti.mw.fatfs.aem4 : ff.oem4 (.text:f_mount)
                  2000a15c    0000007a     drivers_cc32xxware.aem4 : UARTCC3200.oem4 (.text:readTaskCallback)
                  2000a1d6    0000007a     rtsv7M4_T_le_eabi.lib : memset_t2.obj (.text)
                  2000a250    0000007a     sysbios.aem4 : BIOS.obj (.text:ti_sysbios_knl_Task_exit__E)
                  2000a2ca    00000002     startproject_pem4.oem4 (.text:xdc_runtime_Startup_reset__I)
                  2000a2cc    00000078     drivers_wifi_cc32xxware.aem4 : osi_tirtos.oem4 (.text:VStartSimpleLinkSpawnTask)
                  2000a344    00000076     driverlib.a : uart.obj (.text:UARTConfigSetExpClk)
                  2000a3ba    00000002     --HOLE-- [fill = 0]
                  2000a3bc    00000074     ti.mw.fatfs.aem4 : ff.oem4 (.text:check_fs)
                  2000a430    00000074     sysbios.aem4 : BIOS.obj (.text:ti_sysbios_family_arm_m3_Hwi_getStackInfo__E)
                  2000a4a4    00000070     GPIOtrigger.obj (.text)
                  2000a514    00000070     drivers_cc32xxware.aem4 : PWMTimerCC3200.oem4 (.text:PWMTimerCC3200_control)
                  2000a584    00000070                             : PowerCC3200.oem4 (.text:Power_sleep)
                  2000a5f4    00000070     sysbios.aem4 : BIOS.obj (.text:ti_sysbios_family_arm_m3_Hwi_disableInterrupt__E)
                  2000a664    00000070                  : BIOS.obj (.text:ti_sysbios_heaps_HeapMem_getStats__E)
                  2000a6d4    00000070                  : BIOS.obj (.text:ti_sysbios_knl_Mailbox_Module_startup__E)
                  2000a744    00000070                  : BIOS.obj (.text:ti_sysbios_knl_Swi_schedule__I)
                  2000a7b4    00000070                  : BIOS.obj (.text:ti_sysbios_knl_Task_schedule__I)
                  2000a824    0000006d     ti.targets.arm.rtsarm.aem4 : System.oem4 (.text:xdc_runtime_System_formatNum__I)
                  2000a891    00000003     --HOLE-- [fill = 0]
                  2000a894    0000006c     drivers_cc32xxware.aem4 : UARTCC3200.oem4 (.text:initHw)
                  2000a900    0000006c     sysbios.aem4 : BIOS.obj (.text:ti_sysbios_family_arm_m3_Hwi_enableInterrupt__E)
                  2000a96c    0000006c                  : BIOS.obj (.text:ti_sysbios_knl_Swi_runLoop__I)
                  2000a9d8    0000006c     ti.targets.arm.rtsarm.aem4 : Error.oem4 (.text:xdc_runtime_Error_print__E)
                  2000aa44    0000006c                                : Memory.oem4 (.text:xdc_runtime_Memory_alloc__E)
                  2000aab0    0000006a     rtsv7M4_T_le_eabi.lib : copy_decompress_rle.obj (.text)
                  2000ab1a    0000006a     sysbios.aem4 : BIOS.obj (.text:ti_sysbios_family_arm_m3_TaskSupport_start__E)
                  2000ab84    00000068     driverlib.a : prcm.obj (.text:PRCMHibernateWakeUpGPIOSelect)
                  2000abec    00000068     rtsv7M4_T_le_eabi.lib : trgmsg.obj (.text)
                  2000ac54    00000068     drivers_cc32xxware.aem4 : UARTCC3200.oem4 (.text:writeData)
                  2000acbc    00000066     ti.targets.arm.rtsarm.aem4 : Core-mem.oem4 (.text:xdc_runtime_Core_deleteObject__I)
                  2000ad22    00000002     --HOLE-- [fill = 0]
                  2000ad24    00000064     drivers_cc32xxware.aem4 : GPIOCC3200.oem4 (.text:GPIO_hwiIntFxn)
                  2000ad88    00000064     sysbios.aem4 : BIOS.obj (.text:ti_sysbios_knl_Clock_walkQueuePeriodic__E)
                  2000adec    00000064     startproject_pem4.oem4 (.text:ti_sysbios_knl_Mailbox_create)
                  2000ae50    00000064     driverlib.a : udma.obj (.text:uDMAChannelAttributeDisable)
                  2000aeb4    00000064                 : udma.obj (.text:uDMAChannelAttributeEnable)
                  2000af18    00000062     tirtosport.aem4 : HwiP_tirtos.oem4 (.text:HwiP_create)
                  2000af7a    00000002     --HOLE-- [fill = 0]
                  2000af7c    00000060     sysbios.aem4 : BIOS.obj (.text:ti_sysbios_family_arm_m3_Hwi_Module_startup__E)
                  2000afdc    00000060                  : BIOS.obj (.text:ti_sysbios_family_arm_m3_Timer_setPeriod__E)
                  2000b03c    00000060     drivers_cc32xxware.aem4 : SDSPICC3200.oem4 (.text:wait_ready)
                  2000b09c    0000005e                             : I2CCC3200.oem4 (.text:I2CCC3200_primeTransfer)
                  2000b0fa    0000005e                             : UARTCC3200.oem4 (.text:readIsrBinaryBlocking)
                  2000b158    0000005c     driverlib.a : prcm.obj (.text:PRCMI2SClockFreqSet)
                  2000b1b4    0000005c     sysbios.aem4 : BIOS.obj (.text:ti_sysbios_knl_Task_allBlockedFunction__I)
                  2000b210    0000005c     startproject_pem4.oem4 (.text:ti_sysbios_knl_Task_create)
                  2000b26c    0000005b     ti.targets.arm.rtsarm.aem4 : Text.oem4 (.text:xdc_runtime_Text_putLab__E)
                  2000b2c7    00000001     --HOLE-- [fill = 0]
                  2000b2c8    0000005a     tirtosport.aem4 : ClockP_tirtos.oem4 (.text:ClockP_create)
                  2000b322    0000005a     drivers_cc32xxware.aem4 : SPICC3200DMA.oem4 (.text:SPICC3200DMA_close)
                  2000b37c    00000058     driverlib.a : prcm.obj (.text:PRCMPeripheralReset)
                  2000b3d4    00000058     drivers_cc32xxware.aem4 : PowerCC3200.oem4 (.text:Power_init)
                  2000b42c    00000058     tirtosport.aem4 : SemaphoreP_tirtos.oem4 (.text:SemaphoreP_create)
                  2000b484    00000058     startproject_pem4.oem4 (.text:ti_sysbios_family_arm_m3_Hwi_construct)
                  2000b4dc    00000058     sysbios.aem4 : BIOS.obj (.text:ti_sysbios_knl_Mailbox_postInit__I)
                  2000b534    00000058                  : BIOS.obj (.text:ti_sysbios_knl_Task_blockI__E)
                  2000b58c    00000056                  : BIOS.obj (.text:ti_sysbios_family_arm_m3_Timer_setPeriodMicroSecs__E)
                  2000b5e2    00000054     drivers_cc32xxware.aem4 : UARTCC3200.oem4 (.text:UARTCC3200_writeCancel)
                  2000b636    00000054                             : UARTCC3200.oem4 (.text:readIsrBinaryCallback)
                  2000b68a    00000002     --HOLE-- [fill = 0]
                  2000b68c    00000054     rtsv7M4_T_le_eabi.lib : exit.obj (.text)
                  2000b6e0    00000054     ti.mw.fatfs.aem4 : ff.oem4 (.text:sync_window)
                  2000b734    00000054     sysbios.aem4 : BIOS.obj (.text:ti_sysbios_heaps_HeapMem_init__I)
                  2000b788    00000054     ti.targets.arm.rtsarm.aem4 : Assert.oem4 (.text:xdc_runtime_Assert_raise__I)
                  2000b7dc    00000050     drivers_cc32xxware.aem4 : GPIOCC3200.oem4 (.text:GPIO_toggle)
                  2000b82c    00000050                             : GPIOCC3200.oem4 (.text:GPIO_write)
                  2000b87c    00000050                             : I2CCC3200.oem4 (.text:I2CCC3200_close)
                  2000b8cc    00000050     LEDAction.obj (.text)
                  2000b91c    00000050     drivers_cc32xxware.aem4 : I2CCC3200.oem4 (.text:initHw)
                  2000b96c    00000050     sysbios.aem4 : BIOS.obj (.text:ti_sysbios_family_arm_m3_Timer_start__E)
                  2000b9bc    00000050     ti.targets.arm.rtsarm.aem4 : Startup.oem4 (.text:xdc_runtime_Startup_exec__E)
                  2000ba0c    0000004e     sysbios.aem4 : BIOS.obj (.text:ti_sysbios_knl_Clock_Instance_init__E)
                  2000ba5a    00000002     --HOLE-- [fill = 0]
                  2000ba5c    0000004c     drivers_cc32xxware.aem4 : GPIOCC3200.oem4 (.text:GPIO_setCallback)
                  2000baa8    0000004c                             : I2CCC3200.oem4 (.text:I2CCC3200_completeTransfer)
                  2000baf4    0000004c                             : I2SCC3200DMA.oem4 (.text:I2SCC3200DMA_readIssue)
                  2000bb40    0000004c                             : I2SCC3200DMA.oem4 (.text:I2SCC3200DMA_writeIssue)
                  2000bb8c    0000004c     driverlib.a : spi.obj (.text:SPIIntDisable)
                  2000bbd8    0000004c                 : spi.obj (.text:SPIIntEnable)
                  2000bc24    0000004c     rtsv7M4_T_le_eabi.lib : cpy_tbl.obj (.text)
                  2000bc70    0000004c     drivers_cc32xxware.aem4 : SDSPICC3200.oem4 (.text:send_initial_clock_train)
                  2000bcbc    0000004c     sysbios.aem4 : BIOS.obj (.text:ti_sysbios_family_arm_m3_Hwi_excReserved__I)
                  2000bd08    0000004c                  : m3_TaskSupport_asm.obj (.text:ti_sysbios_family_arm_m3_TaskSupport_buildTaskStack)
                  2000bd54    0000004c                  : BIOS.obj (.text:ti_sysbios_family_arm_m3_Timer_initDevice__I)
                  2000bda0    0000004c                  : BIOS.obj (.text:ti_sysbios_knl_Task_unblockI__E)
                  2000bdec    0000004c     driverlib.a : udma.obj (.text:uDMAChannelAssign)
                  2000be38    0000004a     sysbios.aem4 : BIOS.obj (.text:ti_sysbios_knl_Task_deleteTerminatedTasksFunc__I)
                  2000be82    00000002     --HOLE-- [fill = 0]
                  2000be84    00000048     driverlib.a : flash.obj (.text:FlashDisable)
                  2000becc    00000048                 : prcm.obj (.text:PRCMHibernateWakeupSourceEnable)
                  2000bf14    00000048                 : pin.obj (.text:PinConfigGet)
                  2000bf5c    00000048                 : spi.obj (.text:SPIIntClear)
                  2000bfa4    00000048     drivers_cc32xxware.aem4 : PowerCC3200.oem4 (.text:notify)
                  2000bfec    00000048     sysbios.aem4 : BIOS.obj (.text:ti_sysbios_family_arm_m3_Hwi_Instance_finalize__E)
                  2000c034    00000048                  : m3_Hwi_asm_switch.obj (.text:ti_sysbios_family_arm_m3_Hwi_initStacks__E)
                  2000c07c    00000046     drivers_cc32xxware.aem4 : RingBuf.oem4 (.text:RingBuf_put)
                  2000c0c2    00000046     ti.targets.arm.rtsarm.aem4 : Core-params.oem4 (.text:xdc_runtime_Core_assignParams__I)
                  2000c108    00000044     drivers_cc32xxware.aem4 : I2SCC3200DMA.oem4 (.text:I2SCC3200DMA_close)
                  2000c14c    00000044                             : I2SCC3200DMA.oem4 (.text:I2SCC3200DMA_control)
                  2000c190    00000044     driverlib.a : i2s.obj (.text:I2SSerializerConfig)
                  2000c1d4    00000044                 : prcm.obj (.text:PRCMLPDSEnter)
                  2000c218    00000044     drivers_cc32xxware.aem4 : PowerCC3200_asm.oem4 (.text:PowerCC3200_enterLPDS)
                  2000c25c    00000044     driverlib.a : spi.obj (.text:SPIDmaMaskGet)
                  2000c2a0    00000044     drivers_cc32xxware.aem4 : UARTCC3200.oem4 (.text:UARTCC3200_hwiIntFxn)
                  2000c2e4    00000044     boot.aem4 : boot.oem4 (.text)
                  2000c328    00000044     sysbios.aem4 : BIOS.obj (.text:ti_sysbios_family_arm_m3_Hwi_excSvCall__I)
                  2000c36c    00000044     ti.targets.arm.rtsarm.aem4 : Error.oem4 (.text:xdc_runtime_Error_setX__E)
                  2000c3b0    00000044                                : SysMin.oem4 (.text:xdc_runtime_SysMin_flush__E)
                  2000c3f4    00000044                                : Text.oem4 (.text:xdc_runtime_Text_xprintf__I)
                  2000c438    00000042     drivers_cc32xxware.aem4 : PowerCC3200_asm.oem4 (.text:PowerCC3200_resumeLPDS)
                  2000c47a    00000042                             : UARTCC3200.oem4 (.text:UARTCC3200_writePolling)
                  2000c4bc    00000042     sysbios.aem4 : BIOS.obj (.text:ti_sysbios_knl_Semaphore_Instance_init__E)
                  2000c4fe    00000002     --HOLE-- [fill = 0]
                  2000c500    00000040     drivers_cc32xxware.aem4 : GPIOCC3200.oem4 (.text:GPIO_enableInt)
                  2000c540    00000040     driverlib.a : i2s.obj (.text:I2SIntDisable)
                  2000c580    00000040                 : i2s.obj (.text:I2SIntEnable)
                  2000c5c0    00000040                 : pin.obj (.text:PinModeSet)
                  2000c600    00000040     drivers_cc32xxware.aem4 : PowerCC3200.oem4 (.text:Power_setDependency)
                  2000c640    00000040                             : RingBuf.oem4 (.text:RingBuf_get)
                  2000c680    00000040                             : SDSPICC3200.oem4 (.text:SDSPICC3200_close)
                  2000c6c0    00000040                             : UARTCC3200.oem4 (.text:UARTCC3200_read)
                  2000c700    00000040     ti.mw.fatfs.aem4 : ff.oem4 (.text:get_ldnumber)
                  2000c740    00000040     rtsv7M4_T_le_eabi.lib : u_divt2.obj (.text)
                  2000c780    00000040     sysbios.aem4 : BIOS.obj (.text:ti_sysbios_family_arm_m3_Timer_periodicStub__I)
                  2000c7c0    00000040                  : BIOS.obj (.text:ti_sysbios_knl_Swi_restore__E)
                  2000c800    0000003e     drivers_cc32xxware.aem4 : I2SCC3200DMA.oem4 (.text:I2SCC3200DMA_readReclaim)
                  2000c83e    0000003e                             : I2SCC3200DMA.oem4 (.text:I2SCC3200DMA_writeReclaim)
                  2000c87c    0000003e     sysbios.aem4 : BIOS.obj (.text:ti_sysbios_knl_Clock_addI__E)
                  2000c8ba    0000003e                  : BIOS.obj (.text:ti_sysbios_knl_Semaphore_pendTimeout__I)
                  2000c8f8    0000003c     driverlib.a : prcm.obj (.text:PRCMPeripheralClkEnable)
                  2000c934    0000003c                 : prcm.obj (.text:PRCMSlowClkCtrFastGet)
                  2000c970    0000003c                 : pin.obj (.text:PinDirModeSet)
                  2000c9ac    0000003c     sysbios.aem4 : BIOS.obj (.text:ti_sysbios_family_arm_m3_Hwi_excNoIsr__I)
                  2000c9e8    0000003c                  : BIOS.obj (.text:ti_sysbios_family_arm_m3_Hwi_setPriority__E)
                  2000ca24    0000003c                  : BIOS.obj (.text:ti_sysbios_knl_Task_processVitalTaskFlag__I)
                  2000ca60    0000003c     driverlib.a : udma.obj (.text:uDMAChannelControlSet)
                  2000ca9c    0000003a     sysbios.aem4 : BIOS.obj (.text:ti_sysbios_knl_Queue_put__E)
                  2000cad6    00000002     --HOLE-- [fill = 0]
                  2000cad8    00000038     drivers_cc32xxware.aem4 : I2C.oem4 (.text:I2C_init)
                  2000cb10    00000038     driverlib.a : i2s.obj (.text:I2SIntClear)
                  2000cb48    00000038     drivers_cc32xxware.aem4 : I2S.oem4 (.text:I2S_init)
                  2000cb80    00000038     driverlib.a : prcm.obj (.text:PRCMIntEnable)
                  2000cbb8    00000038     drivers_cc32xxware.aem4 : PWM.oem4 (.text:PWM_init)
                  2000cbf0    00000038     power_cc3200_tirtos.aem4 : PowerCC3200_tirtos.oem4 (.text:PowerCC3200_initPolicy)
                  2000cc28    00000038     drivers_cc32xxware.aem4 : SDSPI.oem4 (.text:SDSPI_init)
                  2000cc60    00000038                             : SPI.oem4 (.text:SPI_init)
                  2000cc98    00000038                             : UART.oem4 (.text:UART_init)
                  2000ccd0    00000038                             : Watchdog.oem4 (.text:Watchdog_init)
                  2000cd08    00000038                             : WiFi.oem4 (.text:WiFi_init)
                  2000cd40    00000038                             : SPICC3200DMA.oem4 (.text:spiPollingTransfer16)
                  2000cd78    00000038                             : SPICC3200DMA.oem4 (.text:spiPollingTransfer8)
                  2000cdb0    00000038     sysbios.aem4 : BIOS.obj (.text:ti_sysbios_family_arm_m3_Hwi_clearInterrupt__E)
                  2000cde8    00000038                  : BIOS.obj (.text:ti_sysbios_family_arm_m3_Hwi_excNmi__I)
                  2000ce20    00000038     ti.targets.arm.rtsarm.aem4 : SysMin.oem4 (.text:xdc_runtime_SysMin_putch__E)
                  2000ce58    00000038                                : System.oem4 (.text:xdc_runtime_System_atexit__E)
                  2000ce90    00000036     driverlib.a : gpio.obj (.text:GPIODirModeSet)
                  2000cec6    00000036                 : timer.obj (.text:TimerControlLevel)
                  2000cefc    00000036     drivers_cc32xxware.aem4 : UARTCC3200.oem4 (.text:UARTCC3200_readCancel)
                  2000cf32    00000036     ti.mw.fatfs.aem4 : ff.oem4 (.text:move_window)
                  2000cf68    00000034     driverlib.a : prcm.obj (.text:PRCMPeripheralStatusGet)
                  2000cf9c    00000034                 : prcm.obj (.text:PRCMSRAMRetentionEnable)
                  2000cfd0    00000034     drivers_cc32xxware.aem4 : PowerCC3200.oem4 (.text:Power_releaseDependency)
                  2000d004    00000034     driverlib.a : spi.obj (.text:SPIFIFOLevelSet)
                  2000d038    00000034     power_cc3200_tirtos.aem4 : PowerCC3200_tirtos.oem4 (.text:getCountsRTC)
                  2000d06c    00000034     drivers_cc32xxware.aem4 : PWMTimerCC3200.oem4 (.text:getPowerMgrId)
                  2000d0a0    00000034                             : PowerCC3200.oem4 (.text:restorePeriphClocks)
                  2000d0d4    00000034     sysbios.aem4 : BIOS.obj (.text:ti_sysbios_family_arm_m3_Hwi_excHandler__I)
                  2000d108    00000034     startproject_pem4.oem4 (.text:ti_sysbios_knl_Clock_construct)
                  2000d13c    00000034     sysbios.aem4 : BIOS.obj (.text:ti_sysbios_knl_Queue_get__E)
                  2000d170    00000034     ti.targets.arm.rtsarm.aem4 : Core-label.oem4 (.text:xdc_runtime_Core_assignLabel__I)
                  2000d1a4    00000033                                : Text.oem4 (.text:xdc_runtime_Text_printVisFxn__I)
                  2000d1d7    00000001     --HOLE-- [fill = 0]
                  2000d1d8    00000032     drivers_cc32xxware.aem4 : SPICC3200DMA.oem4 (.text:spiPollingTransfer32)
                  2000d20a    00000032     sysbios.aem4 : BIOS.obj (.text:ti_sysbios_gates_GateMutex_enter__E)
                  2000d23c    00000030     drivers_cc32xxware.aem4 : GPIOCC3200.oem4 (.text:GPIO_read)
                  2000d26c    00000030     driverlib.a : pin.obj (.text:PinTypeGPIO)
                  2000d29c    00000030     drivers_cc32xxware.aem4 : PowerCC3200.oem4 (.text:Power_releaseConstraint)
                  2000d2cc    00000030                             : PowerCC3200.oem4 (.text:Power_setConstraint)
                  2000d2fc    00000030     driverlib.a : uart.obj (.text:UARTDisable)
                  2000d32c    00000030     sysbios.aem4 : BIOS.obj (.text:ti_sysbios_family_arm_m3_Timer_Module_startup__E)
                  2000d35c    00000030                  : BIOS.obj (.text:ti_sysbios_family_arm_m3_Timer_startup__E)
                  2000d38c    00000030     startproject_pem4.oem4 (.text:ti_sysbios_gates_GateHwi_Object__create__S)
                  2000d3bc    00000030     startproject_pem4.oem4 (.text:ti_sysbios_gates_GateMutex_Object__create__S)
                  2000d3ec    00000030     startproject_pem4.oem4 (.text:ti_sysbios_heaps_HeapMem_Object__create__S)
                  2000d41c    00000030     sysbios.aem4 : BIOS.obj (.text:ti_sysbios_knl_Idle_run__E)
                  2000d44c    00000030     startproject_pem4.oem4 (.text:ti_sysbios_knl_Semaphore_construct)
                  2000d47c    00000030     ti.targets.arm.rtsarm.aem4 : SysMin.oem4 (.text:xdc_runtime_SysMin_abort__E)
                  2000d4ac    00000030                                : System.oem4 (.text:xdc_runtime_System_processAtExit__E)
                  2000d4dc    0000002e     drivers_cc32xxware.aem4 : PWMTimerCC3200.oem4 (.text:PWMTimerCC3200_close)
                  2000d50a    0000002e     startproject_pem4.oem4 (.text:malloc)
                  2000d538    0000002e     sysbios.aem4 : BIOS.obj (.text:ti_sysbios_hal_Hwi_initStack)
                  2000d566    0000002e                  : BIOS.obj (.text:ti_sysbios_knl_Task_getMode__E)
                  2000d594    0000002c     driverlib.a : i2c.obj (.text:I2CMasterErr)
                  2000d5c0    0000002c                 : prcm.obj (.text:PRCMLPDSIntervalSet)
                  2000d5ec    0000002c                 : prcm.obj (.text:PRCMSysResetCauseGet)
                  2000d618    0000002c     ti.mw.fatfs.aem4 : diskio.oem4 (.text:disk_register)
                  2000d644    0000002c     startproject_pem4.oem4 (.text:ti_sysbios_BIOS_atExitFunc__I)
                  2000d670    0000002c     sysbios.aem4 : BIOS.obj (.text:ti_sysbios_family_arm_m3_Hwi_getHandle__E)
                  2000d69c    0000002c                  : BIOS.obj (.text:ti_sysbios_family_arm_m3_Hwi_plug__E)
                  2000d6c8    0000002c                  : BIOS.obj (.text:ti_sysbios_family_arm_m3_Timer_postInit__I)
                  2000d6f4    0000002c     startproject_pem4.oem4 (.text:ti_sysbios_knl_Clock_doTick__I)
                  2000d720    0000002c     startproject_pem4.oem4 (.text:ti_sysbios_knl_Queue_construct)
                  2000d74c    0000002c     sysbios.aem4 : BIOS.obj (.text:ti_sysbios_knl_Task_restore__E)
                  2000d778    0000002c     ti.targets.arm.rtsarm.aem4 : Text.oem4 (.text:xdc_runtime_Text_cordText__E)
                  2000d7a4    0000002a     driverlib.a : i2s.obj (.text:I2SGBLEnable)
                  2000d7ce    0000002a                 : i2s.obj (.text:I2SRxFIFOEnable)
                  2000d7f8    0000002a                 : i2s.obj (.text:I2STxFIFOEnable)
                  2000d822    0000002a                 : spi.obj (.text:SPIDataGetNonBlocking)
                  2000d84c    0000002a                 : timer.obj (.text:TimerLoadSet)
                  2000d876    0000002a                 : timer.obj (.text:TimerMatchSet)
                  2000d8a0    0000002a                 : timer.obj (.text:TimerPrescaleMatchSet)
                  2000d8ca    0000002a                 : timer.obj (.text:TimerPrescaleSet)
                  2000d8f4    0000002a     sysbios.aem4 : BIOS.obj (.text:ti_sysbios_knl_Queue_enqueue__E)
                  2000d91e    0000002a     ti.targets.arm.rtsarm.aem4 : System.oem4 (.text:xdc_runtime_System_putchar__I)
                  2000d948    00000028     driverlib.a : prcm.obj (.text:PRCMLPDSWakeupSourceEnable)
                  2000d970    00000028                 : prcm.obj (.text:PRCMPeripheralClkDisable)
                  2000d998    00000028     drivers_cc32xxware.aem4 : PowerCC3200.oem4 (.text:Power_registerNotify)
                  2000d9c0    00000028     ti.mw.fatfs.aem4 : diskio.oem4 (.text:disk_unregister)
                  2000d9e8    00000028     drivers_cc32xxware.aem4 : UARTCC3200.oem4 (.text:releasePowerConstraint)
                  2000da10    00000028     sysbios.aem4 : BIOS.obj (.text:ti_sysbios_knl_Clock_startI__E)
                  2000da38    00000028     driverlib.a : udma.obj (.text:uDMAChannelIsEnabled)
                  2000da60    00000026     drivers_cc32xxware.aem4 : List.oem4 (.text:List_put)
                  2000da86    00000026     ti.targets.arm.rtsarm.aem4 : System.oem4 (.text:xdc_runtime_System_avprintf__E)
                  2000daac    00000024     driverlib.a : prcm.obj (.text:PRCMLPDSWakeUpGPIOSelect)
                  2000dad0    00000024                 : uart.obj (.text:UARTCharPutNonBlocking)
                  2000daf4    00000024                 : uart.obj (.text:UARTEnable)
                  2000db18    00000024     ti.mw.fatfs.aem4 : diskio.oem4 (.text:disk_read)
                  2000db3c    00000024     startproject_pem4.oem4 (.text:ti_sysbios_BIOS_registerRTSLock__I)
                  2000db60    00000024     startproject_pem4.oem4 (.text:ti_sysbios_BIOS_removeRTSLock__I)
                  2000db84    00000024     sysbios.aem4 : BIOS.obj (.text:ti_sysbios_BIOS_setThreadType__E)
                  2000dba8    00000024                  : BIOS.obj (.text:ti_sysbios_gates_GateMutex_Instance_init__E)
                  2000dbcc    00000024     startproject_pem4.oem4 (.text:ti_sysbios_gates_GateMutex_Object__delete__S)
                  2000dbf0    00000024     sysbios.aem4 : BIOS.obj (.text:ti_sysbios_heaps_HeapMem_restore__E)
                  2000dc14    00000024                  : BIOS.obj (.text:ti_sysbios_knl_Clock_Module_startup__E)
                  2000dc38    00000024                  : BIOS.obj (.text:ti_sysbios_knl_Queue_dequeue__E)
                  2000dc5c    00000024     ti.targets.arm.rtsarm.aem4 : System.oem4 (.text:xdc_runtime_System_vprintf__E)
                  2000dc80    00000022     driverlib.a : gpio.obj (.text:GPIOIntStatus)
                  2000dca2    00000022                 : i2c.obj (.text:I2CMasterSlaveAddrSet)
                  2000dcc4    00000022     drivers_cc32xxware.aem4 : List.oem4 (.text:List_get)
                  2000dce6    00000022     driverlib.a : spi.obj (.text:SPIReset)
                  2000dd08    00000022                 : spi.obj (.text:SPIWordCountSet)
                  2000dd2a    00000022     sysbios.aem4 : BIOS.obj (.text:ti_sysbios_family_arm_m3_Timer_getFreq__E)
                  2000dd4c    00000022     startproject_pem4.oem4 (.text:xdc_runtime_SysMin_output__I)
                  2000dd6e    00000020     driverlib.a : gpio.obj (.text:GPIOPinWrite)
                  2000dd8e    00000002     --HOLE-- [fill = 0]
                  2000dd90    00000020                 : prcm.obj (.text:PRCMLPDSRestoreInfoSet)
                  2000ddb0    00000020     drivers_cc32xxware.aem4 : PowerCC3200.oem4 (.text:Power_idleFunc)
                  2000ddd0    00000020                             : PowerCC3200.oem4 (.text:Power_unregisterNotify)
                  2000ddf0    00000020     driverlib.a : spi.obj (.text:SPIDataGet)
                  2000de10    00000020     ti.mw.fatfs.aem4 : diskio.oem4 (.text:disk_write)
                  2000de30    00000020     drivers_cc32xxware.aem4 : SPICC3200DMA.oem4 (.text:getPowerMgrId)
                  2000de50    00000020                             : UARTCC3200.oem4 (.text:getPowerMgrId)
                  2000de70    00000020     startproject_pem4.oem4 (.text:ti_sysbios_BIOS_rtsLock__I)
                  2000de90    00000020     startproject_pem4.oem4 (.text:ti_sysbios_BIOS_startFunc__I)
                  2000deb0    00000020     sysbios.aem4 : m3_Hwi_asm.obj (.text:ti_sysbios_family_arm_m3_Hwi_excHandlerAsm__I)
                  2000ded0    00000020                  : BIOS.obj (.text:ti_sysbios_family_arm_m3_Timer_stop__E)
                  2000def0    00000020     startproject_pem4.oem4 (.text:ti_sysbios_gates_GateHwi_Object__delete__S)
                  2000df10    00000020     sysbios.aem4 : BIOS.obj (.text:ti_sysbios_gates_GateMutex_leave__E)
                  2000df30    00000020     startproject_pem4.oem4 (.text:ti_sysbios_heaps_HeapMem_Object__delete__S)
                  2000df50    00000020     startproject_pem4.oem4 (.text:ti_sysbios_knl_Clock_Object__destruct__S)
                  2000df70    00000020     startproject_pem4.oem4 (.text:ti_sysbios_knl_Mailbox_Object__delete__S)
                  2000df90    00000020     startproject_pem4.oem4 (.text:ti_sysbios_knl_Semaphore_Object__destruct__S)
                  2000dfb0    00000020     startproject_pem4.oem4 (.text:ti_sysbios_knl_Task_Object__delete__S)
                  2000dfd0    00000020     sysbios.aem4 : BIOS.obj (.text:ti_sysbios_knl_Task_enter__I)
                  2000dff0    00000020                  : BIOS.obj (.text:ti_sysbios_knl_Task_restoreHwi__E)
                  2000e010    00000020                  : BIOS.obj (.text:ti_sysbios_knl_Task_unblock__E)
                  2000e030    00000020     ti.targets.arm.rtsarm.aem4 : Registry.oem4 (.text:xdc_runtime_Registry_findById__E)
                  2000e050    00000020                                : SysMin.oem4 (.text:xdc_runtime_SysMin_Module_startup__E)
                  2000e070    0000001e     driverlib.a : spi.obj (.text:SPIDataPut)
                  2000e08e    0000001e                 : timer.obj (.text:TimerDisable)
                  2000e0ac    0000001e                 : timer.obj (.text:TimerEnable)
                  2000e0ca    0000001e                 : uart.obj (.text:UARTCharPut)
                  2000e0e8    0000001e                 : uart.obj (.text:UARTIntStatus)
                  2000e106    0000001e     drivers_wifi_cc32xxware.aem4 : WiFiCC3200.oem4 (.text:WiFiCC3200_close)
                  2000e124    0000001e     rtsv7M4_T_le_eabi.lib : ll_lsr_t2.obj (.text)
                  2000e142    0000001e     startproject_pem4.oem4 (.text:ti_sysbios_BIOS_errorRaiseHook__I)
                  2000e160    0000001e     sysbios.aem4 : m3_Hwi_asm_switch.obj (.text:ti_sysbios_family_xxx_Hwi_switchAndRunFunc)
                  2000e17e    0000001e                  : BIOS.obj (.text:ti_sysbios_knl_Clock_Instance_finalize__E)
                  2000e19c    0000001e                  : BIOS.obj (.text:ti_sysbios_knl_Clock_start__E)
                  2000e1ba    0000001e                  : BIOS.obj (.text:ti_sysbios_knl_Queue_remove__E)
                  2000e1d8    0000001c     drivers_cc32xxware.aem4 : SPICC3200DMA.oem4 (.text:SPICC3200DMA_init)
                  2000e1f4    0000001c     driverlib.a : uart.obj (.text:UARTCharGetNonBlocking)
                  2000e210    0000001c                 : uart.obj (.text:UARTFlowControlSet)
                  2000e22c    0000001c     drivers_cc32xxware.aem4 : WatchdogCC3200.oem4 (.text:WatchdogCC3200_setReload)
                  2000e248    0000001c     ti.mw.fatfs.aem4 : diskio.oem4 (.text:disk_initialize)
                  2000e264    0000001c                      : diskio.oem4 (.text:disk_status)
                  2000e280    0000001c     sysbios.aem4 : BIOS.obj (.text:ti_sysbios_BIOS_getCpuFreq__E)
                  2000e29c    0000001c     startproject_pem4.oem4 (.text:ti_sysbios_family_arm_m3_Hwi_Object__destruct__S)
                  2000e2b8    0000001c     sysbios.aem4 : BIOS.obj (.text:ti_sysbios_knl_Clock_tickReconfig__E)
                  2000e2d4    0000001c     startproject_pem4.oem4 (.text:ti_sysbios_knl_Queue_Object__destruct__S)
                  2000e2f0    0000001c     sysbios.aem4 : BIOS.obj (.text:ti_sysbios_knl_Swi_disable__E)
                  2000e30c    0000001c                  : BIOS.obj (.text:ti_sysbios_knl_Task_disable__E)
                  2000e328    0000001c     driverlib.a : udma.obj (.text:uDMAChannelEnable)
                  2000e344    0000001c     drivers_wifi_cc32xxware.aem4 : osi_tirtos.oem4 (.text:vSimpleLinkSpawnTask)
                  2000e360    0000001c     ti.targets.arm.rtsarm.aem4 : Error.oem4 (.text:xdc_runtime_Error_raiseX__E)
                  2000e37c    0000001c                                : Memory.oem4 (.text:xdc_runtime_Memory_valloc__E)
                  2000e398    0000001c                                : SysMin.oem4 (.text:xdc_runtime_SysMin_exit__E)
                  2000e3b4    0000001c                                : System.oem4 (.text:xdc_runtime_System_abort__E)
                  2000e3d0    0000001a     driverlib.a : gpio.obj (.text:GPIOIntEnable)
                  2000e3ea    0000001a     drivers_cc32xxware.aem4 : List.oem4 (.text:List_remove)
                  2000e404    0000001a     driverlib.a : pin.obj (.text:PinTypeUART)
                  2000e41e    0000001a                 : spi.obj (.text:SPIDmaDisable)
                  2000e438    0000001a                 : spi.obj (.text:SPIDmaEnable)
                  2000e452    0000001a                 : spi.obj (.text:SPIFIFODisable)
                  2000e46c    0000001a                 : spi.obj (.text:SPIFIFOEnable)
                  2000e486    0000001a     sysbios.aem4 : m3_Hwi_asm.obj (.text:ti_sysbios_family_arm_m3_Hwi_pendSV__I)
                  2000e4a0    0000001a                  : BIOS.obj (.text:ti_sysbios_knl_Semaphore_Instance_finalize__E)
                  2000e4ba    0000001a     ti.mw.fatfs.aem4 : ff.oem4 (.text:unlock_fs)
                  2000e4d4    0000001a     startproject_pem4.oem4 (.text:xdc_runtime_System_aprintf__E)
                  2000e4ee    0000001a     startproject_pem4.oem4 (.text:xdc_runtime_System_printf__E)
                  2000e508    00000018     driverlib.a : gpio.obj (.text:GPIOPinRead)
                  2000e520    00000018                 : i2s.obj (.text:I2SDisable)
                  2000e538    00000018                 : spi.obj (.text:SPICSDisable)
                  2000e550    00000018                 : spi.obj (.text:SPICSEnable)
                  2000e568    00000018                 : spi.obj (.text:SPIDisable)
                  2000e580    00000018                 : spi.obj (.text:SPIEnable)
                  2000e598    00000018                 : uart.obj (.text:UARTBusy)
                  2000e5b0    00000018                 : uart.obj (.text:UARTFIFOLevelSet)
                  2000e5c8    00000018                 : uart.obj (.text:UARTIntDisable)
                  2000e5e0    00000018                 : uart.obj (.text:UARTIntEnable)
                  2000e5f8    00000018     drivers_wifi_cc32xxware.aem4 : osi_tirtos.oem4 (.text:VDeleteSimpleLinkSpawnTask)
                  2000e610    00000018     driverlib.a : wdt.obj (.text:WatchdogStallDisable)
                  2000e628    00000018                 : wdt.obj (.text:WatchdogStallEnable)
                  2000e640    00000018                 : wdt.obj (.text:WatchdogUnlock)
                  2000e658    00000018     drivers_wifi_cc32xxware.aem4 : WiFiCC3200.oem4 (.text:WiFiCC3200_init)
                  2000e670    00000018     ti.mw.fatfs.aem4 : ffosal.oem4 (.text:ff_cre_syncobj)
                  2000e688    00000018     rtsv7M4_T_le_eabi.lib : args_main.obj (.text)
                  2000e6a0    00000018                           : ll_mul_t2.obj (.text)
                  2000e6b8    00000018     startproject_pem4.oem4 (.text:ti_sysbios_BIOS_rtsUnlock__I)
                  2000e6d0    00000018     startproject_pem4.oem4 (.text:ti_sysbios_family_arm_m3_Hwi_Handle__label__S)
                  2000e6e8    00000018     startproject_pem4.oem4 (.text:ti_sysbios_family_arm_m3_Hwi_Module__startupDone__F)
                  2000e700    00000018     sysbios.aem4 : BIOS.obj (.text:ti_sysbios_family_arm_m3_Hwi_switchFromBootStack__E)
                  2000e718    00000018     startproject_pem4.oem4 (.text:ti_sysbios_family_arm_m3_Timer_Module__startupDone__F)
                  2000e730    00000018     startproject_pem4.oem4 (.text:ti_sysbios_gates_GateHwi_Handle__label__S)
                  2000e748    00000018     startproject_pem4.oem4 (.text:ti_sysbios_gates_GateMutex_Handle__label__S)
                  2000e760    00000018     sysbios.aem4 : BIOS.obj (.text:ti_sysbios_gates_GateMutex_Instance_State_sem$20)
                  2000e778    00000018                  : BIOS.obj (.text:ti_sysbios_gates_GateMutex_Instance_finalize__E)
                  2000e790    00000018     startproject_pem4.oem4 (.text:ti_sysbios_heaps_HeapMem_Handle__label__S)
                  2000e7a8    00000018     sysbios.aem4 : BIOS.obj (.text:ti_sysbios_knl_Mailbox_Instance_State_dataQue$5)
                  2000e7c0    00000018                  : BIOS.obj (.text:ti_sysbios_knl_Mailbox_Instance_State_dataSem$5)
                  2000e7d8    00000018                  : BIOS.obj (.text:ti_sysbios_knl_Mailbox_Instance_State_freeQue$5)
                  2000e7f0    00000018                  : BIOS.obj (.text:ti_sysbios_knl_Mailbox_Instance_State_freeSem$5)
                  2000e808    00000018                  : BIOS.obj (.text:ti_sysbios_knl_Queue_empty__E)
                  2000e820    00000018                  : BIOS.obj (.text:ti_sysbios_knl_Semaphore_Instance_State_pendQ$7)
                  2000e838    00000018     startproject_pem4.oem4 (.text:ti_sysbios_knl_Task_Handle__label__S)
                  2000e850    00000018     ti.targets.arm.rtsarm.aem4 : Error.oem4 (.text:xdc_runtime_Error_check__E)
                  2000e868    00000018                                : System.oem4 (.text:xdc_runtime_System_exit__E)
                  2000e880    00000018                                : Text.oem4 (.text:xdc_runtime_Text_ropeText__E)
                  2000e898    00000016     tirtosport.aem4 : ClockP_tirtos.oem4 (.text:ClockP_delete)
                  2000e8ae    00000016                     : HwiP_tirtos.oem4 (.text:HwiP_delete)
                  2000e8c4    00000016     driverlib.a : i2c.obj (.text:I2CMasterDataPut)
                  2000e8da    00000016                 : i2c.obj (.text:I2CMasterDisable)
                  2000e8f0    00000016                 : i2c.obj (.text:I2CMasterEnable)
                  2000e906    00000016                 : i2c.obj (.text:I2CMasterIntClear)
                  2000e91c    00000016                 : prcm.obj (.text:PRCMHIBRegRead)
                  2000e932    00000016                 : prcm.obj (.text:PRCMHIBRegWrite)
                  2000e948    00000016     tirtosport.aem4 : SemaphoreP_tirtos.oem4 (.text:SemaphoreP_delete)
                  2000e95e    00000016     driverlib.a : uart.obj (.text:UARTCharGet)
                  2000e974    00000016                 : wdt.obj (.text:WatchdogEnable)
                  2000e98a    00000016     drivers_cc32xxware.aem4 : UARTCC3200.oem4 (.text:startTxFifoEmptyClk)
                  2000e9a0    00000016     startproject_pem4.oem4 (.text:ti_sysbios_BIOS_exitFunc__I)
                  2000e9b6    00000016     sysbios.aem4 : BIOS.obj (.text:ti_sysbios_family_arm_m3_Hwi_Handle_name$16)
                  2000e9cc    00000016                  : BIOS.obj (.text:ti_sysbios_knl_Queue_Instance_init__E)
                  2000e9e2    00000016                  : BIOS.obj (.text:ti_sysbios_knl_Semaphore_Params_init$5)
                  2000e9f8    00000016                  : BIOS.obj (.text:ti_sysbios_knl_Task_Handle_name$16)
                  2000ea0e    00000014     driverlib.a : cpu.obj (.text:CPUcpsid)
                  2000ea22    00000014                 : cpu.obj (.text:CPUcpsie)
                  2000ea36    00000014                 : gpio.obj (.text:GPIOIntClear)
                  2000ea4a    00000014                 : pin.obj (.text:PinTypeADC)
                  2000ea5e    00000014     ti.mw.fatfs.aem4 : ffosal.oem4 (.text:ff_req_grant)
                  2000ea72    00000002     --HOLE-- [fill = 0]
                  2000ea74    00000014     drivers_wifi_cc32xxware.aem4 : WiFiCC3200.oem4 (.text:hostDriverInterruptHandler)
                  2000ea88    00000014     drivers_cc32xxware.aem4 : I2SCC3200DMA.oem4 (.text:readIssueCallback)
                  2000ea9c    00000014     rtsv7M4_T_le_eabi.lib : _lock.obj (.text)
                  2000eab0    00000014                           : strcpy.obj (.text)
                  2000eac4    00000014                           : strlen.obj (.text)
                  2000ead8    00000014     sysbios.aem4 : BIOS.obj (.text:ti_sysbios_BIOS_exit__E)
                  2000eaec    00000014     startproject_pem4.oem4 (.text:ti_sysbios_family_arm_m3_Hwi_Object__get__S)
                  2000eb00    00000014     sysbios.aem4 : BIOS.obj (.text:ti_sysbios_gates_GateHwi_enter__E)
                  2000eb14    00000014                  : BIOS.obj (.text:ti_sysbios_hal_Hwi_Module_startup__E)
                  2000eb28    00000014                  : BIOS.obj (.text:ti_sysbios_hal_Hwi_getStackInfo__E)
                  2000eb3c    00000014     startproject_pem4.oem4 (.text:ti_sysbios_heaps_HeapMem_Object__get__S)
                  2000eb50    00000014     sysbios.aem4 : BIOS.obj (.text:ti_sysbios_knl_Clock_Module_State_clockQ$1)
                  2000eb64    00000014                  : BIOS.obj (.text:ti_sysbios_knl_Clock_setTicks__E)
                  2000eb78    00000014                  : BIOS.obj (.text:ti_sysbios_knl_Queue_elemClear__E)
                  2000eb8c    00000014                  : BIOS.obj (.text:ti_sysbios_knl_Task_Module_State_inactiveQ$10)
                  2000eba0    00000014                  : BIOS.obj (.text:ti_sysbios_knl_Task_Module_State_terminatedQ$10)
                  2000ebb4    00000014     startproject_pem4.oem4 (.text:ti_sysbios_knl_Task_Object__first__S)
                  2000ebc8    00000014     startproject_pem4.oem4 (.text:ti_sysbios_knl_Task_Object__next__S)
                  2000ebdc    00000014     driverlib.a : udma.obj (.text:uDMAControlBaseSet)
                  2000ebf0    00000014     drivers_cc32xxware.aem4 : I2SCC3200DMA.oem4 (.text:writeIssueCallback)
                  2000ec04    00000012     tirtosport.aem4 : ClockP_tirtos.oem4 (.text:ClockP_start)
                  2000ec16    00000012     driverlib.a : i2c.obj (.text:I2CMasterControl)
                  2000ec28    00000012     drivers_cc32xxware.aem4 : I2SCC3200DMA.oem4 (.text:I2SCC3200DMA_Params_init)
                  2000ec3a    00000012                             : RingBuf.oem4 (.text:RingBuf_construct)
                  2000ec4c    00000012                             : SDSPICC3200.oem4 (.text:SDSPICC3200_init)
                  2000ec5e    00000012     tirtosport.aem4 : SemaphoreP_tirtos.oem4 (.text:SemaphoreP_pend)
                  2000ec70    00000012     driverlib.a : uart.obj (.text:UARTIntClear)
                  2000ec82    00000012                 : uart.obj (.text:UARTRxErrorGet)
                  2000ec94    00000012                 : wdt.obj (.text:WatchdogLock)
                  2000eca6    00000012                 : wdt.obj (.text:WatchdogReloadSet)
                  2000ecb8    00000012     sysbios.aem4 : BIOS.obj (.text:ti_sysbios_gates_GateHwi_leave__E)
                  2000ecca    00000012                  : BIOS.obj (.text:ti_sysbios_knl_Clock_setTimeout__E)
                  2000ecdc    00000012     startproject_pem4.oem4 (.text:xdc_runtime_Startup_exec__I)
                  2000ecee    00000010     driverlib.a : i2c.obj (.text:I2CMasterIntDisable)
                  2000ecfe    00000010                 : i2c.obj (.text:I2CMasterIntEnable)
                  2000ed0e    00000002     --HOLE-- [fill = 0]
                  2000ed10    00000010     drivers_cc32xxware.aem4 : SDSPICC3200.oem4 (.text:SDSPICC3200_diskStatus)
                  2000ed20    00000010     driverlib.a : uart.obj (.text:UARTRxErrorClear)
                  2000ed30    00000010                 : wdt.obj (.text:WatchdogIntClear)
                  2000ed40    00000010     drivers_cc32xxware.aem4 : UARTCC3200.oem4 (.text:readBlockingTimeout)
                  2000ed50    00000010     sysbios.aem4 : BIOS.obj (.text:ti_sysbios_BIOS_getThreadType__E)
                  2000ed60    00000010                  : BIOS.obj (.text:ti_sysbios_BIOS_start__E)
                  2000ed70    00000010                  : BIOS.obj (.text:ti_sysbios_family_arm_m3_Hwi_Object_get$16)
                  2000ed80    00000010                  : BIOS.obj (.text:ti_sysbios_family_arm_m3_Hwi_restoreFxn__E)
                  2000ed90    00000010                  : m3_TaskSupport_asm.obj (.text:ti_sysbios_family_arm_m3_TaskSupport_glue)
                  2000eda0    00000010                  : m3_TaskSupport_asm.obj (.text:ti_sysbios_family_arm_m3_TaskSupport_swap__E)
                  2000edb0    00000010                  : BIOS.obj (.text:ti_sysbios_heaps_HeapMem_Object_get$21)
                  2000edc0    00000010                  : BIOS.obj (.text:ti_sysbios_knl_Clock_getTicks__E)
                  2000edd0    00000010                  : BIOS.obj (.text:ti_sysbios_knl_Clock_stop__E)
                  2000ede0    00000010                  : BIOS.obj (.text:ti_sysbios_knl_Clock_tickStart__E)
                  2000edf0    00000010                  : BIOS.obj (.text:ti_sysbios_knl_Clock_tickStop__E)
                  2000ee00    00000010     startproject_pem4.oem4 (.text:ti_sysbios_knl_Mailbox_Object__get__S)
                  2000ee10    00000010     sysbios.aem4 : BIOS.obj (.text:ti_sysbios_knl_Mailbox_Object_get$5)
                  2000ee20    00000010                  : BIOS.obj (.text:ti_sysbios_knl_Queue_Object_get$10)
                  2000ee30    00000010                  : BIOS.obj (.text:ti_sysbios_knl_Queue_insert__E)
                  2000ee40    00000010     startproject_pem4.oem4 (.text:ti_sysbios_knl_Task_Object__get__S)
                  2000ee50    00000010     sysbios.aem4 : BIOS.obj (.text:ti_sysbios_knl_Task_Object_get$10)
                  2000ee60    00000010     ti.targets.arm.rtsarm.aem4 : Gate.oem4 (.text:xdc_runtime_Gate_leaveSystem__E)
                  2000ee70    00000010                                : Memory.oem4 (.text:xdc_runtime_Memory_free__E)
                  2000ee80    00000010                                : SysMin.oem4 (.text:xdc_runtime_SysMin_ready__E)
                  2000ee90    00000010                                : System.oem4 (.text:xdc_runtime_System_vsnprintf__E)
                  2000eea0    0000000e     tirtosport.aem4 : HwiP_tirtos.oem4 (.text:HwiP_Params_init)
                  2000eeae    0000000e     driverlib.a : i2c.obj (.text:I2CMasterDataGet)
                  2000eebc    0000000e     rtsv7M4_T_le_eabi.lib : copy_decompress_none.obj (.text:decompress:none)
                  2000eeca    0000000e     sysbios.aem4 : BIOS.obj (.text:ti_sysbios_family_arm_m3_Hwi_doTaskRestore__I)
                  2000eed8    0000000e                  : BIOS.obj (.text:ti_sysbios_knl_Queue_head__E)
                  2000eee6    0000000e                  : BIOS.obj (.text:ti_sysbios_knl_Queue_next__E)
                  2000eef4    0000000e                  : BIOS.obj (.text:ti_sysbios_knl_Task_getPri__E)
                  2000ef02    0000000c     driverlib.a : cpu.obj (.text:CPUwfi)
                  2000ef0e    00000002     --HOLE-- [fill = 0]
                  2000ef10    0000000c     tirtosport.aem4 : ClockP_tirtos.oem4 (.text:ClockP_getSystemTickPeriod)
                  2000ef1c    0000000c     drivers_cc32xxware.aem4 : PowerCC3200.oem4 (.text:Power_getConstraintMask)
                  2000ef28    0000000c                             : PowerCC3200.oem4 (.text:Power_getDependencyCount)
                  2000ef34    0000000c                             : RingBuf.oem4 (.text:RingBuf_peek)
                  2000ef40    0000000c                             : UARTCC3200.oem4 (.text:UARTCC3200_init)
                  2000ef4c    0000000c                             : I2CCC3200.oem4 (.text:postNotify)
                  2000ef58    0000000c                             : SPICC3200DMA.oem4 (.text:postNotifyFxn)
                  2000ef64    0000000c                             : UARTCC3200.oem4 (.text:postNotifyFxn)
                  2000ef70    0000000c     startproject_pem4.oem4 (.text:ti_sysbios_family_arm_m3_Hwi_Params__init__S)
                  2000ef7c    0000000c     sysbios.aem4 : BIOS.obj (.text:ti_sysbios_family_arm_m3_Hwi_disableFxn__E)
                  2000ef88    0000000c                  : BIOS.obj (.text:ti_sysbios_family_arm_m3_TaskSupport_getStackAlignment__E)
                  2000ef94    0000000c                  : BIOS.obj (.text:ti_sysbios_family_arm_m3_Timer_getMaxTicks__E)
                  2000efa0    0000000c                  : BIOS.obj (.text:ti_sysbios_gates_GateHwi_Instance_init__E)
                  2000efac    0000000c                  : BIOS.obj (.text:ti_sysbios_gates_GateHwi_query__E)
                  2000efb8    0000000c                  : BIOS.obj (.text:ti_sysbios_gates_GateMutex_query__E)
                  2000efc4    0000000c                  : BIOS.obj (.text:ti_sysbios_heaps_HeapMem_isBlocking__E)
                  2000efd0    0000000c     startproject_pem4.oem4 (.text:ti_sysbios_knl_Clock_Params__init__S)
                  2000efdc    0000000c     sysbios.aem4 : BIOS.obj (.text:ti_sysbios_knl_Clock_handle$7)
                  2000efe8    0000000c                  : BIOS.obj (.text:ti_sysbios_knl_Clock_removeI__E)
                  2000eff4    0000000c                  : BIOS.obj (.text:ti_sysbios_knl_Idle_loop__E)
                  2000f000    0000000c     startproject_pem4.oem4 (.text:ti_sysbios_knl_Queue_Object__get__S)
                  2000f00c    0000000c     sysbios.aem4 : BIOS.obj (.text:ti_sysbios_knl_Queue_struct$5)
                  2000f018    0000000c                  : BIOS.obj (.text:ti_sysbios_knl_Queue_struct$7)
                  2000f024    0000000c     startproject_pem4.oem4 (.text:ti_sysbios_knl_Semaphore_Params__init__S)
                  2000f030    0000000c     sysbios.aem4 : BIOS.obj (.text:ti_sysbios_knl_Semaphore_struct$20)
                  2000f03c    0000000c                  : BIOS.obj (.text:ti_sysbios_knl_Semaphore_struct$5)
                  2000f048    0000000c                  : BIOS.obj (.text:ti_sysbios_knl_Swi_Module_startup__E)
                  2000f054    0000000c                  : BIOS.obj (.text:ti_sysbios_knl_Task_Object_next$10)
                  2000f060    0000000c     startproject_pem4.oem4 (.text:ti_sysbios_knl_Task_Params__init__S)
                  2000f06c    0000000c     sysbios.aem4 : BIOS.obj (.text:ti_sysbios_knl_Task_handle$10)
                  2000f078    0000000c                  : BIOS.obj (.text:ti_sysbios_knl_Task_self__E)
                  2000f084    0000000c     driverlib.a : udma.obj (.text:uDMAControlBaseGet)
                  2000f090    0000000c                 : udma.obj (.text:uDMAEnable)
                  2000f09c    0000000c                 : udma.obj (.text:uDMAErrorStatusClear)
                  2000f0a8    0000000c                 : udma.obj (.text:uDMAIntStatus)
                  2000f0b4    0000000c     ti.targets.arm.rtsarm.aem4 : Error.oem4 (.text:xdc_runtime_Error_init__E)
                  2000f0c0    0000000c                                : Gate.oem4 (.text:xdc_runtime_Gate_enterSystem__E)
                  2000f0cc    0000000c                                : Memory.oem4 (.text:xdc_runtime_Memory_calloc__E)
                  2000f0d8    0000000c                                : Memory.oem4 (.text:xdc_runtime_Memory_getMaxDefaultTypeAlign__E)
                  2000f0e4    0000000c     sysbios.aem4 : BIOS.obj (.text:xdc_uargToPtr$10)
                  2000f0f0    0000000c                  : BIOS.obj (.text:xdc_uargToPtr$21)
                  2000f0fc    0000000c                  : BIOS.obj (.text:xdc_uargToPtr$7)
                  2000f108    0000000a     tirtosport.aem4 : ClockP_tirtos.oem4 (.text:ClockP_stop)
                  2000f112    0000000a     drivers_cc32xxware.aem4 : I2CCC3200.oem4 (.text:I2CCC3200_init)
                  2000f11c    0000000a                             : List.oem4 (.text:List_empty)
                  2000f126    0000000a                             : PWMTimerCC3200.oem4 (.text:PWMTimerCC3200_getPeriodCounts)
                  2000f130    0000000a     tirtosport.aem4 : SemaphoreP_tirtos.oem4 (.text:SemaphoreP_post)
                  2000f13a    0000000a     drivers_cc32xxware.aem4 : WiFi.oem4 (.text:WiFi_close)
                  2000f144    0000000a     ti.mw.fatfs.aem4 : ffosal.oem4 (.text:ff_del_syncobj)
                  2000f14e    0000000a     sysbios.aem4 : BIOS.obj (.text:ti_sysbios_knl_Task_startup__E)
                  2000f158    0000000a     startproject_pem4.oem4 (.text:xdc_runtime_IHeap_alloc)
                  2000f162    0000000a     startproject_pem4.oem4 (.text:xdc_runtime_IHeap_free)
                  2000f16c    00000008     tirtosport.aem4 : ClockP_tirtos.oem4 (.text:ClockP_Params_init)
                  2000f174    00000008     drivers_cc32xxware.aem4 : I2CCC3200.oem4 (.text:I2CCC3200_blockingCallback)
                  2000f17c    00000008                             : I2SCC3200DMA.oem4 (.text:I2SCC3200DMA_init)
                  2000f184    00000008                             : List.oem4 (.text:List_clearList)
                  2000f18c    00000008     driverlib.a : prcm.obj (.text:PRCMSleepEnter)
                  2000f194    00000008     drivers_cc32xxware.aem4 : PWMTimerCC3200.oem4 (.text:PWMTimerCC3200_init)
                  2000f19c    00000008     tirtosport.aem4 : SemaphoreP_tirtos.oem4 (.text:SemaphoreP_Params_init)
                  2000f1a4    00000008     drivers_cc32xxware.aem4 : WatchdogCC3200.oem4 (.text:WatchdogCC3200_clear)
                  2000f1ac    00000008                             : WatchdogCC3200.oem4 (.text:WatchdogCC3200_init)
                  2000f1b4    00000008                             : UARTCC3200.oem4 (.text:readSemCallback)
                  2000f1bc    00000008     sysbios.aem4 : BIOS.obj (.text:ti_sysbios_family_arm_m3_Hwi_doSwiRestore__I)
                  2000f1c4    00000008                  : BIOS.obj (.text:ti_sysbios_family_arm_m3_Hwi_startup__E)
                  2000f1cc    00000008                  : BIOS.obj (.text:ti_sysbios_hal_Hwi_startup__E)
                  2000f1d4    00000008                  : BIOS.obj (.text:ti_sysbios_hal_Hwi_switchFromBootStack__E)
                  2000f1dc    00000008                  : BIOS.obj (.text:ti_sysbios_knl_Clock_getTicksUntilTimeout__E)
                  2000f1e4    00000008                  : BIOS.obj (.text:ti_sysbios_knl_Task_Object_first$10)
                  2000f1ec    00000008     drivers_cc32xxware.aem4 : SPICC3200DMA.oem4 (.text:transferCallback)
                  2000f1f4    00000008                             : UARTCC3200.oem4 (.text:writeSemCallback)
                  2000f1fc    00000008     startproject_pem4.oem4 (.text:xdc_runtime_Text_visitRope__I)
                  2000f204    00000006     drivers_cc32xxware.aem4 : I2CCC3200.oem4 (.text:I2CCC3200_control)
                  2000f20a    00000006                             : PWMTimerCC3200.oem4 (.text:PWMTimerCC3200_getPeriodMicroSecs)
                  2000f210    00000006                             : SDSPICC3200.oem4 (.text:SDSPICC3200_control)
                  2000f216    00000006                             : SPICC3200DMA.oem4 (.text:SPICC3200DMA_control)
                  2000f21c    00000006     driverlib.a : utils.obj (.text:UtilsDelay)
                  2000f222    00000006     drivers_cc32xxware.aem4 : WatchdogCC3200.oem4 (.text:WatchdogCC3200_control)
                  2000f228    00000006     drivers_wifi_cc32xxware.aem4 : WiFiCC3200.oem4 (.text:WiFiCC3200_control)
                  2000f22e    00000006     rtsv7M4_T_le_eabi.lib : copy_decompress_rle.obj (.text:decompress:rle24)
                  2000f234    00000006     ti.mw.fatfs.aem4 : ff.oem4 (.text:lock_fs)
                  2000f23a    00000006     ti.targets.arm.rtsarm.aem4 : System.oem4 (.text:xdc_runtime_System_Module_startup__E)
                  2000f240    00000004     tirtosport.aem4 : ClockP_tirtos.oem4 (.text:ClockP_getCpuFreq)
                  2000f244    00000004                     : HwiP_tirtos.oem4 (.text:HwiP_clearInterrupt)
                  2000f248    00000004                     : HwiP_tirtos.oem4 (.text:HwiP_disable)
                  2000f24c    00000004                     : HwiP_tirtos.oem4 (.text:HwiP_disableInterrupt)
                  2000f250    00000004                     : HwiP_tirtos.oem4 (.text:HwiP_enableInterrupt)
                  2000f254    00000004     drivers_cc32xxware.aem4 : List.oem4 (.text:List_head)
                  2000f258    00000004                             : List.oem4 (.text:List_next)
                  2000f25c    00000004     ti.mw.fatfs.aem4 : ffosal.oem4 (.text:ff_rel_grant)
                  2000f260    00000004     startproject_pem4.oem4 (.text:ti_sysbios_BIOS_RtsGateProxy_enter__E)
                  2000f264    00000004     startproject_pem4.oem4 (.text:ti_sysbios_BIOS_RtsGateProxy_leave__E)
                  2000f268    00000004     startproject_pem4.oem4 (.text:ti_sysbios_family_arm_m3_Hwi_destruct)
                  2000f26c    00000004     startproject_pem4.oem4 (.text:ti_sysbios_family_arm_m3_TaskSupport_Module__startupDone__S)
                  2000f270    00000004     startproject_pem4.oem4 (.text:ti_sysbios_heaps_HeapMem_Module_GateProxy_enter__E)
                  2000f274    00000004     startproject_pem4.oem4 (.text:ti_sysbios_heaps_HeapMem_Module_GateProxy_leave__E)
                  2000f278    00000004     startproject_pem4.oem4 (.text:ti_sysbios_knl_Clock_TimerProxy_getMaxTicks__E)
                  2000f27c    00000004     startproject_pem4.oem4 (.text:ti_sysbios_knl_Clock_TimerProxy_setPeriodMicroSecs__E)
                  2000f280    00000004     startproject_pem4.oem4 (.text:ti_sysbios_knl_Clock_TimerProxy_start__E)
                  2000f284    00000004     startproject_pem4.oem4 (.text:ti_sysbios_knl_Clock_TimerProxy_stop__E)
                  2000f288    00000004     startproject_pem4.oem4 (.text:ti_sysbios_knl_Clock_destruct)
                  2000f28c    00000004     startproject_pem4.oem4 (.text:ti_sysbios_knl_Mailbox_delete)
                  2000f290    00000004     startproject_pem4.oem4 (.text:ti_sysbios_knl_Queue_destruct)
                  2000f294    00000004     startproject_pem4.oem4 (.text:ti_sysbios_knl_Semaphore_destruct)
                  2000f298    00000004     startproject_pem4.oem4 (.text:ti_sysbios_knl_Task_delete)
                  2000f29c    00000004     ti.targets.arm.rtsarm.aem4 : Error.oem4 (.text:xdc_runtime_Error_getSite__E)
                  2000f2a0    00000004     startproject_pem4.oem4 (.text:xdc_runtime_System_Module_GateProxy_enter__E)
                  2000f2a4    00000004     startproject_pem4.oem4 (.text:xdc_runtime_System_Module_GateProxy_leave__E)
                  2000f2a8    00000004     ti.targets.arm.rtsarm.aem4 : System.oem4 (.text:xdc_runtime_System_aprintf_va__F)
                  2000f2ac    00000004                                : System.oem4 (.text:xdc_runtime_System_printf_va__F)

.bss       0    2000f400    0000295f     UNINITIALIZED
                  2000f400    00001000     (.common:ti_sysbios_heaps_HeapMem_Instance_State_0_buf__A)
                  20010400    00000800     startproject_pem4.oem4 (.bss:taskStackSection)
                  20010c00    00000400     CC3200_LAUNCHXL.obj (.bss:dmaControlTable)
                  20011000    0000030c     (.common:ti_sysbios_family_arm_m3_Hwi_dispatchTable)
                  2001130c    00000240     (.common:sdspiCC3200Objects)
                  2001154c    00000200     (.common:xdc_runtime_SysMin_Module_State_0_outbuf__A)
                  2001174c    0000012c     drivers_cc32xxware.aem4 : PowerCC3200.oem4 (.bss:PowerCC3200_contextSave)
                  20011878    00000120     rtsv7M4_T_le_eabi.lib : trgmsg.obj (.bss:_CIOBUF_)
                  20011998    00000108     (.common:uartCC3200Objects)
                  20011aa0    00000078     (.common:SPICC3200DMAObjects)
                  20011b18    00000058     (.common:i2sCC3200Objects)
                  20011b70    00000050     (.common:i2cCC3200Objects)
                  20011bc0    00000040     drivers_cc32xxware.aem4 : I2SCC3200DMA.oem4 (.bss:I2SCC3200DMA_zeroBuffer)
                  20011c00    00000040     (.common:uartCC3200RingBuffer)
                  20011c40    00000030     (.common:wiFiCC3200Objects)
                  20011c70    00000020     (.common:I2SCC3200DMA_emptyBuffer)
                  20011c90    00000020     (.common:gpioCallbackInfo)
                  20011cb0    00000020     (.common:pwmTimerCC3200Objects)
                  20011cd0    00000014     (.common:I2SCC3200DMA_emptyBufDesc)
                  20011ce4    00000014     (.common:I2SCC3200DMA_zeroBufDesc)
                  20011cf8    00000014     (.common:powerNotifyObj)
                  20011d0c    00000010     (.common:FatFs)
                  20011d1c    00000010     (.common:sdspiHandles)
                  20011d2c    00000008     rtsv7M4_T_le_eabi.lib : trgdrv.obj (.bss:parmbuf)
                  20011d34    00000004     (.common:SimpleLinkSpawnTaskHndl)
                  20011d38    00000008     (.common:firstRTC$1)
                  20011d40    00000008     (.common:spiCC3200DMAscratchBuf)
                  20011d48    00000004     (.common:blinkaction)
                  20011d4c    00000004     (.common:button)
                  20011d50    00000004     (.common:firstTick$2)
                  20011d54    00000004     (.common:simpleLink_mailbox)
                  20011d58    00000004     (.common:watchdogCC3200Objects)
                  20011d5c    00000002     (.common:Fsid)
                  20011d5e    00000001     (.common:powerConstraint)

.const     0    20011d60    00000aa2     
                  20011d60    00000100     driverlib.a : pin.obj (.const:g_ulPinToPadMap)
                  20011e60    000000a8                 : prcm.obj (.const:PRCM_PeriphRegsList)
                  20011f08    00000068     CC3200_LAUNCHXL.obj (.const:spiCC3200DMAHWAttrs)
                  20011f70    00000060     drivers_cc32xxware.aem4 : SPICC3200DMA.oem4 (.const)
                  20011fd0    0000004c                             : UARTCC3200.oem4 (.const)
                  2001201c    00000048     startproject_pem4.oem4 (.const:.string)
                  20012064    0000003c     startproject_pem4.oem4 (.const:ti_sysbios_knl_Task_Object__PARAMS__C)
                  200120a0    00000038     drivers_cc32xxware.aem4 : I2SCC3200DMA.oem4 (.const)
                  200120d8    00000034                             : GPIOCC3200.oem4 (.const)
                  2001210c    00000034     startproject_pem4.oem4 (.const:ti_sysbios_knl_Mailbox_Object__PARAMS__C)
                  20012140    00000030     startproject_pem4.oem4 (.const:ti_sysbios_family_arm_m3_Hwi_Object__PARAMS__C)
                  20012170    00000030     CC3200_LAUNCHXL.obj (.const:uartCC3200HWAttrs)
                  200121a0    0000002a     drivers_cc32xxware.aem4 : GPIOCC3200.oem4 (.const:.string)
                  200121ca    00000002     startproject_pem4.oem4 (.const:ti_sysbios_family_arm_m3_Hwi_Module__id__C)
                  200121cc    00000028     CC3200_LAUNCHXL.obj (.const:PowerCC3200_config)
                  200121f4    00000028     drivers_cc32xxware.aem4 : UARTCC3200.oem4 (.const:UARTCC3200_fxnTable)
                  2001221c    00000028     startproject_pem4.oem4 (.const:ti_sysbios_heaps_HeapMem_Module__FXNS__C)
                  20012244    00000024     CC3200_LAUNCHXL.obj (.const:PWM_config)
                  20012268    00000024     CC3200_LAUNCHXL.obj (.const:SPI_config)
                  2001228c    00000024     CC3200_LAUNCHXL.obj (.const:UART_config)
                  200122b0    00000024     CC3200_LAUNCHXL.obj (.const:sdspiCC3200HWattrs)
                  200122d4    00000024     startproject_pem4.oem4 (.const:ti_sysbios_gates_GateHwi_Module__FXNS__C)
                  200122f8    00000024     startproject_pem4.oem4 (.const:ti_sysbios_gates_GateMutex_Module__FXNS__C)
                  2001231c    00000024     startproject_pem4.oem4 (.const:ti_sysbios_heaps_HeapMem_Object__PARAMS__C)
                  20012340    00000024     startproject_pem4.oem4 (.const:ti_sysbios_knl_Clock_Object__PARAMS__C)
                  20012364    00000024     startproject_pem4.oem4 (.const:ti_sysbios_knl_Semaphore_Object__PARAMS__C)
                  20012388    00000024     startproject_pem4.oem4 (.const:xdc_runtime_Startup_sfxnTab__A)
                  200123ac    00000020     drivers_cc32xxware.aem4 : PWMTimerCC3200.oem4 (.const)
                  200123cc    00000020     startproject_pem4.oem4 (.const:ti_sysbios_family_arm_m3_Hwi_Object__DESC__C)
                  200123ec    00000020     startproject_pem4.oem4 (.const:ti_sysbios_gates_GateHwi_Object__DESC__C)
                  2001240c    00000020     startproject_pem4.oem4 (.const:ti_sysbios_gates_GateMutex_Object__DESC__C)
                  2001242c    00000020     startproject_pem4.oem4 (.const:ti_sysbios_heaps_HeapMem_Object__DESC__C)
                  2001244c    00000020     startproject_pem4.oem4 (.const:ti_sysbios_knl_Clock_Object__DESC__C)
                  2001246c    00000020     startproject_pem4.oem4 (.const:ti_sysbios_knl_Mailbox_Object__DESC__C)
                  2001248c    00000020     startproject_pem4.oem4 (.const:ti_sysbios_knl_Queue_Object__DESC__C)
                  200124ac    00000020     startproject_pem4.oem4 (.const:ti_sysbios_knl_Semaphore_Object__DESC__C)
                  200124cc    00000020     startproject_pem4.oem4 (.const:ti_sysbios_knl_Task_Object__DESC__C)
                  200124ec    0000001c     drivers_cc32xxware.aem4 : I2CCC3200.oem4 (.const)
                  20012508    00000018     CC3200_LAUNCHXL.obj (.const:I2C_config)
                  20012520    00000018     CC3200_LAUNCHXL.obj (.const:I2S_config)
                  20012538    00000018     CC3200_LAUNCHXL.obj (.const:SDSPI_config)
                  20012550    00000018     CC3200_LAUNCHXL.obj (.const:Watchdog_config)
                  20012568    00000018     CC3200_LAUNCHXL.obj (.const:WiFi_config)
                  20012580    00000018     driverlib.a : spi.obj (.const)
                  20012598    00000018     drivers_cc32xxware.aem4 : WatchdogCC3200.oem4 (.const)
                  200125b0    00000018     startproject_pem4.oem4 (.const:ti_sysbios_gates_GateHwi_Object__PARAMS__C)
                  200125c8    00000018     startproject_pem4.oem4 (.const:ti_sysbios_gates_GateMutex_Object__PARAMS__C)
                  200125e0    00000018     startproject_pem4.oem4 (.const:ti_sysbios_knl_Queue_Object__PARAMS__C)
                  200125f8    00000014     CC3200_LAUNCHXL.obj (.const:GPIOCC3200_config)
                  2001260c    00000014     CC3200_LAUNCHXL.obj (.const:i2sCC3200HWAttrs)
                  20012620    00000012     startproject_pem4.oem4 (.const:xdc_runtime_Startup_sfxnRts__A)
                  20012632    00000002     startproject_pem4.oem4 (.const:ti_sysbios_family_arm_m3_Timer_Module__id__C)
                  20012634    00000010     drivers_cc32xxware.aem4 : SDSPICC3200.oem4 (.const)
                  20012644    00000010     drivers_wifi_cc32xxware.aem4 : WiFiCC3200.oem4 (.const)
                  20012654    00000010     CC3200_LAUNCHXL.obj (.const:pwmTimerCC3200HWAttrs)
                  20012664    00000010     CC3200_LAUNCHXL.obj (.const:watchdogCC3200HWAttrs)
                  20012674    0000000c     CC3200_LAUNCHXL.obj (.const:i2cCC3200HWAttrs)
                  20012680    0000000c     startproject_pem4.oem4 (.const:xdc_runtime_Startup_firstFxns__A)
                  2001268c    00000008     startproject_pem4.oem4 (.const:ti_sysbios_family_arm_m3_Hwi_excHookFuncs__A)
[...]
2000f1c5  ti_sysbios_family_arm_m3_Hwi_startup__E                    
2000f1c5  ti_sysbios_hal_Hwi_HwiProxy_startup__E                     
2000f1cd  ti_sysbios_hal_Hwi_startup__E                              
2000f1d5  ti_sysbios_hal_Hwi_switchFromBootStack__E                  
2000f1dd  ti_sysbios_knl_Clock_getTicksUntilTimeout__E               
2000f1fd  xdc_runtime_Text_visitRope__I                              
2000f205  I2CCC3200_control                                          
2000f20b  PWMTimerCC3200_getPeriodMicroSecs                          
2000f211  SDSPICC3200_control                                        
2000f217  SPICC3200DMA_control                                       
2000f21d  UtilsDelay                                                 
2000f223  WatchdogCC3200_control                                     
2000f229  WiFiCC3200_control                                         
2000f22f  __TI_decompress_rle24                                      
2000f23b  xdc_runtime_System_Module_startup__E                       
2000f241  ClockP_getCpuFreq                                          
2000f245  HwiP_clearInterrupt                                        
2000f249  HwiP_disable                                               
2000f24d  HwiP_disableInterrupt                                      
2000f251  HwiP_enableInterrupt                                       
2000f255  List_head                                                  
2000f259  List_next                                                  
2000f25d  ff_rel_grant                                               
2000f261  ti_sysbios_BIOS_RtsGateProxy_enter__E                      
2000f265  ti_sysbios_BIOS_RtsGateProxy_leave__E                      
2000f269  ti_sysbios_family_arm_m3_Hwi_destruct                      
2000f26d  ti_sysbios_family_arm_m3_TaskSupport_Module__startupDone__S
2000f26d  ti_sysbios_knl_Task_SupportProxy_Module__startupDone__S    
2000f271  ti_sysbios_heaps_HeapMem_Module_GateProxy_enter__E         
2000f275  ti_sysbios_heaps_HeapMem_Module_GateProxy_leave__E         
2000f279  ti_sysbios_knl_Clock_TimerProxy_getMaxTicks__E             
2000f27d  ti_sysbios_knl_Clock_TimerProxy_setPeriodMicroSecs__E      
2000f281  ti_sysbios_knl_Clock_TimerProxy_start__E                   
2000f285  ti_sysbios_knl_Clock_TimerProxy_stop__E                    
2000f289  ti_sysbios_knl_Clock_destruct                              
2000f28d  ti_sysbios_knl_Mailbox_delete                              
2000f291  ti_sysbios_knl_Queue_destruct                              
2000f295  ti_sysbios_knl_Semaphore_destruct                          
2000f299  ti_sysbios_knl_Task_delete                                 
2000f29d  xdc_runtime_Error_getSite__E                               
2000f2a1  xdc_runtime_System_Module_GateProxy_enter__E               
2000f2a5  xdc_runtime_System_Module_GateProxy_leave__E               
2000f2a9  xdc_runtime_System_aprintf_va__F                           
2000f2ad  xdc_runtime_System_printf_va__F                            
2000f400  ti_sysbios_heaps_HeapMem_Instance_State_0_buf__A           
20010400  ti_sysbios_knl_Task_Instance_State_0_stack__A              
20011000  ti_sysbios_family_arm_m3_Hwi_dispatchTable                 
2001130c  sdspiCC3200Objects                                         
2001154c  xdc_runtime_SysMin_Module_State_0_outbuf__A                
2001174c  PowerCC3200_contextSave                                    
20011878  __CIOBUF_                                                  
20011998  uartCC3200Objects                                          
20011aa0  SPICC3200DMAObjects                                        
20011b18  i2sCC3200Objects                                           
20011b70  i2cCC3200Objects                                           
20011bc0  I2SCC3200DMA_zeroBuffer                                    
20011c00  uartCC3200RingBuffer                                       
20011c40  wiFiCC3200Objects                                          
20011c70  I2SCC3200DMA_emptyBuffer                                   
20011cb0  pwmTimerCC3200Objects                                      
20011cd0  I2SCC3200DMA_emptyBufDesc                                  
20011ce4  I2SCC3200DMA_zeroBufDesc                                   
20011d34  SimpleLinkSpawnTaskHndl                                    
20011d40  spiCC3200DMAscratchBuf                                     
20011d48  blinkaction                                                
20011d4c  button                                                     
20011d54  simpleLink_mailbox                                         
20011d58  watchdogCC3200Objects                                      
20011f08  spiCC3200DMAHWAttrs                                        
20011f70  SPICC3200DMA_fxnTable                                      
20012064  ti_sysbios_knl_Task_Object__PARAMS__C                      
200120a0  I2SCC3200DMA_fxnTable                                      
200120d8  inPinTypes                                                 
200120de  outPinTypes                                                
200120e6  outPinStrengths                                            
2001210c  ti_sysbios_knl_Mailbox_Object__PARAMS__C                   
20012140  ti_sysbios_family_arm_m3_Hwi_Object__PARAMS__C             
20012170  uartCC3200HWAttrs                                          
200121ca  ti_sysbios_family_arm_m3_Hwi_Module__id__C                 
200121cc  PowerCC3200_config                                         
200121f4  UARTCC3200_fxnTable                                        
2001221c  ti_sysbios_heaps_HeapMem_Module__FXNS__C                   
20012244  PWM_config                                                 
20012268  SPI_config                                                 
2001228c  UART_config                                                
200122b0  sdspiCC3200HWattrs                                         
200122d4  ti_sysbios_gates_GateHwi_Module__FXNS__C                   
200122f8  ti_sysbios_gates_GateMutex_Module__FXNS__C                 
2001231c  ti_sysbios_heaps_HeapMem_Object__PARAMS__C                 
20012340  ti_sysbios_knl_Clock_Object__PARAMS__C                     
20012364  ti_sysbios_knl_Semaphore_Object__PARAMS__C                 
20012388  xdc_runtime_Startup_sfxnTab__A                             
200123ac  PWMTimerCC3200_fxnTable                                    
200123c8  PWMTimerCC3200_MAX_PRESCALAR_VALUE                         
200123ca  PWMTimerCC3200_MAX_MATCH_VALUE                             
200123cc  ti_sysbios_family_arm_m3_Hwi_Object__DESC__C               
200123ec  ti_sysbios_gates_GateHwi_Object__DESC__C                   
2001240c  ti_sysbios_gates_GateMutex_Object__DESC__C                 
2001242c  ti_sysbios_heaps_HeapMem_Object__DESC__C                   
2001244c  ti_sysbios_knl_Clock_Object__DESC__C                       
2001246c  ti_sysbios_knl_Mailbox_Object__DESC__C                     
2001248c  ti_sysbios_knl_Queue_Object__DESC__C                       
200124ac  ti_sysbios_knl_Semaphore_Object__DESC__C                   
200124cc  ti_sysbios_knl_Task_Object__DESC__C                        
200124ec  I2CCC3200_fxnTable                                         
20012508  I2C_config                                                 
20012520  I2S_config                                                 
20012538  SDSPI_config                                               
20012550  Watchdog_config                                            
20012568  WiFi_config                                                
20012598  WatchdogCC3200_fxnTable                                    
200125b0  ti_sysbios_gates_GateHwi_Object__PARAMS__C                 
200125c8  ti_sysbios_gates_GateMutex_Object__PARAMS__C               
200125e0  ti_sysbios_knl_Queue_Object__PARAMS__C                     
200125f8  GPIOCC3200_config                                          
2001260c  i2sCC3200HWAttrs                                           
20012620  xdc_runtime_Startup_sfxnRts__A                             
20012632  ti_sysbios_family_arm_m3_Timer_Module__id__C               
20012634  SDSPICC3200_fxnTable                                       
20012644  WiFiCC3200_fxnTable                                        
20012654  pwmTimerCC3200HWAttrs                                      
20012664  watchdogCC3200HWAttrs                                      
20012674  i2cCC3200HWAttrs                                           
20012680  xdc_runtime_Startup_firstFxns__A                           
2001268c  ti_sysbios_family_arm_m3_Hwi_excHookFuncs__A               
20012694  ti_sysbios_knl_Idle_funcList__A                            
2001269c  ti_sysbios_knl_Idle_funcList__C                            
200126a4  xdc_runtime_Startup_firstFxns__C                           
200126ac  xdc_runtime_Startup_lastFxns__C                            
200126b4  ti_sysbios_family_arm_m3_Hwi_E_NMI__C                      
200126b8  ti_sysbios_family_arm_m3_Hwi_E_alreadyDefined__C           
200126bc  ti_sysbios_family_arm_m3_Hwi_E_busFault__C                 
200126c0  ti_sysbios_family_arm_m3_Hwi_E_debugMon__C                 
200126c4  ti_sysbios_family_arm_m3_Hwi_E_hardFault__C                
200126c8  ti_sysbios_family_arm_m3_Hwi_E_memFault__C                 
200126cc  ti_sysbios_family_arm_m3_Hwi_E_noIsr__C                    
200126d0  ti_sysbios_family_arm_m3_Hwi_E_reserved__C                 
200126d4  ti_sysbios_family_arm_m3_Hwi_E_svCall__C                   
200126d8  ti_sysbios_family_arm_m3_Hwi_E_usageFault__C               
200126dc  ti_sysbios_family_arm_m3_Hwi_NUM_INTERRUPTS__C             
200126e0  ti_sysbios_family_arm_m3_Hwi_Object__count__C              
200126e4  ti_sysbios_family_arm_m3_Hwi_ccr__C                        
200126e8  ti_sysbios_family_arm_m3_Hwi_excHandlerFunc__C             
200126ec  ti_sysbios_family_arm_m3_Hwi_excHookFuncs__C               
200126f0  ti_sysbios_family_arm_m3_Hwi_nullIsrFunc__C                
200126f4  ti_sysbios_family_arm_m3_Hwi_priGroup__C                   
200126f8  ti_sysbios_family_arm_m3_TaskSupport_stackAlignment__C     
200126fc  ti_sysbios_family_arm_m3_Timer_E_cannotSupport__C          
20012700  ti_sysbios_family_arm_m3_Timer_startupNeeded__C            
20012704  ti_sysbios_gates_GateMutex_Instance_State_sem__O           
20012708  ti_sysbios_heaps_HeapMem_E_memory__C                       
2001270c  ti_sysbios_heaps_HeapMem_Module__gateObj__C                
20012710  ti_sysbios_heaps_HeapMem_Object__count__C                  
20012714  ti_sysbios_heaps_HeapMem_reqAlign__C                       
20012718  ti_sysbios_knl_Clock_Module_State_clockQ__O                
2001271c  ti_sysbios_knl_Clock_tickPeriod__C                         
20012720  ti_sysbios_knl_Mailbox_Instance_State_dataQue__O           
20012724  ti_sysbios_knl_Mailbox_Instance_State_dataSem__O           
20012728  ti_sysbios_knl_Mailbox_Instance_State_freeQue__O           
2001272c  ti_sysbios_knl_Mailbox_Instance_State_freeSem__O           
20012730  ti_sysbios_knl_Mailbox_Object__count__C                    
20012734  ti_sysbios_knl_Mailbox_maxTypeAlign__C                     
20012738  ti_sysbios_knl_Semaphore_Instance_State_pendQ__O           
2001273c  ti_sysbios_knl_Task_E_deleteNotAllowed__C                  
20012740  ti_sysbios_knl_Task_Module_State_inactiveQ__O              
20012744  ti_sysbios_knl_Task_Module_State_terminatedQ__O            
20012748  ti_sysbios_knl_Task_Object__count__C                       
2001274c  ti_sysbios_knl_Task_allBlockedFunc__C                      
20012750  ti_sysbios_knl_Task_defaultStackHeap__C                    
20012754  ti_sysbios_knl_Task_defaultStackSize__C                    
20012758  ti_sysbios_knl_Task_numConstructedTasks__C                 
2001275c  wiFiCC3200HWAttrs                                          
20012760  xdc_runtime_Assert_E_assertFailed__C                       
20012764  xdc_runtime_Core_A_initializedParams__C                    
20012768  xdc_runtime_Core_Module__diagsEnabled__C                   
2001276c  xdc_runtime_Core_Module__diagsIncluded__C                  
20012770  xdc_runtime_Core_Module__diagsMask__C                      
20012774  xdc_runtime_Error_E_memory__C                              
20012778  xdc_runtime_Error_Module__diagsEnabled__C                  
2001277c  xdc_runtime_Error_Module__diagsIncluded__C                 
20012780  xdc_runtime_Error_Module__diagsMask__C                     
20012784  xdc_runtime_Error_Module__loggerFxn8__C                    
20012788  xdc_runtime_Error_Module__loggerObj__C                     
2001278c  xdc_runtime_Error_policyFxn__C                             
20012790  xdc_runtime_Error_raiseHook__C                             
20012794  xdc_runtime_IGateProvider_Interface__BASE__C               
20012798  xdc_runtime_IHeap_Interface__BASE__C                       
2001279c  xdc_runtime_IModule_Interface__BASE__C                     
200127a0  xdc_runtime_Log_L_error__C                                 
200127a4  xdc_runtime_Memory_defaultHeapInstance__C                  
200127a8  xdc_runtime_Startup_execImpl__C                            
200127ac  xdc_runtime_Startup_maxPasses__C                           
200127b0  xdc_runtime_Startup_sfxnRts__C                             
200127b4  xdc_runtime_Startup_sfxnTab__C                             
200127b8  xdc_runtime_SysMin_bufSize__C                              
200127bc  xdc_runtime_SysMin_outputFunc__C                           
200127c0  xdc_runtime_System_Module__gateObj__C                      
200127c4  xdc_runtime_System_abortFxn__C                             
200127c8  xdc_runtime_System_exitFxn__C                              
200127cc  xdc_runtime_System_extendFxn__C                            
200127d0  xdc_runtime_System_maxAtexitHandlers__C                    
200127d4  xdc_runtime_Text_charTab__C                                
200127d8  xdc_runtime_Text_nameEmpty__C                              
200127dc  xdc_runtime_Text_nameStatic__C                             
200127e0  xdc_runtime_Text_nameUnknown__C                            
200127e4  xdc_runtime_Text_visitRopeFxn__C                           
200127e8  ti_sysbios_heaps_HeapMem_Module__id__C                     
200127ea  ti_sysbios_knl_Task_Module__id__C                          
200127ec  xdc_runtime_Core_Module__id__C                             
200127ee  xdc_runtime_Error_Module__loggerDefined__C                 
200127f0  xdc_runtime_Error_maxDepth__C                              
200127f2  xdc_runtime_Memory_Module__id__C                           
200127f4  xdc_runtime_SysMin_flushAtExit__C                          
200127f6  xdc_runtime_Text_charCnt__C                                
200127f8  xdc_runtime_Text_isLoaded__C                               
200127fa  xdc_runtime_Text_registryModsLastId__C                     
200127fc  xdc_runtime_Text_unnamedModsLastId__C                      
200127fe  ti_sysbios_knl_Clock_tickMode__C                           
200127ff  ti_sysbios_knl_Clock_tickSource__C                         
20012800  xdc_runtime_Error_policy__C                                
20012801  xdc_runtime_Text_charTab__A                                
20012804  __stack                                                    
20012c04  PowerCC3200_module                                         
20012c04  __STACK_END                                                
20012ca8  ti_sysbios_knl_Task_Object__table__V                       
20012cf4  ti_sysbios_knl_Task_Module__state__V                       
20012d38  ti_sysbios_gates_GateMutex_Object__table__V                
20012d70  ti_sysbios_family_arm_m3_Hwi_Module__state__V              
20012da4  ti_sysbios_family_arm_m3_Timer_Object__table__V            
20012dd4  ti_sysbios_knl_Clock_Module__state__V                      
20012e00  ti_sysbios_BIOS_Module__state__V                           
20012e24  ti_sysbios_knl_Task_Module_State_0_readyQ__A               
20012e44  ti_sysbios_knl_Swi_Module__state__V                        
20012e60  ti_sysbios_family_arm_m3_Hwi_Object__table__V              
20012e78  ti_sysbios_heaps_HeapMem_Object__table__V                  
20012e90  __TI_cleanup_ptr                                           
20012e94  __TI_dtors_ptr                                             
20012e98  __TI_enable_exit_profile_output                            
20012e9c  gpioPinConfigs                                             
20012ea8  ti_sysbios_family_arm_m3_Timer_Module__state__V            
20012eb4  xdc_runtime_SysMin_Module__state__V                        
20012ec0  _lock                                                      
20012ec4  _unlock                                                    
20012ed0  gpioCallbackFunctions                                      
20012ed8  ti_sysbios_family_arm_m3_Hwi_Module__root__V               
20012ee0  ti_sysbios_gates_GateHwi_Module__root__V                   
20012ee8  ti_sysbios_gates_GateMutex_Module__root__V                 
20012ef0  ti_sysbios_heaps_HeapMem_Module__root__V                   
20012ef8  ti_sysbios_knl_Clock_Module__root__V                       
20012f00  ti_sysbios_knl_Mailbox_Module__root__V                     
20012f08  ti_sysbios_knl_Queue_Module__root__V                       
20012f10  ti_sysbios_knl_Semaphore_Module__root__V                   
20012f18  ti_sysbios_knl_Swi_Module_State_0_readyQ__A                
20012f20  ti_sysbios_knl_Task_Module__root__V                        
20012f28  xdc_runtime_Registry_Module__state__V                      
20012f30  xdc_runtime_Startup_Module__state__V                       
20012f38  xdc_runtime_System_Module_State_0_atexitHandlers__A        
20012f40  xdc_runtime_System_Module__state__V                        
20012f74  SPAWN_TASK_PRI                                             
20012f78  main_func_sp                                               
20012f7c  ti_sysbios_family_arm_m3_Hwi_Module_State_0_excContext__A  
20012f80  ti_sysbios_family_arm_m3_Hwi_Module_State_0_excStack__A    
20012f84  ti_sysbios_gates_GateHwi_Object__table__V                  
20012f88  ti_sysbios_knl_Task_Module_State_0_idleTask__A             
20012f8c  xdc_runtime_Memory_Module__state__V                        
20012f90  ti_sysbios_family_arm_m3_Hwi_Module_State_0_excActive__A   
20012f92  xdc_runtime_Error_Module__state__V                         
20012f98  __TI_static_base__                                         
200131cc  __TI_Handler_Table_Base                                    
200131d4  __TI_CINIT_Base                                            
200131d4  __TI_Handler_Table_Limit                                   
200131e4  __TI_CINIT_Limit                                           
e000e000  ti_sysbios_family_arm_m3_Hwi_nvic                          
ffffffff  __TI_pprof_out_hndl                                        
ffffffff  __TI_prof_data_size                                        
ffffffff  __TI_prof_data_start                                       
ffffffff  __binit__                                                  
ffffffff  __c_args__                                                 
ffffffff  binit                                                      
UNDEFED   SHT$$INIT_ARRAY$$Base                                      
UNDEFED   SHT$$INIT_ARRAY$$Limit                                     

[894 symbols]
