******************************************************************************
                  TI ARM Linker PC v15.12.3                    
******************************************************************************
>> Linked Thu Dec 01 04:30:34 2016

OUTPUT FILE NAME:   <startproject_cc3200_ti-rtos.out>
ENTRY POINT SYMBOL: "_c_int00"  address: 2000c211


MEMORY CONFIGURATION

         name            origin    length      used     unused   attr    fill
----------------------  --------  ---------  --------  --------  ----  --------
  SRAM                  20004000   0003c000  0000efb3  0002d04d  RW X


SEGMENT ALLOCATION MAP

run origin  load origin   length   init length attrs members
----------  ----------- ---------- ----------- ----- -------
20004000    20004000    0000b1dc   0000b1dc    r-x
  20004000    20004000    0000030c   0000030c    r-- .resetVecs
  2000430c    2000430c    0000aed0   0000aed0    r-x .text
2000f400    2000f400    00002957   00000000    rw-
  2000f400    2000f400    00002957   00000000    rw- .bss
20011d58    20011d58    00000aa2   00000aa2    r--
  20011d58    20011d58    00000aa2   00000aa2    r-- .const
200127fc    200127fc    00000792   00000000    rw-
  200127fc    200127fc    00000400   00000000    rw- .stack
  20012bfc    20012bfc    00000392   00000000    rw- .data
20012f90    20012f90    0000024c   0000024c    r--
  20012f90    20012f90    0000024c   0000024c    r-- .cinit


SECTION ALLOCATION MAP

 output                                  attributes/
section   page    origin      length       input sections
--------  ----  ----------  ----------   ----------------
.text      0    2000430c    0000aed0     
                  2000430c    000004ac     sysbios.aem4 : BIOS.obj (.text:ti_sysbios_family_arm_m3_Hwi_excDumpRegs__I)
                  200047b8    0000034c     ti.targets.arm.rtsarm.aem4 : System.oem4 (.text:xdc_runtime_System_doPrint__I)
                  20004b04    00000324     ti.mw.fatfs.aem4 : ff.oem4 (.text:find_volume)
                  20004e28    00000324     rtsv7M4_T_le_eabi.lib : trgdrv.obj (.text)
                  2000514c    00000258     drivers_cc32xxware.aem4 : I2SCC3200DMA.oem4 (.text:I2SCC3200DMA_open)
                  200053a4    00000248                             : I2SCC3200DMA.oem4 (.text:I2SCC3200DMA_hwiIntFxn)
                  200055ec    00000228     triggers.obj (.text)
                  20005814    00000208     drivers_cc32xxware.aem4 : UARTCC3200.oem4 (.text:UARTCC3200_open)
                  20005a1c    000001fc                             : SDSPICC3200.oem4 (.text:SDSPICC3200_diskInitialize)
                  20005c18    000001f4     rtsv7M4_T_le_eabi.lib : ull_div_t2.obj (.text)
                  20005e0c    000001d4     sysbios.aem4 : BIOS.obj (.text:ti_sysbios_family_arm_m3_Hwi_excFillContext__I)
                  20005fe0    00000188     power_cc3200_tirtos.aem4 : PowerCC3200_tirtos.oem4 (.text:PowerCC3200_sleepPolicy)
                  20006168    0000017c     drivers_cc32xxware.aem4 : GPIOCC3200.oem4 (.text:GPIO_setConfig)
                  200062e4    0000017c     sysbios.aem4 : BIOS.obj (.text:ti_sysbios_family_arm_m3_Hwi_excBusFault__I)
                  20006460    00000174     drivers_cc32xxware.aem4 : I2SCC3200DMA.oem4 (.text:I2SCC3200DMA_configDMA)
                  200065d4    00000168     sysbios.aem4 : BIOS.obj (.text:ti_sysbios_family_arm_m3_Hwi_excUsageFault__I)
                  2000673c    00000158                  : BIOS.obj (.text:ti_sysbios_heaps_HeapMem_alloc__E)
                  20006894    00000154     drivers_cc32xxware.aem4 : SPICC3200DMA.oem4 (.text:SPICC3200DMA_transfer)
                  200069e8    00000154     sysbios.aem4 : BIOS.obj (.text:ti_sysbios_family_arm_m3_Hwi_excMemFault__I)
                  20006b3c    0000014c                  : BIOS.obj (.text:ti_sysbios_knl_Task_Instance_init__E)
                  20006c88    00000148                  : BIOS.obj (.text:ti_sysbios_knl_Semaphore_pend__E)
                  20006dd0    00000144                  : BIOS.obj (.text:ti_sysbios_family_arm_m3_Hwi_excHandlerMax__I)
                  20006f14    00000134     driverlib.a : prcm.obj (.text:PRCMCC3200MCUInit)
                  20007048    00000130     main.obj (.text)
                  20007178    00000124     drivers_cc32xxware.aem4 : SPICC3200DMA.oem4 (.text:SPICC3200DMA_open)
                  2000729c    00000118     ti.targets.arm.rtsarm.aem4 : Error.oem4 (.text:xdc_runtime_Error_policyDefault__E)
                  200073b4    00000114     sysbios.aem4 : BIOS.obj (.text:ti_sysbios_knl_Task_Instance_finalize__E)
                  200074c8    00000100                  : BIOS.obj (.text:ti_sysbios_knl_Mailbox_Instance_init__E)
                  200075c8    00000100     ti.targets.arm.rtsarm.aem4 : Core-mem.oem4 (.text:xdc_runtime_Core_createObject__I)
                  200076c8    000000f8                                : Startup.oem4 (.text:xdc_runtime_Startup_startMods__I)
                  200077c0    000000f8     startproject_pem4.oem4 (.text:xdc_runtime_System_printfExtend__I)
                  200078b8    000000f0     drivers_cc32xxware.aem4 : SDSPICC3200.oem4 (.text:SDSPICC3200_diskIOctrl)
                  200079a8    000000f0     driverlib.a : udma.obj (.text:uDMAChannelTransferSet)
                  20007a98    000000ee                 : i2s.obj (.text:I2SConfigSetExpClk)
                  20007b86    00000002     drivers_cc32xxware.aem4 : SPICC3200DMA.oem4 (.text:SPICC3200DMA_serviceISR)
                  20007b88    000000e4                             : SDSPICC3200.oem4 (.text:SDSPICC3200_diskWrite)
                  20007c6c    000000e0                             : PWMTimerCC3200.oem4 (.text:PWMTimerCC3200_open)
                  20007d4c    000000dc     sysbios.aem4 : BIOS.obj (.text:ti_sysbios_family_arm_m3_Hwi_excHardFault__I)
                  20007e28    000000d8     drivers_cc32xxware.aem4 : I2CCC3200.oem4 (.text:I2CCC3200_open)
                  20007f00    000000d8                             : SPICC3200DMA.oem4 (.text:configDMA)
                  20007fd8    000000d4                             : SDSPICC3200.oem4 (.text:SDSPICC3200_open)
                  200080ac    000000d0     CC3200_LAUNCHXL.obj (.text)
                  2000817c    000000d0     drivers_cc32xxware.aem4 : I2CCC3200.oem4 (.text:I2CCC3200_hwiFxn)
                  2000824c    000000d0     pin_mux_config.obj (.text)
                  2000831c    000000d0     drivers_cc32xxware.aem4 : GPIOCC3200.oem4 (.text:powerNotifyFxn)
                  200083ec    000000d0     sysbios.aem4 : m3_Hwi_asm.obj (.text:ti_sysbios_family_arm_m3_Hwi_dispatch__I)
                  200084bc    000000d0                  : BIOS.obj (.text:ti_sysbios_heaps_HeapMem_free__E)
                  2000858c    000000cc     ti.targets.arm.rtsarm.aem4 : Core-smem.oem4 (.text:xdc_runtime_Core_constructObject__I)
                  20008658    000000c8     sysbios.aem4 : BIOS.obj (.text:ti_sysbios_family_arm_m3_Hwi_Instance_init__E)
                  20008720    000000c6     drivers_cc32xxware.aem4 : SDSPICC3200.oem4 (.text:send_cmd)
                  200087e6    00000002                             : SPICC3200DMA.oem4 (.text:SPICC3200DMA_transferCancel)
                  200087e8    000000c4     sysbios.aem4 : BIOS.obj (.text:ti_sysbios_family_arm_m3_Hwi_excDebugMon__I)
                  200088ac    000000bc     drivers_cc32xxware.aem4 : SDSPICC3200.oem4 (.text:SDSPICC3200_diskRead)
                  20008968    000000b8                             : PWMTimerCC3200.oem4 (.text:PWMTimerCC3200_setDuty)
                  20008a20    000000b8     sysbios.aem4 : BIOS.obj (.text:ti_sysbios_knl_Clock_workFunc__E)
                  20008ad8    000000b4                  : BIOS.obj (.text:ti_sysbios_family_arm_m3_Hwi_initNVIC__E)
                  20008b8c    000000ac                  : BIOS.obj (.text:ti_sysbios_knl_Task_postInit__I)
                  20008c38    000000a4     drivers_cc32xxware.aem4 : I2CCC3200.oem4 (.text:I2CCC3200_transfer)
                  20008cdc    000000a4                             : SDSPICC3200.oem4 (.text:rcvr_datablock)
                  20008d80    000000a2                             : UARTCC3200.oem4 (.text:UARTCC3200_write)
                  20008e22    00000002                             : WatchdogCC3200.oem4 (.text:WatchdogCC3200_close)
                  20008e24    000000a0     driverlib.a : spi.obj (.text:SPIConfigSetExpClk)
                  20008ec4    000000a0     auto_init.aem4 : auto_init.oem4 (.text)
                  20008f64    000000a0     ti.targets.arm.rtsarm.aem4 : Text.oem4 (.text:xdc_runtime_Text_putMod__E)
                  20009004    0000009e     drivers_cc32xxware.aem4 : UARTCC3200.oem4 (.text:readTaskBlocking)
                  200090a2    0000009c     rtsv7M4_T_le_eabi.lib : memcpy_t2.obj (.text)
                  2000913e    00000002                           : i_div0.obj (.text)
                  20009140    0000009a     ti.targets.arm.rtsarm.aem4 : Text.oem4 (.text:xdc_runtime_Text_putSite__E)
                  200091da    0000009a     drivers_cc32xxware.aem4 : SDSPICC3200.oem4 (.text:xmit_datablock)
                  20009274    00000098                             : UARTCC3200.oem4 (.text:UARTCC3200_control)
                  2000930c    00000098                             : UARTCC3200.oem4 (.text:UARTCC3200_readPolling)
                  200093a4    00000094     driverlib.a : prcm.obj (.text:PRCMPeripheralClockGet)
                  20009438    00000094     drivers_cc32xxware.aem4 : SPICC3200DMA.oem4 (.text:initHw)
                  200094cc    00000090                             : PowerCC3200.oem4 (.text:restoreNVICRegs)
                  2000955c    00000090     sysbios.aem4 : BIOS.obj (.text:ti_sysbios_heaps_HeapMem_Instance_init__E)
                  200095ec    00000090                  : BIOS.obj (.text:ti_sysbios_knl_Mailbox_Instance_finalize__E)
                  2000967c    00000090                  : BIOS.obj (.text:ti_sysbios_knl_Swi_run__I)
                  2000970c    0000008a     drivers_cc32xxware.aem4 : UARTCC3200.oem4 (.text:readIsrTextBlocking)
                  20009796    00000002     startproject_pem4.oem4 (.text:ti_sysbios_BIOS_nullFunc__I)
                  20009798    00000088     driverlib.a : pin.obj (.text:PinConfigSet)
                  20009820    00000088     drivers_cc32xxware.aem4 : UARTCC3200.oem4 (.text:UARTCC3200_close)
                  200098a8    00000088                             : SPICC3200DMA.oem4 (.text:spiHwiFxn)
                  20009930    00000084                             : GPIOCC3200.oem4 (.text:GPIO_init)
                  200099b4    00000084     driverlib.a : i2c.obj (.text:I2CMasterInitExpClk)
                  20009a38    00000084                 : i2s.obj (.text:I2SEnable)
                  20009abc    00000084     drivers_cc32xxware.aem4 : WatchdogCC3200.oem4 (.text:WatchdogCC3200_open)
                  20009b40    00000084                             : PowerCC3200.oem4 (.text:saveNVICRegs)
                  20009bc4    00000084     sysbios.aem4 : BIOS.obj (.text:ti_sysbios_family_arm_m3_Hwi_dispatchC__I)
                  20009c48    00000084                  : BIOS.obj (.text:ti_sysbios_family_arm_m3_Hwi_postInit__I)
                  20009ccc    00000082     driverlib.a : gpio.obj (.text:GPIOIntTypeSet)
                  20009d4e    00000082     drivers_cc32xxware.aem4 : UARTCC3200.oem4 (.text:readIsrTextCallback)
                  20009dd0    00000080     drivers_wifi_cc32xxware.aem4 : WiFiCC3200.oem4 (.text:WiFiCC3200_open)
                  20009e50    00000080     sysbios.aem4 : BIOS.obj (.text:ti_sysbios_knl_Semaphore_post__E)
                  20009ed0    00000080                  : BIOS.obj (.text:ti_sysbios_knl_Task_Module_startup__E)
                  20009f50    00000080                  : BIOS.obj (.text:ti_sysbios_knl_Task_startCore__E)
                  20009fd0    0000007e                  : BIOS.obj (.text:ti_sysbios_knl_Mailbox_pend__E)
                  2000a04e    00000002                  : BIOS.obj (.text:ti_sysbios_knl_Clock_logTick__E)
                  2000a050    0000007c     driverlib.a : spi.obj (.text:SPIIntStatus)
                  2000a0cc    0000007c     ti.mw.fatfs.aem4 : ff.oem4 (.text:f_mount)
                  2000a148    0000007a     drivers_cc32xxware.aem4 : UARTCC3200.oem4 (.text:readTaskCallback)
                  2000a1c2    0000007a     rtsv7M4_T_le_eabi.lib : memset_t2.obj (.text)
                  2000a23c    0000007a     sysbios.aem4 : BIOS.obj (.text:ti_sysbios_knl_Task_exit__E)
                  2000a2b6    00000002     startproject_pem4.oem4 (.text:xdc_runtime_Startup_reset__I)
                  2000a2b8    00000078     drivers_wifi_cc32xxware.aem4 : osi_tirtos.oem4 (.text:VStartSimpleLinkSpawnTask)
                  2000a330    00000076     driverlib.a : uart.obj (.text:UARTConfigSetExpClk)
                  2000a3a6    00000002     --HOLE-- [fill = 0]
                  2000a3a8    00000074     ti.mw.fatfs.aem4 : ff.oem4 (.text:check_fs)
                  2000a41c    00000074     sysbios.aem4 : BIOS.obj (.text:ti_sysbios_family_arm_m3_Hwi_getStackInfo__E)
                  2000a490    00000070     drivers_cc32xxware.aem4 : PWMTimerCC3200.oem4 (.text:PWMTimerCC3200_control)
                  2000a500    00000070                             : PowerCC3200.oem4 (.text:Power_sleep)
                  2000a570    00000070     sysbios.aem4 : BIOS.obj (.text:ti_sysbios_family_arm_m3_Hwi_disableInterrupt__E)
                  2000a5e0    00000070                  : BIOS.obj (.text:ti_sysbios_heaps_HeapMem_getStats__E)
                  2000a650    00000070                  : BIOS.obj (.text:ti_sysbios_knl_Mailbox_Module_startup__E)
                  2000a6c0    00000070                  : BIOS.obj (.text:ti_sysbios_knl_Swi_schedule__I)
                  2000a730    00000070                  : BIOS.obj (.text:ti_sysbios_knl_Task_schedule__I)
                  2000a7a0    0000006d     ti.targets.arm.rtsarm.aem4 : System.oem4 (.text:xdc_runtime_System_formatNum__I)
                  2000a80d    00000003     --HOLE-- [fill = 0]
                  2000a810    0000006c     drivers_cc32xxware.aem4 : UARTCC3200.oem4 (.text:initHw)
                  2000a87c    0000006c     sysbios.aem4 : BIOS.obj (.text:ti_sysbios_family_arm_m3_Hwi_enableInterrupt__E)
                  2000a8e8    0000006c                  : BIOS.obj (.text:ti_sysbios_knl_Swi_runLoop__I)
                  2000a954    0000006c     ti.targets.arm.rtsarm.aem4 : Error.oem4 (.text:xdc_runtime_Error_print__E)
                  2000a9c0    0000006c                                : Memory.oem4 (.text:xdc_runtime_Memory_alloc__E)
                  2000aa2c    0000006a     rtsv7M4_T_le_eabi.lib : copy_decompress_rle.obj (.text)
                  2000aa96    0000006a     sysbios.aem4 : BIOS.obj (.text:ti_sysbios_family_arm_m3_TaskSupport_start__E)
                  2000ab00    00000068     driverlib.a : prcm.obj (.text:PRCMHibernateWakeUpGPIOSelect)
                  2000ab68    00000068     rtsv7M4_T_le_eabi.lib : trgmsg.obj (.text)
                  2000abd0    00000068     drivers_cc32xxware.aem4 : UARTCC3200.oem4 (.text:writeData)
                  2000ac38    00000066     ti.targets.arm.rtsarm.aem4 : Core-mem.oem4 (.text:xdc_runtime_Core_deleteObject__I)
                  2000ac9e    00000002     --HOLE-- [fill = 0]
                  2000aca0    00000064     drivers_cc32xxware.aem4 : GPIOCC3200.oem4 (.text:GPIO_hwiIntFxn)
                  2000ad04    00000064     sysbios.aem4 : BIOS.obj (.text:ti_sysbios_knl_Clock_walkQueuePeriodic__E)
                  2000ad68    00000064     startproject_pem4.oem4 (.text:ti_sysbios_knl_Mailbox_create)
                  2000adcc    00000064     driverlib.a : udma.obj (.text:uDMAChannelAttributeDisable)
                  2000ae30    00000064                 : udma.obj (.text:uDMAChannelAttributeEnable)
                  2000ae94    00000062     tirtosport.aem4 : HwiP_tirtos.oem4 (.text:HwiP_create)
                  2000aef6    00000002     --HOLE-- [fill = 0]
                  2000aef8    00000060     sysbios.aem4 : BIOS.obj (.text:ti_sysbios_family_arm_m3_Hwi_Module_startup__E)
                  2000af58    00000060                  : BIOS.obj (.text:ti_sysbios_family_arm_m3_Timer_setPeriod__E)
                  2000afb8    00000060     drivers_cc32xxware.aem4 : SDSPICC3200.oem4 (.text:wait_ready)
                  2000b018    0000005e                             : I2CCC3200.oem4 (.text:I2CCC3200_primeTransfer)
                  2000b076    0000005e                             : UARTCC3200.oem4 (.text:readIsrBinaryBlocking)
                  2000b0d4    0000005c     driverlib.a : prcm.obj (.text:PRCMI2SClockFreqSet)
                  2000b130    0000005c     sysbios.aem4 : BIOS.obj (.text:ti_sysbios_knl_Task_allBlockedFunction__I)
                  2000b18c    0000005c     startproject_pem4.oem4 (.text:ti_sysbios_knl_Task_create)
                  2000b1e8    0000005b     ti.targets.arm.rtsarm.aem4 : Text.oem4 (.text:xdc_runtime_Text_putLab__E)
                  2000b243    00000001     --HOLE-- [fill = 0]
                  2000b244    0000005a     tirtosport.aem4 : ClockP_tirtos.oem4 (.text:ClockP_create)
                  2000b29e    0000005a     drivers_cc32xxware.aem4 : SPICC3200DMA.oem4 (.text:SPICC3200DMA_close)
                  2000b2f8    00000058     driverlib.a : prcm.obj (.text:PRCMPeripheralReset)
                  2000b350    00000058     drivers_cc32xxware.aem4 : PowerCC3200.oem4 (.text:Power_init)
                  2000b3a8    00000058     tirtosport.aem4 : SemaphoreP_tirtos.oem4 (.text:SemaphoreP_create)
                  2000b400    00000058     startproject_pem4.oem4 (.text:ti_sysbios_family_arm_m3_Hwi_construct)
                  2000b458    00000058     sysbios.aem4 : BIOS.obj (.text:ti_sysbios_knl_Mailbox_postInit__I)
                  2000b4b0    00000058                  : BIOS.obj (.text:ti_sysbios_knl_Task_blockI__E)
                  2000b508    00000056                  : BIOS.obj (.text:ti_sysbios_family_arm_m3_Timer_setPeriodMicroSecs__E)
                  2000b55e    00000054     drivers_cc32xxware.aem4 : UARTCC3200.oem4 (.text:UARTCC3200_writeCancel)
                  2000b5b2    00000054                             : UARTCC3200.oem4 (.text:readIsrBinaryCallback)
                  2000b606    00000002     --HOLE-- [fill = 0]
                  2000b608    00000054     rtsv7M4_T_le_eabi.lib : exit.obj (.text)
                  2000b65c    00000054     ti.mw.fatfs.aem4 : ff.oem4 (.text:sync_window)
                  2000b6b0    00000054     sysbios.aem4 : BIOS.obj (.text:ti_sysbios_heaps_HeapMem_init__I)
                  2000b704    00000054     ti.targets.arm.rtsarm.aem4 : Assert.oem4 (.text:xdc_runtime_Assert_raise__I)
                  2000b758    00000050     drivers_cc32xxware.aem4 : GPIOCC3200.oem4 (.text:GPIO_toggle)
                  2000b7a8    00000050                             : GPIOCC3200.oem4 (.text:GPIO_write)
                  2000b7f8    00000050                             : I2CCC3200.oem4 (.text:I2CCC3200_close)
                  2000b848    00000050                             : I2CCC3200.oem4 (.text:initHw)
                  2000b898    00000050     sysbios.aem4 : BIOS.obj (.text:ti_sysbios_family_arm_m3_Timer_start__E)
                  2000b8e8    00000050     ti.targets.arm.rtsarm.aem4 : Startup.oem4 (.text:xdc_runtime_Startup_exec__E)
                  2000b938    0000004e     sysbios.aem4 : BIOS.obj (.text:ti_sysbios_knl_Clock_Instance_init__E)
                  2000b986    00000002     --HOLE-- [fill = 0]
                  2000b988    0000004c     drivers_cc32xxware.aem4 : GPIOCC3200.oem4 (.text:GPIO_setCallback)
                  2000b9d4    0000004c                             : I2CCC3200.oem4 (.text:I2CCC3200_completeTransfer)
                  2000ba20    0000004c                             : I2SCC3200DMA.oem4 (.text:I2SCC3200DMA_readIssue)
                  2000ba6c    0000004c                             : I2SCC3200DMA.oem4 (.text:I2SCC3200DMA_writeIssue)
                  2000bab8    0000004c     driverlib.a : spi.obj (.text:SPIIntDisable)
                  2000bb04    0000004c                 : spi.obj (.text:SPIIntEnable)
                  2000bb50    0000004c     rtsv7M4_T_le_eabi.lib : cpy_tbl.obj (.text)
                  2000bb9c    0000004c     drivers_cc32xxware.aem4 : SDSPICC3200.oem4 (.text:send_initial_clock_train)
                  2000bbe8    0000004c     sysbios.aem4 : BIOS.obj (.text:ti_sysbios_family_arm_m3_Hwi_excReserved__I)
                  2000bc34    0000004c                  : m3_TaskSupport_asm.obj (.text:ti_sysbios_family_arm_m3_TaskSupport_buildTaskStack)
                  2000bc80    0000004c                  : BIOS.obj (.text:ti_sysbios_family_arm_m3_Timer_initDevice__I)
                  2000bccc    0000004c                  : BIOS.obj (.text:ti_sysbios_knl_Task_unblockI__E)
                  2000bd18    0000004c     driverlib.a : udma.obj (.text:uDMAChannelAssign)
                  2000bd64    0000004a     sysbios.aem4 : BIOS.obj (.text:ti_sysbios_knl_Task_deleteTerminatedTasksFunc__I)
                  2000bdae    00000002     --HOLE-- [fill = 0]
                  2000bdb0    00000048     driverlib.a : flash.obj (.text:FlashDisable)
                  2000bdf8    00000048                 : prcm.obj (.text:PRCMHibernateWakeupSourceEnable)
                  2000be40    00000048                 : pin.obj (.text:PinConfigGet)
                  2000be88    00000048                 : spi.obj (.text:SPIIntClear)
                  2000bed0    00000048     drivers_cc32xxware.aem4 : PowerCC3200.oem4 (.text:notify)
                  2000bf18    00000048     sysbios.aem4 : BIOS.obj (.text:ti_sysbios_family_arm_m3_Hwi_Instance_finalize__E)
                  2000bf60    00000048                  : m3_Hwi_asm_switch.obj (.text:ti_sysbios_family_arm_m3_Hwi_initStacks__E)
                  2000bfa8    00000046     drivers_cc32xxware.aem4 : RingBuf.oem4 (.text:RingBuf_put)
                  2000bfee    00000046     ti.targets.arm.rtsarm.aem4 : Core-params.oem4 (.text:xdc_runtime_Core_assignParams__I)
                  2000c034    00000044     drivers_cc32xxware.aem4 : I2SCC3200DMA.oem4 (.text:I2SCC3200DMA_close)
                  2000c078    00000044                             : I2SCC3200DMA.oem4 (.text:I2SCC3200DMA_control)
                  2000c0bc    00000044     driverlib.a : i2s.obj (.text:I2SSerializerConfig)
                  2000c100    00000044                 : prcm.obj (.text:PRCMLPDSEnter)
                  2000c144    00000044     drivers_cc32xxware.aem4 : PowerCC3200_asm.oem4 (.text:PowerCC3200_enterLPDS)
                  2000c188    00000044     driverlib.a : spi.obj (.text:SPIDmaMaskGet)
                  2000c1cc    00000044     drivers_cc32xxware.aem4 : UARTCC3200.oem4 (.text:UARTCC3200_hwiIntFxn)
                  2000c210    00000044     boot.aem4 : boot.oem4 (.text)
                  2000c254    00000044     sysbios.aem4 : BIOS.obj (.text:ti_sysbios_family_arm_m3_Hwi_excSvCall__I)
                  2000c298    00000044     ti.targets.arm.rtsarm.aem4 : Error.oem4 (.text:xdc_runtime_Error_setX__E)
                  2000c2dc    00000044                                : SysMin.oem4 (.text:xdc_runtime_SysMin_flush__E)
                  2000c320    00000044                                : Text.oem4 (.text:xdc_runtime_Text_xprintf__I)
                  2000c364    00000042     drivers_cc32xxware.aem4 : PowerCC3200_asm.oem4 (.text:PowerCC3200_resumeLPDS)
                  2000c3a6    00000042                             : UARTCC3200.oem4 (.text:UARTCC3200_writePolling)
                  2000c3e8    00000042     sysbios.aem4 : BIOS.obj (.text:ti_sysbios_knl_Semaphore_Instance_init__E)
                  2000c42a    00000002     --HOLE-- [fill = 0]
                  2000c42c    00000040     drivers_cc32xxware.aem4 : GPIOCC3200.oem4 (.text:GPIO_enableInt)
                  2000c46c    00000040     driverlib.a : i2s.obj (.text:I2SIntDisable)
                  2000c4ac    00000040                 : i2s.obj (.text:I2SIntEnable)
                  2000c4ec    00000040                 : pin.obj (.text:PinModeSet)
                  2000c52c    00000040     drivers_cc32xxware.aem4 : PowerCC3200.oem4 (.text:Power_setDependency)
                  2000c56c    00000040                             : RingBuf.oem4 (.text:RingBuf_get)
                  2000c5ac    00000040                             : SDSPICC3200.oem4 (.text:SDSPICC3200_close)
                  2000c5ec    00000040                             : UARTCC3200.oem4 (.text:UARTCC3200_read)
                  2000c62c    00000040     ti.mw.fatfs.aem4 : ff.oem4 (.text:get_ldnumber)
                  2000c66c    00000040     rtsv7M4_T_le_eabi.lib : u_divt2.obj (.text)
                  2000c6ac    00000040     sysbios.aem4 : BIOS.obj (.text:ti_sysbios_family_arm_m3_Timer_periodicStub__I)
                  2000c6ec    00000040                  : BIOS.obj (.text:ti_sysbios_knl_Swi_restore__E)
                  2000c72c    0000003e     drivers_cc32xxware.aem4 : I2SCC3200DMA.oem4 (.text:I2SCC3200DMA_readReclaim)
                  2000c76a    0000003e                             : I2SCC3200DMA.oem4 (.text:I2SCC3200DMA_writeReclaim)
                  2000c7a8    0000003e     sysbios.aem4 : BIOS.obj (.text:ti_sysbios_knl_Clock_addI__E)
                  2000c7e6    0000003e                  : BIOS.obj (.text:ti_sysbios_knl_Semaphore_pendTimeout__I)
                  2000c824    0000003c     driverlib.a : prcm.obj (.text:PRCMPeripheralClkEnable)
                  2000c860    0000003c                 : prcm.obj (.text:PRCMSlowClkCtrFastGet)
                  2000c89c    0000003c                 : pin.obj (.text:PinDirModeSet)
                  2000c8d8    0000003c     sysbios.aem4 : BIOS.obj (.text:ti_sysbios_family_arm_m3_Hwi_excNoIsr__I)
                  2000c914    0000003c                  : BIOS.obj (.text:ti_sysbios_family_arm_m3_Hwi_setPriority__E)
                  2000c950    0000003c                  : BIOS.obj (.text:ti_sysbios_knl_Task_processVitalTaskFlag__I)
                  2000c98c    0000003c     driverlib.a : udma.obj (.text:uDMAChannelControlSet)
                  2000c9c8    0000003a     sysbios.aem4 : BIOS.obj (.text:ti_sysbios_knl_Queue_put__E)
                  2000ca02    00000002     --HOLE-- [fill = 0]
                  2000ca04    00000038     drivers_cc32xxware.aem4 : I2C.oem4 (.text:I2C_init)
                  2000ca3c    00000038     driverlib.a : i2s.obj (.text:I2SIntClear)
                  2000ca74    00000038     drivers_cc32xxware.aem4 : I2S.oem4 (.text:I2S_init)
                  2000caac    00000038     driverlib.a : prcm.obj (.text:PRCMIntEnable)
                  2000cae4    00000038     drivers_cc32xxware.aem4 : PWM.oem4 (.text:PWM_init)
                  2000cb1c    00000038     power_cc3200_tirtos.aem4 : PowerCC3200_tirtos.oem4 (.text:PowerCC3200_initPolicy)
                  2000cb54    00000038     drivers_cc32xxware.aem4 : SDSPI.oem4 (.text:SDSPI_init)
                  2000cb8c    00000038                             : SPI.oem4 (.text:SPI_init)
                  2000cbc4    00000038                             : UART.oem4 (.text:UART_init)
                  2000cbfc    00000038                             : Watchdog.oem4 (.text:Watchdog_init)
                  2000cc34    00000038                             : WiFi.oem4 (.text:WiFi_init)
                  2000cc6c    00000038                             : SPICC3200DMA.oem4 (.text:spiPollingTransfer16)
                  2000cca4    00000038                             : SPICC3200DMA.oem4 (.text:spiPollingTransfer8)
                  2000ccdc    00000038     sysbios.aem4 : BIOS.obj (.text:ti_sysbios_family_arm_m3_Hwi_clearInterrupt__E)
                  2000cd14    00000038                  : BIOS.obj (.text:ti_sysbios_family_arm_m3_Hwi_excNmi__I)
                  2000cd4c    00000038     ti.targets.arm.rtsarm.aem4 : SysMin.oem4 (.text:xdc_runtime_SysMin_putch__E)
                  2000cd84    00000038                                : System.oem4 (.text:xdc_runtime_System_atexit__E)
                  2000cdbc    00000036     driverlib.a : gpio.obj (.text:GPIODirModeSet)
                  2000cdf2    00000036                 : timer.obj (.text:TimerControlLevel)
                  2000ce28    00000036     drivers_cc32xxware.aem4 : UARTCC3200.oem4 (.text:UARTCC3200_readCancel)
                  2000ce5e    00000036     ti.mw.fatfs.aem4 : ff.oem4 (.text:move_window)
                  2000ce94    00000034     driverlib.a : prcm.obj (.text:PRCMPeripheralStatusGet)
                  2000cec8    00000034                 : prcm.obj (.text:PRCMSRAMRetentionEnable)
                  2000cefc    00000034     drivers_cc32xxware.aem4 : PowerCC3200.oem4 (.text:Power_releaseDependency)
                  2000cf30    00000034     driverlib.a : spi.obj (.text:SPIFIFOLevelSet)
                  2000cf64    00000034     power_cc3200_tirtos.aem4 : PowerCC3200_tirtos.oem4 (.text:getCountsRTC)
                  2000cf98    00000034     drivers_cc32xxware.aem4 : PWMTimerCC3200.oem4 (.text:getPowerMgrId)
                  2000cfcc    00000034                             : PowerCC3200.oem4 (.text:restorePeriphClocks)
                  2000d000    00000034     sysbios.aem4 : BIOS.obj (.text:ti_sysbios_family_arm_m3_Hwi_excHandler__I)
                  2000d034    00000034     startproject_pem4.oem4 (.text:ti_sysbios_knl_Clock_construct)
                  2000d068    00000034     sysbios.aem4 : BIOS.obj (.text:ti_sysbios_knl_Queue_get__E)
                  2000d09c    00000034     ti.targets.arm.rtsarm.aem4 : Core-label.oem4 (.text:xdc_runtime_Core_assignLabel__I)
                  2000d0d0    00000033                                : Text.oem4 (.text:xdc_runtime_Text_printVisFxn__I)
                  2000d103    00000001     --HOLE-- [fill = 0]
                  2000d104    00000032     drivers_cc32xxware.aem4 : SPICC3200DMA.oem4 (.text:spiPollingTransfer32)
                  2000d136    00000032     sysbios.aem4 : BIOS.obj (.text:ti_sysbios_gates_GateMutex_enter__E)
                  2000d168    00000030     drivers_cc32xxware.aem4 : GPIOCC3200.oem4 (.text:GPIO_read)
                  2000d198    00000030     driverlib.a : pin.obj (.text:PinTypeGPIO)
                  2000d1c8    00000030     drivers_cc32xxware.aem4 : PowerCC3200.oem4 (.text:Power_releaseConstraint)
                  2000d1f8    00000030                             : PowerCC3200.oem4 (.text:Power_setConstraint)
                  2000d228    00000030     driverlib.a : uart.obj (.text:UARTDisable)
                  2000d258    00000030     sysbios.aem4 : BIOS.obj (.text:ti_sysbios_family_arm_m3_Timer_Module_startup__E)
                  2000d288    00000030                  : BIOS.obj (.text:ti_sysbios_family_arm_m3_Timer_startup__E)
                  2000d2b8    00000030     startproject_pem4.oem4 (.text:ti_sysbios_gates_GateHwi_Object__create__S)
                  2000d2e8    00000030     startproject_pem4.oem4 (.text:ti_sysbios_gates_GateMutex_Object__create__S)
                  2000d318    00000030     startproject_pem4.oem4 (.text:ti_sysbios_heaps_HeapMem_Object__create__S)
                  2000d348    00000030     sysbios.aem4 : BIOS.obj (.text:ti_sysbios_knl_Idle_run__E)
                  2000d378    00000030     startproject_pem4.oem4 (.text:ti_sysbios_knl_Semaphore_construct)
                  2000d3a8    00000030     ti.targets.arm.rtsarm.aem4 : SysMin.oem4 (.text:xdc_runtime_SysMin_abort__E)
                  2000d3d8    00000030                                : System.oem4 (.text:xdc_runtime_System_processAtExit__E)
                  2000d408    0000002e     drivers_cc32xxware.aem4 : PWMTimerCC3200.oem4 (.text:PWMTimerCC3200_close)
                  2000d436    0000002e     startproject_pem4.oem4 (.text:malloc)
                  2000d464    0000002e     sysbios.aem4 : BIOS.obj (.text:ti_sysbios_hal_Hwi_initStack)
                  2000d492    0000002e                  : BIOS.obj (.text:ti_sysbios_knl_Task_getMode__E)
                  2000d4c0    0000002c     driverlib.a : i2c.obj (.text:I2CMasterErr)
                  2000d4ec    0000002c                 : prcm.obj (.text:PRCMLPDSIntervalSet)
                  2000d518    0000002c                 : prcm.obj (.text:PRCMSysResetCauseGet)
                  2000d544    0000002c     ti.mw.fatfs.aem4 : diskio.oem4 (.text:disk_register)
                  2000d570    0000002c     startproject_pem4.oem4 (.text:ti_sysbios_BIOS_atExitFunc__I)
                  2000d59c    0000002c     sysbios.aem4 : BIOS.obj (.text:ti_sysbios_family_arm_m3_Hwi_getHandle__E)
                  2000d5c8    0000002c                  : BIOS.obj (.text:ti_sysbios_family_arm_m3_Hwi_plug__E)
                  2000d5f4    0000002c                  : BIOS.obj (.text:ti_sysbios_family_arm_m3_Timer_postInit__I)
                  2000d620    0000002c     startproject_pem4.oem4 (.text:ti_sysbios_knl_Clock_doTick__I)
                  2000d64c    0000002c     startproject_pem4.oem4 (.text:ti_sysbios_knl_Queue_construct)
                  2000d678    0000002c     sysbios.aem4 : BIOS.obj (.text:ti_sysbios_knl_Task_restore__E)
                  2000d6a4    0000002c     ti.targets.arm.rtsarm.aem4 : Text.oem4 (.text:xdc_runtime_Text_cordText__E)
                  2000d6d0    0000002a     driverlib.a : i2s.obj (.text:I2SGBLEnable)
                  2000d6fa    0000002a                 : i2s.obj (.text:I2SRxFIFOEnable)
                  2000d724    0000002a                 : i2s.obj (.text:I2STxFIFOEnable)
                  2000d74e    0000002a                 : spi.obj (.text:SPIDataGetNonBlocking)
                  2000d778    0000002a                 : timer.obj (.text:TimerLoadSet)
                  2000d7a2    0000002a                 : timer.obj (.text:TimerMatchSet)
                  2000d7cc    0000002a                 : timer.obj (.text:TimerPrescaleMatchSet)
                  2000d7f6    0000002a                 : timer.obj (.text:TimerPrescaleSet)
                  2000d820    0000002a     sysbios.aem4 : BIOS.obj (.text:ti_sysbios_knl_Queue_enqueue__E)
                  2000d84a    0000002a     ti.targets.arm.rtsarm.aem4 : System.oem4 (.text:xdc_runtime_System_putchar__I)
                  2000d874    00000028     driverlib.a : prcm.obj (.text:PRCMLPDSWakeupSourceEnable)
                  2000d89c    00000028                 : prcm.obj (.text:PRCMPeripheralClkDisable)
                  2000d8c4    00000028     drivers_cc32xxware.aem4 : PowerCC3200.oem4 (.text:Power_registerNotify)
                  2000d8ec    00000028     ti.mw.fatfs.aem4 : diskio.oem4 (.text:disk_unregister)
                  2000d914    00000028     drivers_cc32xxware.aem4 : UARTCC3200.oem4 (.text:releasePowerConstraint)
                  2000d93c    00000028     sysbios.aem4 : BIOS.obj (.text:ti_sysbios_knl_Clock_startI__E)
                  2000d964    00000028     driverlib.a : udma.obj (.text:uDMAChannelIsEnabled)
                  2000d98c    00000026     drivers_cc32xxware.aem4 : List.oem4 (.text:List_put)
                  2000d9b2    00000026     ti.targets.arm.rtsarm.aem4 : System.oem4 (.text:xdc_runtime_System_avprintf__E)
                  2000d9d8    00000024     driverlib.a : prcm.obj (.text:PRCMLPDSWakeUpGPIOSelect)
                  2000d9fc    00000024                 : uart.obj (.text:UARTCharPutNonBlocking)
                  2000da20    00000024                 : uart.obj (.text:UARTEnable)
                  2000da44    00000024     ti.mw.fatfs.aem4 : diskio.oem4 (.text:disk_read)
                  2000da68    00000024     startproject_pem4.oem4 (.text:ti_sysbios_BIOS_registerRTSLock__I)
                  2000da8c    00000024     startproject_pem4.oem4 (.text:ti_sysbios_BIOS_removeRTSLock__I)
                  2000dab0    00000024     sysbios.aem4 : BIOS.obj (.text:ti_sysbios_BIOS_setThreadType__E)
                  2000dad4    00000024                  : BIOS.obj (.text:ti_sysbios_gates_GateMutex_Instance_init__E)
                  2000daf8    00000024     startproject_pem4.oem4 (.text:ti_sysbios_gates_GateMutex_Object__delete__S)
                  2000db1c    00000024     sysbios.aem4 : BIOS.obj (.text:ti_sysbios_heaps_HeapMem_restore__E)
                  2000db40    00000024                  : BIOS.obj (.text:ti_sysbios_knl_Clock_Module_startup__E)
                  2000db64    00000024                  : BIOS.obj (.text:ti_sysbios_knl_Queue_dequeue__E)
                  2000db88    00000024     ti.targets.arm.rtsarm.aem4 : System.oem4 (.text:xdc_runtime_System_vprintf__E)
                  2000dbac    00000022     driverlib.a : gpio.obj (.text:GPIOIntStatus)
                  2000dbce    00000022                 : i2c.obj (.text:I2CMasterSlaveAddrSet)
                  2000dbf0    00000022     drivers_cc32xxware.aem4 : List.oem4 (.text:List_get)
                  2000dc12    00000022     driverlib.a : spi.obj (.text:SPIReset)
                  2000dc34    00000022                 : spi.obj (.text:SPIWordCountSet)
                  2000dc56    00000022     sysbios.aem4 : BIOS.obj (.text:ti_sysbios_family_arm_m3_Timer_getFreq__E)
                  2000dc78    00000022     startproject_pem4.oem4 (.text:xdc_runtime_SysMin_output__I)
                  2000dc9a    00000020     driverlib.a : gpio.obj (.text:GPIOPinWrite)
                  2000dcba    00000002     --HOLE-- [fill = 0]
                  2000dcbc    00000020                 : prcm.obj (.text:PRCMLPDSRestoreInfoSet)
                  2000dcdc    00000020     drivers_cc32xxware.aem4 : PowerCC3200.oem4 (.text:Power_idleFunc)
                  2000dcfc    00000020                             : PowerCC3200.oem4 (.text:Power_unregisterNotify)
                  2000dd1c    00000020     driverlib.a : spi.obj (.text:SPIDataGet)
                  2000dd3c    00000020     ti.mw.fatfs.aem4 : diskio.oem4 (.text:disk_write)
                  2000dd5c    00000020     drivers_cc32xxware.aem4 : SPICC3200DMA.oem4 (.text:getPowerMgrId)
                  2000dd7c    00000020                             : UARTCC3200.oem4 (.text:getPowerMgrId)
                  2000dd9c    00000020     startproject_pem4.oem4 (.text:ti_sysbios_BIOS_rtsLock__I)
                  2000ddbc    00000020     startproject_pem4.oem4 (.text:ti_sysbios_BIOS_startFunc__I)
                  2000dddc    00000020     sysbios.aem4 : m3_Hwi_asm.obj (.text:ti_sysbios_family_arm_m3_Hwi_excHandlerAsm__I)
                  2000ddfc    00000020                  : BIOS.obj (.text:ti_sysbios_family_arm_m3_Timer_stop__E)
                  2000de1c    00000020     startproject_pem4.oem4 (.text:ti_sysbios_gates_GateHwi_Object__delete__S)
                  2000de3c    00000020     sysbios.aem4 : BIOS.obj (.text:ti_sysbios_gates_GateMutex_leave__E)
                  2000de5c    00000020     startproject_pem4.oem4 (.text:ti_sysbios_heaps_HeapMem_Object__delete__S)
                  2000de7c    00000020     startproject_pem4.oem4 (.text:ti_sysbios_knl_Clock_Object__destruct__S)
                  2000de9c    00000020     startproject_pem4.oem4 (.text:ti_sysbios_knl_Mailbox_Object__delete__S)
                  2000debc    00000020     startproject_pem4.oem4 (.text:ti_sysbios_knl_Semaphore_Object__destruct__S)
                  2000dedc    00000020     startproject_pem4.oem4 (.text:ti_sysbios_knl_Task_Object__delete__S)
                  2000defc    00000020     sysbios.aem4 : BIOS.obj (.text:ti_sysbios_knl_Task_enter__I)
                  2000df1c    00000020                  : BIOS.obj (.text:ti_sysbios_knl_Task_restoreHwi__E)
                  2000df3c    00000020                  : BIOS.obj (.text:ti_sysbios_knl_Task_unblock__E)
                  2000df5c    00000020     ti.targets.arm.rtsarm.aem4 : Registry.oem4 (.text:xdc_runtime_Registry_findById__E)
                  2000df7c    00000020                                : SysMin.oem4 (.text:xdc_runtime_SysMin_Module_startup__E)
                  2000df9c    0000001e     driverlib.a : spi.obj (.text:SPIDataPut)
                  2000dfba    0000001e                 : timer.obj (.text:TimerDisable)
                  2000dfd8    0000001e                 : timer.obj (.text:TimerEnable)
                  2000dff6    0000001e                 : uart.obj (.text:UARTCharPut)
                  2000e014    0000001e                 : uart.obj (.text:UARTIntStatus)
                  2000e032    0000001e     drivers_wifi_cc32xxware.aem4 : WiFiCC3200.oem4 (.text:WiFiCC3200_close)
                  2000e050    0000001e     rtsv7M4_T_le_eabi.lib : ll_lsr_t2.obj (.text)
                  2000e06e    0000001e     startproject_pem4.oem4 (.text:ti_sysbios_BIOS_errorRaiseHook__I)
                  2000e08c    0000001e     sysbios.aem4 : m3_Hwi_asm_switch.obj (.text:ti_sysbios_family_xxx_Hwi_switchAndRunFunc)
                  2000e0aa    0000001e                  : BIOS.obj (.text:ti_sysbios_knl_Clock_Instance_finalize__E)
                  2000e0c8    0000001e                  : BIOS.obj (.text:ti_sysbios_knl_Clock_start__E)
                  2000e0e6    0000001e                  : BIOS.obj (.text:ti_sysbios_knl_Queue_remove__E)
                  2000e104    0000001c     drivers_cc32xxware.aem4 : SPICC3200DMA.oem4 (.text:SPICC3200DMA_init)
                  2000e120    0000001c     driverlib.a : uart.obj (.text:UARTCharGetNonBlocking)
                  2000e13c    0000001c                 : uart.obj (.text:UARTFlowControlSet)
                  2000e158    0000001c     drivers_cc32xxware.aem4 : WatchdogCC3200.oem4 (.text:WatchdogCC3200_setReload)
                  2000e174    0000001c     ti.mw.fatfs.aem4 : diskio.oem4 (.text:disk_initialize)
                  2000e190    0000001c                      : diskio.oem4 (.text:disk_status)
                  2000e1ac    0000001c     sysbios.aem4 : BIOS.obj (.text:ti_sysbios_BIOS_getCpuFreq__E)
                  2000e1c8    0000001c     startproject_pem4.oem4 (.text:ti_sysbios_family_arm_m3_Hwi_Object__destruct__S)
                  2000e1e4    0000001c     sysbios.aem4 : BIOS.obj (.text:ti_sysbios_knl_Clock_tickReconfig__E)
                  2000e200    0000001c     startproject_pem4.oem4 (.text:ti_sysbios_knl_Queue_Object__destruct__S)
                  2000e21c    0000001c     sysbios.aem4 : BIOS.obj (.text:ti_sysbios_knl_Swi_disable__E)
                  2000e238    0000001c                  : BIOS.obj (.text:ti_sysbios_knl_Task_disable__E)
                  2000e254    0000001c     driverlib.a : udma.obj (.text:uDMAChannelEnable)
                  2000e270    0000001c     drivers_wifi_cc32xxware.aem4 : osi_tirtos.oem4 (.text:vSimpleLinkSpawnTask)
                  2000e28c    0000001c     ti.targets.arm.rtsarm.aem4 : Error.oem4 (.text:xdc_runtime_Error_raiseX__E)
                  2000e2a8    0000001c                                : Memory.oem4 (.text:xdc_runtime_Memory_valloc__E)
                  2000e2c4    0000001c                                : SysMin.oem4 (.text:xdc_runtime_SysMin_exit__E)
                  2000e2e0    0000001c                                : System.oem4 (.text:xdc_runtime_System_abort__E)
                  2000e2fc    0000001a     driverlib.a : gpio.obj (.text:GPIOIntEnable)
                  2000e316    0000001a     drivers_cc32xxware.aem4 : List.oem4 (.text:List_remove)
                  2000e330    0000001a     driverlib.a : pin.obj (.text:PinTypeUART)
                  2000e34a    0000001a                 : spi.obj (.text:SPIDmaDisable)
                  2000e364    0000001a                 : spi.obj (.text:SPIDmaEnable)
                  2000e37e    0000001a                 : spi.obj (.text:SPIFIFODisable)
                  2000e398    0000001a                 : spi.obj (.text:SPIFIFOEnable)
                  2000e3b2    0000001a     sysbios.aem4 : m3_Hwi_asm.obj (.text:ti_sysbios_family_arm_m3_Hwi_pendSV__I)
                  2000e3cc    0000001a                  : BIOS.obj (.text:ti_sysbios_knl_Semaphore_Instance_finalize__E)
                  2000e3e6    0000001a     ti.mw.fatfs.aem4 : ff.oem4 (.text:unlock_fs)
                  2000e400    0000001a     startproject_pem4.oem4 (.text:xdc_runtime_System_aprintf__E)
                  2000e41a    0000001a     startproject_pem4.oem4 (.text:xdc_runtime_System_printf__E)
                  2000e434    00000018     driverlib.a : gpio.obj (.text:GPIOPinRead)
                  2000e44c    00000018                 : i2s.obj (.text:I2SDisable)
                  2000e464    00000018                 : spi.obj (.text:SPICSDisable)
                  2000e47c    00000018                 : spi.obj (.text:SPICSEnable)
                  2000e494    00000018                 : spi.obj (.text:SPIDisable)
                  2000e4ac    00000018                 : spi.obj (.text:SPIEnable)
                  2000e4c4    00000018                 : uart.obj (.text:UARTBusy)
                  2000e4dc    00000018                 : uart.obj (.text:UARTFIFOLevelSet)
                  2000e4f4    00000018                 : uart.obj (.text:UARTIntDisable)
                  2000e50c    00000018                 : uart.obj (.text:UARTIntEnable)
                  2000e524    00000018     drivers_wifi_cc32xxware.aem4 : osi_tirtos.oem4 (.text:VDeleteSimpleLinkSpawnTask)
                  2000e53c    00000018     driverlib.a : wdt.obj (.text:WatchdogStallDisable)
                  2000e554    00000018                 : wdt.obj (.text:WatchdogStallEnable)
                  2000e56c    00000018                 : wdt.obj (.text:WatchdogUnlock)
                  2000e584    00000018     drivers_wifi_cc32xxware.aem4 : WiFiCC3200.oem4 (.text:WiFiCC3200_init)
                  2000e59c    00000018     ti.mw.fatfs.aem4 : ffosal.oem4 (.text:ff_cre_syncobj)
                  2000e5b4    00000018     rtsv7M4_T_le_eabi.lib : args_main.obj (.text)
                  2000e5cc    00000018                           : ll_mul_t2.obj (.text)
                  2000e5e4    00000018     startproject_pem4.oem4 (.text:ti_sysbios_BIOS_rtsUnlock__I)
                  2000e5fc    00000018     startproject_pem4.oem4 (.text:ti_sysbios_family_arm_m3_Hwi_Handle__label__S)
                  2000e614    00000018     startproject_pem4.oem4 (.text:ti_sysbios_family_arm_m3_Hwi_Module__startupDone__F)
                  2000e62c    00000018     sysbios.aem4 : BIOS.obj (.text:ti_sysbios_family_arm_m3_Hwi_switchFromBootStack__E)
                  2000e644    00000018     startproject_pem4.oem4 (.text:ti_sysbios_family_arm_m3_Timer_Module__startupDone__F)
                  2000e65c    00000018     startproject_pem4.oem4 (.text:ti_sysbios_gates_GateHwi_Handle__label__S)
                  2000e674    00000018     startproject_pem4.oem4 (.text:ti_sysbios_gates_GateMutex_Handle__label__S)
                  2000e68c    00000018     sysbios.aem4 : BIOS.obj (.text:ti_sysbios_gates_GateMutex_Instance_State_sem$20)
                  2000e6a4    00000018                  : BIOS.obj (.text:ti_sysbios_gates_GateMutex_Instance_finalize__E)
                  2000e6bc    00000018     startproject_pem4.oem4 (.text:ti_sysbios_heaps_HeapMem_Handle__label__S)
                  2000e6d4    00000018     sysbios.aem4 : BIOS.obj (.text:ti_sysbios_knl_Mailbox_Instance_State_dataQue$5)
                  2000e6ec    00000018                  : BIOS.obj (.text:ti_sysbios_knl_Mailbox_Instance_State_dataSem$5)
                  2000e704    00000018                  : BIOS.obj (.text:ti_sysbios_knl_Mailbox_Instance_State_freeQue$5)
                  2000e71c    00000018                  : BIOS.obj (.text:ti_sysbios_knl_Mailbox_Instance_State_freeSem$5)
                  2000e734    00000018                  : BIOS.obj (.text:ti_sysbios_knl_Queue_empty__E)
                  2000e74c    00000018                  : BIOS.obj (.text:ti_sysbios_knl_Semaphore_Instance_State_pendQ$7)
                  2000e764    00000018     startproject_pem4.oem4 (.text:ti_sysbios_knl_Task_Handle__label__S)
                  2000e77c    00000018     ti.targets.arm.rtsarm.aem4 : Error.oem4 (.text:xdc_runtime_Error_check__E)
                  2000e794    00000018                                : System.oem4 (.text:xdc_runtime_System_exit__E)
                  2000e7ac    00000018                                : Text.oem4 (.text:xdc_runtime_Text_ropeText__E)
                  2000e7c4    00000016     tirtosport.aem4 : ClockP_tirtos.oem4 (.text:ClockP_delete)
                  2000e7da    00000016                     : HwiP_tirtos.oem4 (.text:HwiP_delete)
                  2000e7f0    00000016     driverlib.a : i2c.obj (.text:I2CMasterDataPut)
                  2000e806    00000016                 : i2c.obj (.text:I2CMasterDisable)
                  2000e81c    00000016                 : i2c.obj (.text:I2CMasterEnable)
                  2000e832    00000016                 : i2c.obj (.text:I2CMasterIntClear)
                  2000e848    00000016                 : prcm.obj (.text:PRCMHIBRegRead)
                  2000e85e    00000016                 : prcm.obj (.text:PRCMHIBRegWrite)
                  2000e874    00000016     tirtosport.aem4 : SemaphoreP_tirtos.oem4 (.text:SemaphoreP_delete)
                  2000e88a    00000016     driverlib.a : uart.obj (.text:UARTCharGet)
                  2000e8a0    00000016                 : wdt.obj (.text:WatchdogEnable)
                  2000e8b6    00000016     drivers_cc32xxware.aem4 : UARTCC3200.oem4 (.text:startTxFifoEmptyClk)
                  2000e8cc    00000016     startproject_pem4.oem4 (.text:ti_sysbios_BIOS_exitFunc__I)
                  2000e8e2    00000016     sysbios.aem4 : BIOS.obj (.text:ti_sysbios_family_arm_m3_Hwi_Handle_name$16)
                  2000e8f8    00000016                  : BIOS.obj (.text:ti_sysbios_knl_Queue_Instance_init__E)
                  2000e90e    00000016                  : BIOS.obj (.text:ti_sysbios_knl_Semaphore_Params_init$5)
                  2000e924    00000016                  : BIOS.obj (.text:ti_sysbios_knl_Task_Handle_name$16)
                  2000e93a    00000014     driverlib.a : cpu.obj (.text:CPUcpsid)
                  2000e94e    00000014                 : cpu.obj (.text:CPUcpsie)
                  2000e962    00000014                 : gpio.obj (.text:GPIOIntClear)
                  2000e976    00000014                 : pin.obj (.text:PinTypeADC)
                  2000e98a    00000014     ti.mw.fatfs.aem4 : ffosal.oem4 (.text:ff_req_grant)
                  2000e99e    00000002     --HOLE-- [fill = 0]
                  2000e9a0    00000014     drivers_wifi_cc32xxware.aem4 : WiFiCC3200.oem4 (.text:hostDriverInterruptHandler)
                  2000e9b4    00000014     drivers_cc32xxware.aem4 : I2SCC3200DMA.oem4 (.text:readIssueCallback)
                  2000e9c8    00000014     rtsv7M4_T_le_eabi.lib : _lock.obj (.text)
                  2000e9dc    00000014                           : strcpy.obj (.text)
                  2000e9f0    00000014                           : strlen.obj (.text)
                  2000ea04    00000014     sysbios.aem4 : BIOS.obj (.text:ti_sysbios_BIOS_exit__E)
                  2000ea18    00000014     startproject_pem4.oem4 (.text:ti_sysbios_family_arm_m3_Hwi_Object__get__S)
                  2000ea2c    00000014     sysbios.aem4 : BIOS.obj (.text:ti_sysbios_gates_GateHwi_enter__E)
                  2000ea40    00000014                  : BIOS.obj (.text:ti_sysbios_hal_Hwi_Module_startup__E)
                  2000ea54    00000014                  : BIOS.obj (.text:ti_sysbios_hal_Hwi_getStackInfo__E)
                  2000ea68    00000014     startproject_pem4.oem4 (.text:ti_sysbios_heaps_HeapMem_Object__get__S)
                  2000ea7c    00000014     sysbios.aem4 : BIOS.obj (.text:ti_sysbios_knl_Clock_Module_State_clockQ$1)
                  2000ea90    00000014                  : BIOS.obj (.text:ti_sysbios_knl_Clock_setTicks__E)
                  2000eaa4    00000014                  : BIOS.obj (.text:ti_sysbios_knl_Queue_elemClear__E)
                  2000eab8    00000014                  : BIOS.obj (.text:ti_sysbios_knl_Task_Module_State_inactiveQ$10)
                  2000eacc    00000014                  : BIOS.obj (.text:ti_sysbios_knl_Task_Module_State_terminatedQ$10)
                  2000eae0    00000014     startproject_pem4.oem4 (.text:ti_sysbios_knl_Task_Object__first__S)
                  2000eaf4    00000014     startproject_pem4.oem4 (.text:ti_sysbios_knl_Task_Object__next__S)
                  2000eb08    00000014     driverlib.a : udma.obj (.text:uDMAControlBaseSet)
                  2000eb1c    00000014     drivers_cc32xxware.aem4 : I2SCC3200DMA.oem4 (.text:writeIssueCallback)
                  2000eb30    00000012     tirtosport.aem4 : ClockP_tirtos.oem4 (.text:ClockP_start)
                  2000eb42    00000012     driverlib.a : i2c.obj (.text:I2CMasterControl)
                  2000eb54    00000012     drivers_cc32xxware.aem4 : I2SCC3200DMA.oem4 (.text:I2SCC3200DMA_Params_init)
                  2000eb66    00000012                             : RingBuf.oem4 (.text:RingBuf_construct)
                  2000eb78    00000012                             : SDSPICC3200.oem4 (.text:SDSPICC3200_init)
                  2000eb8a    00000012     tirtosport.aem4 : SemaphoreP_tirtos.oem4 (.text:SemaphoreP_pend)
                  2000eb9c    00000012     driverlib.a : uart.obj (.text:UARTIntClear)
                  2000ebae    00000012                 : uart.obj (.text:UARTRxErrorGet)
                  2000ebc0    00000012                 : wdt.obj (.text:WatchdogLock)
                  2000ebd2    00000012                 : wdt.obj (.text:WatchdogReloadSet)
                  2000ebe4    00000012     sysbios.aem4 : BIOS.obj (.text:ti_sysbios_gates_GateHwi_leave__E)
                  2000ebf6    00000012                  : BIOS.obj (.text:ti_sysbios_knl_Clock_setTimeout__E)
                  2000ec08    00000012     startproject_pem4.oem4 (.text:xdc_runtime_Startup_exec__I)
                  2000ec1a    00000010     driverlib.a : i2c.obj (.text:I2CMasterIntDisable)
                  2000ec2a    00000010                 : i2c.obj (.text:I2CMasterIntEnable)
                  2000ec3a    00000002     --HOLE-- [fill = 0]
                  2000ec3c    00000010     drivers_cc32xxware.aem4 : SDSPICC3200.oem4 (.text:SDSPICC3200_diskStatus)
                  2000ec4c    00000010     driverlib.a : uart.obj (.text:UARTRxErrorClear)
                  2000ec5c    00000010                 : wdt.obj (.text:WatchdogIntClear)
                  2000ec6c    00000010     drivers_cc32xxware.aem4 : UARTCC3200.oem4 (.text:readBlockingTimeout)
                  2000ec7c    00000010     sysbios.aem4 : BIOS.obj (.text:ti_sysbios_BIOS_getThreadType__E)
                  2000ec8c    00000010                  : BIOS.obj (.text:ti_sysbios_BIOS_start__E)
                  2000ec9c    00000010                  : BIOS.obj (.text:ti_sysbios_family_arm_m3_Hwi_Object_get$16)
                  2000ecac    00000010                  : BIOS.obj (.text:ti_sysbios_family_arm_m3_Hwi_restoreFxn__E)
                  2000ecbc    00000010                  : m3_TaskSupport_asm.obj (.text:ti_sysbios_family_arm_m3_TaskSupport_glue)
                  2000eccc    00000010                  : m3_TaskSupport_asm.obj (.text:ti_sysbios_family_arm_m3_TaskSupport_swap__E)
                  2000ecdc    00000010                  : BIOS.obj (.text:ti_sysbios_heaps_HeapMem_Object_get$21)
                  2000ecec    00000010                  : BIOS.obj (.text:ti_sysbios_knl_Clock_getTicks__E)
                  2000ecfc    00000010                  : BIOS.obj (.text:ti_sysbios_knl_Clock_stop__E)
                  2000ed0c    00000010                  : BIOS.obj (.text:ti_sysbios_knl_Clock_tickStart__E)
                  2000ed1c    00000010                  : BIOS.obj (.text:ti_sysbios_knl_Clock_tickStop__E)
                  2000ed2c    00000010     startproject_pem4.oem4 (.text:ti_sysbios_knl_Mailbox_Object__get__S)
                  2000ed3c    00000010     sysbios.aem4 : BIOS.obj (.text:ti_sysbios_knl_Mailbox_Object_get$5)
                  2000ed4c    00000010                  : BIOS.obj (.text:ti_sysbios_knl_Queue_Object_get$10)
                  2000ed5c    00000010                  : BIOS.obj (.text:ti_sysbios_knl_Queue_insert__E)
                  2000ed6c    00000010     startproject_pem4.oem4 (.text:ti_sysbios_knl_Task_Object__get__S)
                  2000ed7c    00000010     sysbios.aem4 : BIOS.obj (.text:ti_sysbios_knl_Task_Object_get$10)
                  2000ed8c    00000010     ti.targets.arm.rtsarm.aem4 : Gate.oem4 (.text:xdc_runtime_Gate_leaveSystem__E)
                  2000ed9c    00000010                                : Memory.oem4 (.text:xdc_runtime_Memory_free__E)
                  2000edac    00000010                                : SysMin.oem4 (.text:xdc_runtime_SysMin_ready__E)
                  2000edbc    00000010                                : System.oem4 (.text:xdc_runtime_System_vsnprintf__E)
                  2000edcc    0000000e     tirtosport.aem4 : HwiP_tirtos.oem4 (.text:HwiP_Params_init)
                  2000edda    0000000e     driverlib.a : i2c.obj (.text:I2CMasterDataGet)
                  2000ede8    0000000e     rtsv7M4_T_le_eabi.lib : copy_decompress_none.obj (.text:decompress:none)
                  2000edf6    0000000e     sysbios.aem4 : BIOS.obj (.text:ti_sysbios_family_arm_m3_Hwi_doTaskRestore__I)
                  2000ee04    0000000e                  : BIOS.obj (.text:ti_sysbios_knl_Queue_head__E)
                  2000ee12    0000000e                  : BIOS.obj (.text:ti_sysbios_knl_Queue_next__E)
                  2000ee20    0000000e                  : BIOS.obj (.text:ti_sysbios_knl_Task_getPri__E)
                  2000ee2e    0000000c     driverlib.a : cpu.obj (.text:CPUwfi)
                  2000ee3a    00000002     --HOLE-- [fill = 0]
                  2000ee3c    0000000c     tirtosport.aem4 : ClockP_tirtos.oem4 (.text:ClockP_getSystemTickPeriod)
                  2000ee48    0000000c     drivers_cc32xxware.aem4 : PowerCC3200.oem4 (.text:Power_getConstraintMask)
                  2000ee54    0000000c                             : PowerCC3200.oem4 (.text:Power_getDependencyCount)
                  2000ee60    0000000c                             : RingBuf.oem4 (.text:RingBuf_peek)
                  2000ee6c    0000000c                             : UARTCC3200.oem4 (.text:UARTCC3200_init)
                  2000ee78    0000000c                             : I2CCC3200.oem4 (.text:postNotify)
                  2000ee84    0000000c                             : SPICC3200DMA.oem4 (.text:postNotifyFxn)
                  2000ee90    0000000c                             : UARTCC3200.oem4 (.text:postNotifyFxn)
                  2000ee9c    0000000c     startproject_pem4.oem4 (.text:ti_sysbios_family_arm_m3_Hwi_Params__init__S)
                  2000eea8    0000000c     sysbios.aem4 : BIOS.obj (.text:ti_sysbios_family_arm_m3_Hwi_disableFxn__E)
                  2000eeb4    0000000c                  : BIOS.obj (.text:ti_sysbios_family_arm_m3_TaskSupport_getStackAlignment__E)
                  2000eec0    0000000c                  : BIOS.obj (.text:ti_sysbios_family_arm_m3_Timer_getMaxTicks__E)
                  2000eecc    0000000c                  : BIOS.obj (.text:ti_sysbios_gates_GateHwi_Instance_init__E)
                  2000eed8    0000000c                  : BIOS.obj (.text:ti_sysbios_gates_GateHwi_query__E)
                  2000eee4    0000000c                  : BIOS.obj (.text:ti_sysbios_gates_GateMutex_query__E)
                  2000eef0    0000000c                  : BIOS.obj (.text:ti_sysbios_heaps_HeapMem_isBlocking__E)
                  2000eefc    0000000c     startproject_pem4.oem4 (.text:ti_sysbios_knl_Clock_Params__init__S)
                  2000ef08    0000000c     sysbios.aem4 : BIOS.obj (.text:ti_sysbios_knl_Clock_handle$7)
                  2000ef14    0000000c                  : BIOS.obj (.text:ti_sysbios_knl_Clock_removeI__E)
                  2000ef20    0000000c                  : BIOS.obj (.text:ti_sysbios_knl_Idle_loop__E)
                  2000ef2c    0000000c     startproject_pem4.oem4 (.text:ti_sysbios_knl_Queue_Object__get__S)
                  2000ef38    0000000c     sysbios.aem4 : BIOS.obj (.text:ti_sysbios_knl_Queue_struct$5)
                  2000ef44    0000000c                  : BIOS.obj (.text:ti_sysbios_knl_Queue_struct$7)
                  2000ef50    0000000c     startproject_pem4.oem4 (.text:ti_sysbios_knl_Semaphore_Params__init__S)
                  2000ef5c    0000000c     sysbios.aem4 : BIOS.obj (.text:ti_sysbios_knl_Semaphore_struct$20)
                  2000ef68    0000000c                  : BIOS.obj (.text:ti_sysbios_knl_Semaphore_struct$5)
                  2000ef74    0000000c                  : BIOS.obj (.text:ti_sysbios_knl_Swi_Module_startup__E)
                  2000ef80    0000000c                  : BIOS.obj (.text:ti_sysbios_knl_Task_Object_next$10)
                  2000ef8c    0000000c     startproject_pem4.oem4 (.text:ti_sysbios_knl_Task_Params__init__S)
                  2000ef98    0000000c     sysbios.aem4 : BIOS.obj (.text:ti_sysbios_knl_Task_handle$10)
                  2000efa4    0000000c                  : BIOS.obj (.text:ti_sysbios_knl_Task_self__E)
                  2000efb0    0000000c     driverlib.a : udma.obj (.text:uDMAControlBaseGet)
                  2000efbc    0000000c                 : udma.obj (.text:uDMAEnable)
                  2000efc8    0000000c                 : udma.obj (.text:uDMAErrorStatusClear)
                  2000efd4    0000000c                 : udma.obj (.text:uDMAIntStatus)
                  2000efe0    0000000c     ti.targets.arm.rtsarm.aem4 : Error.oem4 (.text:xdc_runtime_Error_init__E)
                  2000efec    0000000c                                : Gate.oem4 (.text:xdc_runtime_Gate_enterSystem__E)
                  2000eff8    0000000c                                : Memory.oem4 (.text:xdc_runtime_Memory_calloc__E)
                  2000f004    0000000c                                : Memory.oem4 (.text:xdc_runtime_Memory_getMaxDefaultTypeAlign__E)
                  2000f010    0000000c     sysbios.aem4 : BIOS.obj (.text:xdc_uargToPtr$10)
                  2000f01c    0000000c                  : BIOS.obj (.text:xdc_uargToPtr$21)
                  2000f028    0000000c                  : BIOS.obj (.text:xdc_uargToPtr$7)
                  2000f034    0000000a     tirtosport.aem4 : ClockP_tirtos.oem4 (.text:ClockP_stop)
                  2000f03e    0000000a     drivers_cc32xxware.aem4 : I2CCC3200.oem4 (.text:I2CCC3200_init)
                  2000f048    0000000a                             : List.oem4 (.text:List_empty)
                  2000f052    0000000a                             : PWMTimerCC3200.oem4 (.text:PWMTimerCC3200_getPeriodCounts)
                  2000f05c    0000000a     tirtosport.aem4 : SemaphoreP_tirtos.oem4 (.text:SemaphoreP_post)
                  2000f066    0000000a     drivers_cc32xxware.aem4 : WiFi.oem4 (.text:WiFi_close)
                  2000f070    0000000a     ti.mw.fatfs.aem4 : ffosal.oem4 (.text:ff_del_syncobj)
                  2000f07a    0000000a     sysbios.aem4 : BIOS.obj (.text:ti_sysbios_knl_Task_startup__E)
                  2000f084    0000000a     startproject_pem4.oem4 (.text:xdc_runtime_IHeap_alloc)
                  2000f08e    0000000a     startproject_pem4.oem4 (.text:xdc_runtime_IHeap_free)
                  2000f098    00000008     tirtosport.aem4 : ClockP_tirtos.oem4 (.text:ClockP_Params_init)
                  2000f0a0    00000008     drivers_cc32xxware.aem4 : I2CCC3200.oem4 (.text:I2CCC3200_blockingCallback)
                  2000f0a8    00000008                             : I2SCC3200DMA.oem4 (.text:I2SCC3200DMA_init)
                  2000f0b0    00000008                             : List.oem4 (.text:List_clearList)
                  2000f0b8    00000008     driverlib.a : prcm.obj (.text:PRCMSleepEnter)
                  2000f0c0    00000008     drivers_cc32xxware.aem4 : PWMTimerCC3200.oem4 (.text:PWMTimerCC3200_init)
                  2000f0c8    00000008     tirtosport.aem4 : SemaphoreP_tirtos.oem4 (.text:SemaphoreP_Params_init)
                  2000f0d0    00000008     drivers_cc32xxware.aem4 : WatchdogCC3200.oem4 (.text:WatchdogCC3200_clear)
                  2000f0d8    00000008                             : WatchdogCC3200.oem4 (.text:WatchdogCC3200_init)
                  2000f0e0    00000008                             : UARTCC3200.oem4 (.text:readSemCallback)
                  2000f0e8    00000008     sysbios.aem4 : BIOS.obj (.text:ti_sysbios_family_arm_m3_Hwi_doSwiRestore__I)
                  2000f0f0    00000008                  : BIOS.obj (.text:ti_sysbios_family_arm_m3_Hwi_startup__E)
                  2000f0f8    00000008                  : BIOS.obj (.text:ti_sysbios_hal_Hwi_startup__E)
                  2000f100    00000008                  : BIOS.obj (.text:ti_sysbios_hal_Hwi_switchFromBootStack__E)
                  2000f108    00000008                  : BIOS.obj (.text:ti_sysbios_knl_Clock_getTicksUntilTimeout__E)
                  2000f110    00000008                  : BIOS.obj (.text:ti_sysbios_knl_Task_Object_first$10)
                  2000f118    00000008     drivers_cc32xxware.aem4 : SPICC3200DMA.oem4 (.text:transferCallback)
                  2000f120    00000008                             : UARTCC3200.oem4 (.text:writeSemCallback)
                  2000f128    00000008     startproject_pem4.oem4 (.text:xdc_runtime_Text_visitRope__I)
                  2000f130    00000006     drivers_cc32xxware.aem4 : I2CCC3200.oem4 (.text:I2CCC3200_control)
                  2000f136    00000006                             : PWMTimerCC3200.oem4 (.text:PWMTimerCC3200_getPeriodMicroSecs)
                  2000f13c    00000006                             : SDSPICC3200.oem4 (.text:SDSPICC3200_control)
                  2000f142    00000006                             : SPICC3200DMA.oem4 (.text:SPICC3200DMA_control)
                  2000f148    00000006     driverlib.a : utils.obj (.text:UtilsDelay)
                  2000f14e    00000006     drivers_cc32xxware.aem4 : WatchdogCC3200.oem4 (.text:WatchdogCC3200_control)
                  2000f154    00000006     drivers_wifi_cc32xxware.aem4 : WiFiCC3200.oem4 (.text:WiFiCC3200_control)
                  2000f15a    00000006     rtsv7M4_T_le_eabi.lib : copy_decompress_rle.obj (.text:decompress:rle24)
                  2000f160    00000006     ti.mw.fatfs.aem4 : ff.oem4 (.text:lock_fs)
                  2000f166    00000006     ti.targets.arm.rtsarm.aem4 : System.oem4 (.text:xdc_runtime_System_Module_startup__E)
                  2000f16c    00000004     tirtosport.aem4 : ClockP_tirtos.oem4 (.text:ClockP_getCpuFreq)
                  2000f170    00000004                     : HwiP_tirtos.oem4 (.text:HwiP_clearInterrupt)
                  2000f174    00000004                     : HwiP_tirtos.oem4 (.text:HwiP_disable)
                  2000f178    00000004                     : HwiP_tirtos.oem4 (.text:HwiP_disableInterrupt)
                  2000f17c    00000004                     : HwiP_tirtos.oem4 (.text:HwiP_enableInterrupt)
                  2000f180    00000004     drivers_cc32xxware.aem4 : List.oem4 (.text:List_head)
                  2000f184    00000004                             : List.oem4 (.text:List_next)
                  2000f188    00000004     ti.mw.fatfs.aem4 : ffosal.oem4 (.text:ff_rel_grant)
                  2000f18c    00000004     startproject_pem4.oem4 (.text:ti_sysbios_BIOS_RtsGateProxy_enter__E)
                  2000f190    00000004     startproject_pem4.oem4 (.text:ti_sysbios_BIOS_RtsGateProxy_leave__E)
                  2000f194    00000004     startproject_pem4.oem4 (.text:ti_sysbios_family_arm_m3_Hwi_destruct)
                  2000f198    00000004     startproject_pem4.oem4 (.text:ti_sysbios_family_arm_m3_TaskSupport_Module__startupDone__S)
                  2000f19c    00000004     startproject_pem4.oem4 (.text:ti_sysbios_heaps_HeapMem_Module_GateProxy_enter__E)
                  2000f1a0    00000004     startproject_pem4.oem4 (.text:ti_sysbios_heaps_HeapMem_Module_GateProxy_leave__E)
                  2000f1a4    00000004     startproject_pem4.oem4 (.text:ti_sysbios_knl_Clock_TimerProxy_getMaxTicks__E)
                  2000f1a8    00000004     startproject_pem4.oem4 (.text:ti_sysbios_knl_Clock_TimerProxy_setPeriodMicroSecs__E)
                  2000f1ac    00000004     startproject_pem4.oem4 (.text:ti_sysbios_knl_Clock_TimerProxy_start__E)
                  2000f1b0    00000004     startproject_pem4.oem4 (.text:ti_sysbios_knl_Clock_TimerProxy_stop__E)
                  2000f1b4    00000004     startproject_pem4.oem4 (.text:ti_sysbios_knl_Clock_destruct)
                  2000f1b8    00000004     startproject_pem4.oem4 (.text:ti_sysbios_knl_Mailbox_delete)
                  2000f1bc    00000004     startproject_pem4.oem4 (.text:ti_sysbios_knl_Queue_destruct)
                  2000f1c0    00000004     startproject_pem4.oem4 (.text:ti_sysbios_knl_Semaphore_destruct)
                  2000f1c4    00000004     startproject_pem4.oem4 (.text:ti_sysbios_knl_Task_delete)
                  2000f1c8    00000004     ti.targets.arm.rtsarm.aem4 : Error.oem4 (.text:xdc_runtime_Error_getSite__E)
                  2000f1cc    00000004     startproject_pem4.oem4 (.text:xdc_runtime_System_Module_GateProxy_enter__E)
                  2000f1d0    00000004     startproject_pem4.oem4 (.text:xdc_runtime_System_Module_GateProxy_leave__E)
                  2000f1d4    00000004     ti.targets.arm.rtsarm.aem4 : System.oem4 (.text:xdc_runtime_System_aprintf_va__F)
                  2000f1d8    00000004                                : System.oem4 (.text:xdc_runtime_System_printf_va__F)

.bss       0    2000f400    00002957     UNINITIALIZED
                  2000f400    00001000     (.common:ti_sysbios_heaps_HeapMem_Instance_State_0_buf__A)
                  20010400    00000800     startproject_pem4.oem4 (.bss:taskStackSection)
                  20010c00    00000400     CC3200_LAUNCHXL.obj (.bss:dmaControlTable)
                  20011000    0000030c     (.common:ti_sysbios_family_arm_m3_Hwi_dispatchTable)
                  2001130c    00000240     (.common:sdspiCC3200Objects)
                  2001154c    00000200     (.common:xdc_runtime_SysMin_Module_State_0_outbuf__A)
                  2001174c    0000012c     drivers_cc32xxware.aem4 : PowerCC3200.oem4 (.bss:PowerCC3200_contextSave)
                  20011878    00000120     rtsv7M4_T_le_eabi.lib : trgmsg.obj (.bss:_CIOBUF_)
                  20011998    00000108     (.common:uartCC3200Objects)
                  20011aa0    00000078     (.common:SPICC3200DMAObjects)
                  20011b18    00000058     (.common:i2sCC3200Objects)
                  20011b70    00000050     (.common:i2cCC3200Objects)
                  20011bc0    00000040     drivers_cc32xxware.aem4 : I2SCC3200DMA.oem4 (.bss:I2SCC3200DMA_zeroBuffer)
                  20011c00    00000040     (.common:uartCC3200RingBuffer)
                  20011c40    00000030     (.common:wiFiCC3200Objects)
                  20011c70    00000020     (.common:I2SCC3200DMA_emptyBuffer)
                  20011c90    00000020     (.common:gpioCallbackInfo)
                  20011cb0    00000020     (.common:pwmTimerCC3200Objects)
                  20011cd0    00000014     (.common:I2SCC3200DMA_emptyBufDesc)
                  20011ce4    00000014     (.common:I2SCC3200DMA_zeroBufDesc)
                  20011cf8    00000014     (.common:powerNotifyObj)
                  20011d0c    00000010     (.common:FatFs)
                  20011d1c    00000010     (.common:sdspiHandles)
                  20011d2c    00000008     rtsv7M4_T_le_eabi.lib : trgdrv.obj (.bss:parmbuf)
                  20011d34    00000004     (.common:SimpleLinkSpawnTaskHndl)
                  20011d38    00000008     (.common:firstRTC$1)
                  20011d40    00000008     (.common:spiCC3200DMAscratchBuf)
                  20011d48    00000004     (.common:firstTick$2)
                  20011d4c    00000004     (.common:simpleLink_mailbox)
                  20011d50    00000004     (.common:watchdogCC3200Objects)
                  20011d54    00000002     (.common:Fsid)
                  20011d56    00000001     (.common:powerConstraint)

.const     0    20011d58    00000aa2     
                  20011d58    00000100     driverlib.a : pin.obj (.const:g_ulPinToPadMap)
                  20011e58    000000a8                 : prcm.obj (.const:PRCM_PeriphRegsList)
                  20011f00    00000068     CC3200_LAUNCHXL.obj (.const:spiCC3200DMAHWAttrs)
                  20011f68    00000060     drivers_cc32xxware.aem4 : SPICC3200DMA.oem4 (.const)
                  20011fc8    0000004c                             : UARTCC3200.oem4 (.const)
                  20012014    00000048     startproject_pem4.oem4 (.const:.string)
                  2001205c    0000003c     startproject_pem4.oem4 (.const:ti_sysbios_knl_Task_Object__PARAMS__C)
                  20012098    00000038     drivers_cc32xxware.aem4 : I2SCC3200DMA.oem4 (.const)
                  200120d0    00000034                             : GPIOCC3200.oem4 (.const)
                  20012104    00000034     startproject_pem4.oem4 (.const:ti_sysbios_knl_Mailbox_Object__PARAMS__C)
                  20012138    00000030     startproject_pem4.oem4 (.const:ti_sysbios_family_arm_m3_Hwi_Object__PARAMS__C)
                  20012168    00000030     CC3200_LAUNCHXL.obj (.const:uartCC3200HWAttrs)
                  20012198    0000002a     drivers_cc32xxware.aem4 : GPIOCC3200.oem4 (.const:.string)
                  200121c2    00000002     startproject_pem4.oem4 (.const:ti_sysbios_family_arm_m3_Hwi_Module__id__C)
                  200121c4    00000028     CC3200_LAUNCHXL.obj (.const:PowerCC3200_config)
                  200121ec    00000028     drivers_cc32xxware.aem4 : UARTCC3200.oem4 (.const:UARTCC3200_fxnTable)
                  20012214    00000028     startproject_pem4.oem4 (.const:ti_sysbios_heaps_HeapMem_Module__FXNS__C)
                  2001223c    00000024     CC3200_LAUNCHXL.obj (.const:PWM_config)
                  20012260    00000024     CC3200_LAUNCHXL.obj (.const:SPI_config)
                  20012284    00000024     CC3200_LAUNCHXL.obj (.const:UART_config)
                  200122a8    00000024     CC3200_LAUNCHXL.obj (.const:sdspiCC3200HWattrs)
                  200122cc    00000024     startproject_pem4.oem4 (.const:ti_sysbios_gates_GateHwi_Module__FXNS__C)
                  200122f0    00000024     startproject_pem4.oem4 (.const:ti_sysbios_gates_GateMutex_Module__FXNS__C)
                  20012314    00000024     startproject_pem4.oem4 (.const:ti_sysbios_heaps_HeapMem_Object__PARAMS__C)
                  20012338    00000024     startproject_pem4.oem4 (.const:ti_sysbios_knl_Clock_Object__PARAMS__C)
                  2001235c    00000024     startproject_pem4.oem4 (.const:ti_sysbios_knl_Semaphore_Object__PARAMS__C)
                  20012380    00000024     startproject_pem4.oem4 (.const:xdc_runtime_Startup_sfxnTab__A)
                  200123a4    00000020     drivers_cc32xxware.aem4 : PWMTimerCC3200.oem4 (.const)
                  200123c4    00000020     startproject_pem4.oem4 (.const:ti_sysbios_family_arm_m3_Hwi_Object__DESC__C)
                  200123e4    00000020     startproject_pem4.oem4 (.const:ti_sysbios_gates_GateHwi_Object__DESC__C)
                  20012404    00000020     startproject_pem4.oem4 (.const:ti_sysbios_gates_GateMutex_Object__DESC__C)
                  20012424    00000020     startproject_pem4.oem4 (.const:ti_sysbios_heaps_HeapMem_Object__DESC__C)
                  20012444    00000020     startproject_pem4.oem4 (.const:ti_sysbios_knl_Clock_Object__DESC__C)
                  20012464    00000020     startproject_pem4.oem4 (.const:ti_sysbios_knl_Mailbox_Object__DESC__C)
                  20012484    00000020     startproject_pem4.oem4 (.const:ti_sysbios_knl_Queue_Object__DESC__C)
                  200124a4    00000020     startproject_pem4.oem4 (.const:ti_sysbios_knl_Semaphore_Object__DESC__C)
                  200124c4    00000020     startproject_pem4.oem4 (.const:ti_sysbios_knl_Task_Object__DESC__C)
                  200124e4    0000001c     drivers_cc32xxware.aem4 : I2CCC3200.oem4 (.const)
                  20012500    00000018     CC3200_LAUNCHXL.obj (.const:I2C_config)
                  20012518    00000018     CC3200_LAUNCHXL.obj (.const:I2S_config)
                  20012530    00000018     CC3200_LAUNCHXL.obj (.const:SDSPI_config)
                  20012548    00000018     CC3200_LAUNCHXL.obj (.const:Watchdog_config)
                  20012560    00000018     CC3200_LAUNCHXL.obj (.const:WiFi_config)
                  20012578    00000018     driverlib.a : spi.obj (.const)
                  20012590    00000018     drivers_cc32xxware.aem4 : WatchdogCC3200.oem4 (.const)
                  200125a8    00000018     startproject_pem4.oem4 (.const:ti_sysbios_gates_GateHwi_Object__PARAMS__C)
                  200125c0    00000018     startproject_pem4.oem4 (.const:ti_sysbios_gates_GateMutex_Object__PARAMS__C)
                  200125d8    00000018     startproject_pem4.oem4 (.const:ti_sysbios_knl_Queue_Object__PARAMS__C)
                  200125f0    00000014     CC3200_LAUNCHXL.obj (.const:GPIOCC3200_config)
                  20012604    00000014     CC3200_LAUNCHXL.obj (.const:i2sCC3200HWAttrs)
                  20012618    00000012     startproject_pem4.oem4 (.const:xdc_runtime_Startup_sfxnRts__A)
                  2001262a    00000002     startproject_pem4.oem4 (.const:ti_sysbios_family_arm_m3_Timer_Module__id__C)
                  2001262c    00000010     drivers_cc32xxware.aem4 : SDSPICC3200.oem4 (.const)
                  2001263c    00000010     drivers_wifi_cc32xxware.aem4 : WiFiCC3200.oem4 (.const)
                  2001264c    00000010     CC3200_LAUNCHXL.obj (.const:pwmTimerCC3200HWAttrs)
                  2001265c    00000010     CC3200_LAUNCHXL.obj (.const:watchdogCC3200HWAttrs)
                  2001266c    0000000c     CC3200_LAUNCHXL.obj (.const:i2cCC3200HWAttrs)
                  20012678    0000000c     startproject_pem4.oem4 (.const:xdc_runtime_Startup_firstFxns__A)
                  20012684    00000008     startproject_pem4.oem4 (.const:ti_sysbios_family_arm_m3_Hwi_excHookFuncs__A)
                  2001268c    00000008     startproject_pem4.oem4 (.const:ti_sysbios_knl_Idle_funcList__A)
                  20012694    00000008     startproject_pem4.oem4 (.const:ti_sysbios_knl_Idle_funcList__C)
                  2001269c    00000008     startproject_pem4.oem4 (.const:xdc_runtime_Startup_firstFxns__C)
[...]
2000f0d9  WatchdogCC3200_init                                        
2000f0e9  ti_sysbios_family_arm_m3_Hwi_doSwiRestore__I               
2000f0f1  ti_sysbios_family_arm_m3_Hwi_startup__E                    
2000f0f1  ti_sysbios_hal_Hwi_HwiProxy_startup__E                     
2000f0f9  ti_sysbios_hal_Hwi_startup__E                              
2000f101  ti_sysbios_hal_Hwi_switchFromBootStack__E                  
2000f109  ti_sysbios_knl_Clock_getTicksUntilTimeout__E               
2000f129  xdc_runtime_Text_visitRope__I                              
2000f131  I2CCC3200_control                                          
2000f137  PWMTimerCC3200_getPeriodMicroSecs                          
2000f13d  SDSPICC3200_control                                        
2000f143  SPICC3200DMA_control                                       
2000f149  UtilsDelay                                                 
2000f14f  WatchdogCC3200_control                                     
2000f155  WiFiCC3200_control                                         
2000f15b  __TI_decompress_rle24                                      
2000f167  xdc_runtime_System_Module_startup__E                       
2000f16d  ClockP_getCpuFreq                                          
2000f171  HwiP_clearInterrupt                                        
2000f175  HwiP_disable                                               
2000f179  HwiP_disableInterrupt                                      
2000f17d  HwiP_enableInterrupt                                       
2000f181  List_head                                                  
2000f185  List_next                                                  
2000f189  ff_rel_grant                                               
2000f18d  ti_sysbios_BIOS_RtsGateProxy_enter__E                      
2000f191  ti_sysbios_BIOS_RtsGateProxy_leave__E                      
2000f195  ti_sysbios_family_arm_m3_Hwi_destruct                      
2000f199  ti_sysbios_family_arm_m3_TaskSupport_Module__startupDone__S
2000f199  ti_sysbios_knl_Task_SupportProxy_Module__startupDone__S    
2000f19d  ti_sysbios_heaps_HeapMem_Module_GateProxy_enter__E         
2000f1a1  ti_sysbios_heaps_HeapMem_Module_GateProxy_leave__E         
2000f1a5  ti_sysbios_knl_Clock_TimerProxy_getMaxTicks__E             
2000f1a9  ti_sysbios_knl_Clock_TimerProxy_setPeriodMicroSecs__E      
2000f1ad  ti_sysbios_knl_Clock_TimerProxy_start__E                   
2000f1b1  ti_sysbios_knl_Clock_TimerProxy_stop__E                    
2000f1b5  ti_sysbios_knl_Clock_destruct                              
2000f1b9  ti_sysbios_knl_Mailbox_delete                              
2000f1bd  ti_sysbios_knl_Queue_destruct                              
2000f1c1  ti_sysbios_knl_Semaphore_destruct                          
2000f1c5  ti_sysbios_knl_Task_delete                                 
2000f1c9  xdc_runtime_Error_getSite__E                               
2000f1cd  xdc_runtime_System_Module_GateProxy_enter__E               
2000f1d1  xdc_runtime_System_Module_GateProxy_leave__E               
2000f1d5  xdc_runtime_System_aprintf_va__F                           
2000f1d9  xdc_runtime_System_printf_va__F                            
2000f400  ti_sysbios_heaps_HeapMem_Instance_State_0_buf__A           
20010400  ti_sysbios_knl_Task_Instance_State_0_stack__A              
20011000  ti_sysbios_family_arm_m3_Hwi_dispatchTable                 
2001130c  sdspiCC3200Objects                                         
2001154c  xdc_runtime_SysMin_Module_State_0_outbuf__A                
2001174c  PowerCC3200_contextSave                                    
20011878  __CIOBUF_                                                  
20011998  uartCC3200Objects                                          
20011aa0  SPICC3200DMAObjects                                        
20011b18  i2sCC3200Objects                                           
20011b70  i2cCC3200Objects                                           
20011bc0  I2SCC3200DMA_zeroBuffer                                    
20011c00  uartCC3200RingBuffer                                       
20011c40  wiFiCC3200Objects                                          
20011c70  I2SCC3200DMA_emptyBuffer                                   
20011cb0  pwmTimerCC3200Objects                                      
20011cd0  I2SCC3200DMA_emptyBufDesc                                  
20011ce4  I2SCC3200DMA_zeroBufDesc                                   
20011d34  SimpleLinkSpawnTaskHndl                                    
20011d40  spiCC3200DMAscratchBuf                                     
20011d4c  simpleLink_mailbox                                         
20011d50  watchdogCC3200Objects                                      
20011f00  spiCC3200DMAHWAttrs                                        
20011f68  SPICC3200DMA_fxnTable                                      
2001205c  ti_sysbios_knl_Task_Object__PARAMS__C                      
20012098  I2SCC3200DMA_fxnTable                                      
200120d0  inPinTypes                                                 
200120d6  outPinTypes                                                
200120de  outPinStrengths                                            
20012104  ti_sysbios_knl_Mailbox_Object__PARAMS__C                   
20012138  ti_sysbios_family_arm_m3_Hwi_Object__PARAMS__C             
20012168  uartCC3200HWAttrs                                          
200121c2  ti_sysbios_family_arm_m3_Hwi_Module__id__C                 
200121c4  PowerCC3200_config                                         
200121ec  UARTCC3200_fxnTable                                        
20012214  ti_sysbios_heaps_HeapMem_Module__FXNS__C                   
2001223c  PWM_config                                                 
20012260  SPI_config                                                 
20012284  UART_config                                                
200122a8  sdspiCC3200HWattrs                                         
200122cc  ti_sysbios_gates_GateHwi_Module__FXNS__C                   
200122f0  ti_sysbios_gates_GateMutex_Module__FXNS__C                 
20012314  ti_sysbios_heaps_HeapMem_Object__PARAMS__C                 
20012338  ti_sysbios_knl_Clock_Object__PARAMS__C                     
2001235c  ti_sysbios_knl_Semaphore_Object__PARAMS__C                 
20012380  xdc_runtime_Startup_sfxnTab__A                             
200123a4  PWMTimerCC3200_fxnTable                                    
200123c0  PWMTimerCC3200_MAX_PRESCALAR_VALUE                         
200123c2  PWMTimerCC3200_MAX_MATCH_VALUE                             
200123c4  ti_sysbios_family_arm_m3_Hwi_Object__DESC__C               
200123e4  ti_sysbios_gates_GateHwi_Object__DESC__C                   
20012404  ti_sysbios_gates_GateMutex_Object__DESC__C                 
20012424  ti_sysbios_heaps_HeapMem_Object__DESC__C                   
20012444  ti_sysbios_knl_Clock_Object__DESC__C                       
20012464  ti_sysbios_knl_Mailbox_Object__DESC__C                     
20012484  ti_sysbios_knl_Queue_Object__DESC__C                       
200124a4  ti_sysbios_knl_Semaphore_Object__DESC__C                   
200124c4  ti_sysbios_knl_Task_Object__DESC__C                        
200124e4  I2CCC3200_fxnTable                                         
20012500  I2C_config                                                 
20012518  I2S_config                                                 
20012530  SDSPI_config                                               
20012548  Watchdog_config                                            
20012560  WiFi_config                                                
20012590  WatchdogCC3200_fxnTable                                    
200125a8  ti_sysbios_gates_GateHwi_Object__PARAMS__C                 
200125c0  ti_sysbios_gates_GateMutex_Object__PARAMS__C               
200125d8  ti_sysbios_knl_Queue_Object__PARAMS__C                     
200125f0  GPIOCC3200_config                                          
20012604  i2sCC3200HWAttrs                                           
20012618  xdc_runtime_Startup_sfxnRts__A                             
2001262a  ti_sysbios_family_arm_m3_Timer_Module__id__C               
2001262c  SDSPICC3200_fxnTable                                       
2001263c  WiFiCC3200_fxnTable                                        
2001264c  pwmTimerCC3200HWAttrs                                      
2001265c  watchdogCC3200HWAttrs                                      
2001266c  i2cCC3200HWAttrs                                           
20012678  xdc_runtime_Startup_firstFxns__A                           
20012684  ti_sysbios_family_arm_m3_Hwi_excHookFuncs__A               
2001268c  ti_sysbios_knl_Idle_funcList__A                            
20012694  ti_sysbios_knl_Idle_funcList__C                            
2001269c  xdc_runtime_Startup_firstFxns__C                           
200126a4  xdc_runtime_Startup_lastFxns__C                            
200126ac  ti_sysbios_family_arm_m3_Hwi_E_NMI__C                      
200126b0  ti_sysbios_family_arm_m3_Hwi_E_alreadyDefined__C           
200126b4  ti_sysbios_family_arm_m3_Hwi_E_busFault__C                 
200126b8  ti_sysbios_family_arm_m3_Hwi_E_debugMon__C                 
200126bc  ti_sysbios_family_arm_m3_Hwi_E_hardFault__C                
200126c0  ti_sysbios_family_arm_m3_Hwi_E_memFault__C                 
200126c4  ti_sysbios_family_arm_m3_Hwi_E_noIsr__C                    
200126c8  ti_sysbios_family_arm_m3_Hwi_E_reserved__C                 
200126cc  ti_sysbios_family_arm_m3_Hwi_E_svCall__C                   
200126d0  ti_sysbios_family_arm_m3_Hwi_E_usageFault__C               
200126d4  ti_sysbios_family_arm_m3_Hwi_NUM_INTERRUPTS__C             
200126d8  ti_sysbios_family_arm_m3_Hwi_Object__count__C              
200126dc  ti_sysbios_family_arm_m3_Hwi_ccr__C                        
200126e0  ti_sysbios_family_arm_m3_Hwi_excHandlerFunc__C             
200126e4  ti_sysbios_family_arm_m3_Hwi_excHookFuncs__C               
200126e8  ti_sysbios_family_arm_m3_Hwi_nullIsrFunc__C                
200126ec  ti_sysbios_family_arm_m3_Hwi_priGroup__C                   
200126f0  ti_sysbios_family_arm_m3_TaskSupport_stackAlignment__C     
200126f4  ti_sysbios_family_arm_m3_Timer_E_cannotSupport__C          
200126f8  ti_sysbios_family_arm_m3_Timer_startupNeeded__C            
200126fc  ti_sysbios_gates_GateMutex_Instance_State_sem__O           
20012700  ti_sysbios_heaps_HeapMem_E_memory__C                       
20012704  ti_sysbios_heaps_HeapMem_Module__gateObj__C                
20012708  ti_sysbios_heaps_HeapMem_Object__count__C                  
2001270c  ti_sysbios_heaps_HeapMem_reqAlign__C                       
20012710  ti_sysbios_knl_Clock_Module_State_clockQ__O                
20012714  ti_sysbios_knl_Clock_tickPeriod__C                         
20012718  ti_sysbios_knl_Mailbox_Instance_State_dataQue__O           
2001271c  ti_sysbios_knl_Mailbox_Instance_State_dataSem__O           
20012720  ti_sysbios_knl_Mailbox_Instance_State_freeQue__O           
20012724  ti_sysbios_knl_Mailbox_Instance_State_freeSem__O           
20012728  ti_sysbios_knl_Mailbox_Object__count__C                    
2001272c  ti_sysbios_knl_Mailbox_maxTypeAlign__C                     
20012730  ti_sysbios_knl_Semaphore_Instance_State_pendQ__O           
20012734  ti_sysbios_knl_Task_E_deleteNotAllowed__C                  
20012738  ti_sysbios_knl_Task_Module_State_inactiveQ__O              
2001273c  ti_sysbios_knl_Task_Module_State_terminatedQ__O            
20012740  ti_sysbios_knl_Task_Object__count__C                       
20012744  ti_sysbios_knl_Task_allBlockedFunc__C                      
20012748  ti_sysbios_knl_Task_defaultStackHeap__C                    
2001274c  ti_sysbios_knl_Task_defaultStackSize__C                    
20012750  ti_sysbios_knl_Task_numConstructedTasks__C                 
20012754  wiFiCC3200HWAttrs                                          
20012758  xdc_runtime_Assert_E_assertFailed__C                       
2001275c  xdc_runtime_Core_A_initializedParams__C                    
20012760  xdc_runtime_Core_Module__diagsEnabled__C                   
20012764  xdc_runtime_Core_Module__diagsIncluded__C                  
20012768  xdc_runtime_Core_Module__diagsMask__C                      
2001276c  xdc_runtime_Error_E_memory__C                              
20012770  xdc_runtime_Error_Module__diagsEnabled__C                  
20012774  xdc_runtime_Error_Module__diagsIncluded__C                 
20012778  xdc_runtime_Error_Module__diagsMask__C                     
2001277c  xdc_runtime_Error_Module__loggerFxn8__C                    
20012780  xdc_runtime_Error_Module__loggerObj__C                     
20012784  xdc_runtime_Error_policyFxn__C                             
20012788  xdc_runtime_Error_raiseHook__C                             
2001278c  xdc_runtime_IGateProvider_Interface__BASE__C               
20012790  xdc_runtime_IHeap_Interface__BASE__C                       
20012794  xdc_runtime_IModule_Interface__BASE__C                     
20012798  xdc_runtime_Log_L_error__C                                 
2001279c  xdc_runtime_Memory_defaultHeapInstance__C                  
200127a0  xdc_runtime_Startup_execImpl__C                            
200127a4  xdc_runtime_Startup_maxPasses__C                           
200127a8  xdc_runtime_Startup_sfxnRts__C                             
200127ac  xdc_runtime_Startup_sfxnTab__C                             
200127b0  xdc_runtime_SysMin_bufSize__C                              
200127b4  xdc_runtime_SysMin_outputFunc__C                           
200127b8  xdc_runtime_System_Module__gateObj__C                      
200127bc  xdc_runtime_System_abortFxn__C                             
200127c0  xdc_runtime_System_exitFxn__C                              
200127c4  xdc_runtime_System_extendFxn__C                            
200127c8  xdc_runtime_System_maxAtexitHandlers__C                    
200127cc  xdc_runtime_Text_charTab__C                                
200127d0  xdc_runtime_Text_nameEmpty__C                              
200127d4  xdc_runtime_Text_nameStatic__C                             
200127d8  xdc_runtime_Text_nameUnknown__C                            
200127dc  xdc_runtime_Text_visitRopeFxn__C                           
200127e0  ti_sysbios_heaps_HeapMem_Module__id__C                     
200127e2  ti_sysbios_knl_Task_Module__id__C                          
200127e4  xdc_runtime_Core_Module__id__C                             
200127e6  xdc_runtime_Error_Module__loggerDefined__C                 
200127e8  xdc_runtime_Error_maxDepth__C                              
200127ea  xdc_runtime_Memory_Module__id__C                           
200127ec  xdc_runtime_SysMin_flushAtExit__C                          
200127ee  xdc_runtime_Text_charCnt__C                                
200127f0  xdc_runtime_Text_isLoaded__C                               
200127f2  xdc_runtime_Text_registryModsLastId__C                     
200127f4  xdc_runtime_Text_unnamedModsLastId__C                      
200127f6  ti_sysbios_knl_Clock_tickMode__C                           
200127f7  ti_sysbios_knl_Clock_tickSource__C                         
200127f8  xdc_runtime_Error_policy__C                                
200127f9  xdc_runtime_Text_charTab__A                                
200127fc  __stack                                                    
20012bfc  PowerCC3200_module                                         
20012bfc  __STACK_END                                                
20012ca0  ti_sysbios_knl_Task_Object__table__V                       
20012cec  ti_sysbios_knl_Task_Module__state__V                       
20012d30  ti_sysbios_gates_GateMutex_Object__table__V                
20012d68  ti_sysbios_family_arm_m3_Hwi_Module__state__V              
20012d9c  ti_sysbios_family_arm_m3_Timer_Object__table__V            
20012dcc  ti_sysbios_knl_Clock_Module__state__V                      
20012df8  ti_sysbios_BIOS_Module__state__V                           
20012e1c  ti_sysbios_knl_Task_Module_State_0_readyQ__A               
20012e3c  ti_sysbios_knl_Swi_Module__state__V                        
20012e58  ti_sysbios_family_arm_m3_Hwi_Object__table__V              
20012e70  ti_sysbios_heaps_HeapMem_Object__table__V                  
20012e88  __TI_cleanup_ptr                                           
20012e8c  __TI_dtors_ptr                                             
20012e90  __TI_enable_exit_profile_output                            
20012e94  gpioPinConfigs                                             
20012ea0  ti_sysbios_family_arm_m3_Timer_Module__state__V            
20012eac  xdc_runtime_SysMin_Module__state__V                        
20012eb8  _lock                                                      
20012ebc  _unlock                                                    
20012ec8  gpioCallbackFunctions                                      
20012ed0  ti_sysbios_family_arm_m3_Hwi_Module__root__V               
20012ed8  ti_sysbios_gates_GateHwi_Module__root__V                   
20012ee0  ti_sysbios_gates_GateMutex_Module__root__V                 
20012ee8  ti_sysbios_heaps_HeapMem_Module__root__V                   
20012ef0  ti_sysbios_knl_Clock_Module__root__V                       
20012ef8  ti_sysbios_knl_Mailbox_Module__root__V                     
20012f00  ti_sysbios_knl_Queue_Module__root__V                       
20012f08  ti_sysbios_knl_Semaphore_Module__root__V                   
20012f10  ti_sysbios_knl_Swi_Module_State_0_readyQ__A                
20012f18  ti_sysbios_knl_Task_Module__root__V                        
20012f20  xdc_runtime_Registry_Module__state__V                      
20012f28  xdc_runtime_Startup_Module__state__V                       
20012f30  xdc_runtime_System_Module_State_0_atexitHandlers__A        
20012f38  xdc_runtime_System_Module__state__V                        
20012f6c  SPAWN_TASK_PRI                                             
20012f70  main_func_sp                                               
20012f74  ti_sysbios_family_arm_m3_Hwi_Module_State_0_excContext__A  
20012f78  ti_sysbios_family_arm_m3_Hwi_Module_State_0_excStack__A    
20012f7c  ti_sysbios_gates_GateHwi_Object__table__V                  
20012f80  ti_sysbios_knl_Task_Module_State_0_idleTask__A             
20012f84  xdc_runtime_Memory_Module__state__V                        
20012f88  ti_sysbios_family_arm_m3_Hwi_Module_State_0_excActive__A   
20012f8a  xdc_runtime_Error_Module__state__V                         
20012f90  __TI_static_base__                                         
200131c4  __TI_Handler_Table_Base                                    
200131cc  __TI_CINIT_Base                                            
200131cc  __TI_Handler_Table_Limit                                   
200131dc  __TI_CINIT_Limit                                           
e000e000  ti_sysbios_family_arm_m3_Hwi_nvic                          
ffffffff  __TI_pprof_out_hndl                                        
ffffffff  __TI_prof_data_size                                        
ffffffff  __TI_prof_data_start                                       
ffffffff  __binit__                                                  
ffffffff  __c_args__                                                 
ffffffff  binit                                                      
UNDEFED   SHT$$INIT_ARRAY$$Base                                      
UNDEFED   SHT$$INIT_ARRAY$$Limit                                     

[889 symbols]
